Component: ARM Compiler 5.06 update 6 (build 750) Tool: armlink [4d35ed]

==============================================================================

Section Cross References

    startup_gd32f30x_hd.o(RESET) refers to startup_gd32f30x_hd.o(STACK) for __initial_sp
    startup_gd32f30x_hd.o(RESET) refers to startup_gd32f30x_hd.o(.text) for Reset_Handler
    startup_gd32f30x_hd.o(RESET) refers to sys_tick.o(i.SysTick_Handler) for SysTick_Handler
    startup_gd32f30x_hd.o(RESET) refers to drv_capture.o(i.TIMER1_IRQHandler) for TIMER1_IRQHandler
    startup_gd32f30x_hd.o(RESET) refers to drv_uart.o(i.USART0_IRQHandler) for USART0_IRQHandler
    startup_gd32f30x_hd.o(.text) refers to system_gd32f30x.o(i.SystemInit) for SystemInit
    startup_gd32f30x_hd.o(.text) refers to entry.o(.ARM.Collect$$$$00000000) for __main
    system_gd32f30x.o(i.SystemCoreClockUpdate) refers to system_gd32f30x.o(.data) for SystemCoreClock
    system_gd32f30x.o(i.SystemInit) refers to system_gd32f30x.o(i.system_clock_config) for system_clock_config
    system_gd32f30x.o(i.system_clock_config) refers to system_gd32f30x.o(i.system_clock_120m_hxtal) for system_clock_120m_hxtal
    delay.o(i.delay_ms) refers to delay.o(i.delay_us) for delay_us
    delay.o(i.delay_us) refers to gd32f30x_rcu.o(i.rcu_clock_freq_get) for rcu_clock_freq_get
    sys_tick.o(i.SysTick_Handler) refers to sys_tick.o(.data) for g_sys_tick_count
    sys_tick.o(i.sys_callback) refers to sys_tick.o(.data) for psys_callback
    sys_tick.o(i.sys_tick_get_runtime) refers to sys_tick.o(.data) for g_sys_tick_count
    sys_tick.o(i.sys_tick_init) refers to gd32f30x_rcu.o(i.rcu_clock_freq_get) for rcu_clock_freq_get
    main.o(i.app_init) refers to app_uart.o(i.app_uart_init) for app_uart_init
    main.o(i.drv_init) refers to drv_led.o(i.drv_led_init) for drv_led_init
    main.o(i.drv_init) refers to drv_key.o(i.drv_key_init) for drv_key_init
    main.o(i.drv_init) refers to drv_uart.o(i.drv_uart_init) for drv_uart_init
    main.o(i.drv_init) refers to drv_pwm.o(i.drv_pwm_init) for drv_pwm_init
    main.o(i.drv_init) refers to drv_capture.o(i.drv_capture_init) for drv_capture_init
    main.o(i.drv_init) refers to drv_rtc.o(i.drv_rtc_init) for drv_rtc_init
    main.o(i.drv_init) refers to drv_dgt.o(i.drv_dgt_init) for drv_dgt_init
    main.o(i.drv_init) refers to drv_adc_dma.o(i.drv_adc_dma_init) for drv_adc_dma_init
    main.o(i.main) refers to task.o(i.task_init) for task_init
    main.o(i.main) refers to main.o(i.sys_init) for sys_init
    main.o(i.main) refers to main.o(i.drv_init) for drv_init
    main.o(i.main) refers to main.o(i.app_init) for app_init
    main.o(i.main) refers to memmovea.o(.text) for __aeabi_memcpy4
    main.o(i.main) refers to qsort.o(.text) for qsort
    main.o(i.main) refers to printfa.o(i.__0printf) for __2printf
    main.o(i.main) refers to task.o(i.task_loop) for task_loop
    main.o(i.main) refers to main.o(.constdata) for .constdata
    main.o(i.main) refers to main.o(i.CmpCb) for CmpCb
    main.o(i.sys_init) refers to delay.o(i.delay_init) for delay_init
    main.o(i.sys_init) refers to sys_tick.o(i.sys_tick_init) for sys_tick_init
    task.o(i.task_init) refers to sys_tick.o(i.sys_callback) for sys_callback
    task.o(i.task_init) refers to task.o(i.task_tick_hook) for task_tick_hook
    task.o(i.task_loop) refers to task.o(.data) for g_task_table
    task.o(i.task_tick_hook) refers to task.o(.data) for g_task_table
    task.o(.data) refers to app_uart.o(i.app_uart_task) for app_uart_task
    task.o(.data) refers to app_key.o(i.app_key_task) for app_key_task
    task.o(.data) refers to app_key.o(i.rtc_task) for rtc_task
    task.o(.data) refers to drv_dgt.o(i.feed_dog) for feed_dog
    task.o(.data) refers to drv_adc_dma.o(i.adcdma_test) for adcdma_test
    app_uart.o(i.app_uart_init) refers to drv_uart.o(i.uart_callback) for uart_callback
    app_uart.o(i.app_uart_init) refers to queue.o(i.QueueInit) for QueueInit
    app_uart.o(i.app_uart_init) refers to app_uart.o(i.pro_uart_data) for pro_uart_data
    app_uart.o(i.app_uart_init) refers to app_uart.o(.bss) for g_rc_buf
    app_uart.o(i.app_uart_task) refers to app_uart.o(i.cal_xor_sum) for cal_xor_sum
    app_uart.o(i.app_uart_task) refers to app_uart.o(i.ctrl_led) for ctrl_led
    app_uart.o(i.app_uart_task) refers to printfa.o(i.__0printf) for __2printf
    app_uart.o(i.app_uart_task) refers to queue.o(i.QueuePop) for QueuePop
    app_uart.o(i.app_uart_task) refers to app_uart.o(.data) for st
    app_uart.o(i.app_uart_task) refers to app_uart.o(.bss) for frame
    app_uart.o(i.app_uart_task2) refers to memmovea.o(.text) for __aeabi_memmove
    app_uart.o(i.app_uart_task2) refers to queue.o(i.QueuePop) for QueuePop
    app_uart.o(i.app_uart_task2) refers to app_uart.o(i.cal_xor_sum) for cal_xor_sum
    app_uart.o(i.app_uart_task2) refers to app_uart.o(i.ctrl_led) for ctrl_led
    app_uart.o(i.app_uart_task2) refers to printfa.o(i.__0printf) for __2printf
[...]
    ..\Driver\drv_adc_dma\drv_adc_dma.c      0x00000000   Number         0  drv_adc_dma.o ABSOLUTE
    ..\Driver\drv_capture\drv_capture.c      0x00000000   Number         0  drv_capture.o ABSOLUTE
    ..\Driver\drv_dgt\drv_dgt.c              0x00000000   Number         0  drv_dgt.o ABSOLUTE
    ..\Driver\drv_key\drv_key.c              0x00000000   Number         0  drv_key.o ABSOLUTE
    ..\Driver\drv_led\drv_led.c              0x00000000   Number         0  drv_led.o ABSOLUTE
    ..\Driver\drv_pwm\drv_pwm.c              0x00000000   Number         0  drv_pwm.o ABSOLUTE
    ..\Driver\drv_rtc\drv_rtc.c              0x00000000   Number         0  drv_rtc.o ABSOLUTE
    ..\Driver\drv_uart\drv_uart.c            0x00000000   Number         0  drv_uart.o ABSOLUTE
    ..\Driver\queue\queue.c                  0x00000000   Number         0  queue.o ABSOLUTE
    ..\Library\Source\gd32f30x_adc.c         0x00000000   Number         0  gd32f30x_adc.o ABSOLUTE
    ..\Library\Source\gd32f30x_bkp.c         0x00000000   Number         0  gd32f30x_bkp.o ABSOLUTE
    ..\Library\Source\gd32f30x_can.c         0x00000000   Number         0  gd32f30x_can.o ABSOLUTE
    ..\Library\Source\gd32f30x_crc.c         0x00000000   Number         0  gd32f30x_crc.o ABSOLUTE
    ..\Library\Source\gd32f30x_ctc.c         0x00000000   Number         0  gd32f30x_ctc.o ABSOLUTE
    ..\Library\Source\gd32f30x_dac.c         0x00000000   Number         0  gd32f30x_dac.o ABSOLUTE
    ..\Library\Source\gd32f30x_dbg.c         0x00000000   Number         0  gd32f30x_dbg.o ABSOLUTE
    ..\Library\Source\gd32f30x_dma.c         0x00000000   Number         0  gd32f30x_dma.o ABSOLUTE
    ..\Library\Source\gd32f30x_enet.c        0x00000000   Number         0  gd32f30x_enet.o ABSOLUTE
    ..\Library\Source\gd32f30x_exmc.c        0x00000000   Number         0  gd32f30x_exmc.o ABSOLUTE
    ..\Library\Source\gd32f30x_exti.c        0x00000000   Number         0  gd32f30x_exti.o ABSOLUTE
    ..\Library\Source\gd32f30x_fmc.c         0x00000000   Number         0  gd32f30x_fmc.o ABSOLUTE
    ..\Library\Source\gd32f30x_fwdgt.c       0x00000000   Number         0  gd32f30x_fwdgt.o ABSOLUTE
    ..\Library\Source\gd32f30x_gpio.c        0x00000000   Number         0  gd32f30x_gpio.o ABSOLUTE
    ..\Library\Source\gd32f30x_i2c.c         0x00000000   Number         0  gd32f30x_i2c.o ABSOLUTE
    ..\Library\Source\gd32f30x_misc.c        0x00000000   Number         0  gd32f30x_misc.o ABSOLUTE
    ..\Library\Source\gd32f30x_pmu.c         0x00000000   Number         0  gd32f30x_pmu.o ABSOLUTE
    ..\Library\Source\gd32f30x_rcu.c         0x00000000   Number         0  gd32f30x_rcu.o ABSOLUTE
    ..\Library\Source\gd32f30x_rtc.c         0x00000000   Number         0  gd32f30x_rtc.o ABSOLUTE
    ..\Library\Source\gd32f30x_sdio.c        0x00000000   Number         0  gd32f30x_sdio.o ABSOLUTE
    ..\Library\Source\gd32f30x_spi.c         0x00000000   Number         0  gd32f30x_spi.o ABSOLUTE
    ..\Library\Source\gd32f30x_timer.c       0x00000000   Number         0  gd32f30x_timer.o ABSOLUTE
    ..\Library\Source\gd32f30x_usart.c       0x00000000   Number         0  gd32f30x_usart.o ABSOLUTE
    ..\Library\Source\gd32f30x_wwdgt.c       0x00000000   Number         0  gd32f30x_wwdgt.o ABSOLUTE
    ..\Startup\startup_gd32f30x_hd.s         0x00000000   Number         0  startup_gd32f30x_hd.o ABSOLUTE
    ..\Startup\system_gd32f30x.c             0x00000000   Number         0  system_gd32f30x.o ABSOLUTE
    ..\Sys\sys_dwt_delay\delay.c             0x00000000   Number         0  delay.o ABSOLUTE
    ..\Sys\sys_tick\sys_tick.c               0x00000000   Number         0  sys_tick.o ABSOLUTE
    ..\User\main.c                           0x00000000   Number         0  main.o ABSOLUTE
    ..\User\task.c                           0x00000000   Number         0  task.o ABSOLUTE
    ..\\App\\app_key\\app_key.c              0x00000000   Number         0  app_key.o ABSOLUTE
    ..\\App\\app_uart\\app_uart.c            0x00000000   Number         0  app_uart.o ABSOLUTE
    ..\\Driver\\drv_adc\\drv_adc.c           0x00000000   Number         0  drv_adc.o ABSOLUTE
    ..\\Driver\\drv_adc_dma\\drv_adc_dma.c   0x00000000   Number         0  drv_adc_dma.o ABSOLUTE
    ..\\Driver\\drv_capture\\drv_capture.c   0x00000000   Number         0  drv_capture.o ABSOLUTE
    ..\\Driver\\drv_dgt\\drv_dgt.c           0x00000000   Number         0  drv_dgt.o ABSOLUTE
    ..\\Driver\\drv_key\\drv_key.c           0x00000000   Number         0  drv_key.o ABSOLUTE
    ..\\Driver\\drv_led\\drv_led.c           0x00000000   Number         0  drv_led.o ABSOLUTE
    ..\\Driver\\drv_pwm\\drv_pwm.c           0x00000000   Number         0  drv_pwm.o ABSOLUTE
    ..\\Driver\\drv_rtc\\drv_rtc.c           0x00000000   Number         0  drv_rtc.o ABSOLUTE
    ..\\Driver\\drv_uart\\drv_uart.c         0x00000000   Number         0  drv_uart.o ABSOLUTE
    ..\\Library\\Source\\gd32f30x_adc.c      0x00000000   Number         0  gd32f30x_adc.o ABSOLUTE
    ..\\Library\\Source\\gd32f30x_bkp.c      0x00000000   Number         0  gd32f30x_bkp.o ABSOLUTE
    ..\\Library\\Source\\gd32f30x_can.c      0x00000000   Number         0  gd32f30x_can.o ABSOLUTE
    ..\\Library\\Source\\gd32f30x_crc.c      0x00000000   Number         0  gd32f30x_crc.o ABSOLUTE
    ..\\Library\\Source\\gd32f30x_ctc.c      0x00000000   Number         0  gd32f30x_ctc.o ABSOLUTE
    ..\\Library\\Source\\gd32f30x_dac.c      0x00000000   Number         0  gd32f30x_dac.o ABSOLUTE
    ..\\Library\\Source\\gd32f30x_dbg.c      0x00000000   Number         0  gd32f30x_dbg.o ABSOLUTE
    ..\\Library\\Source\\gd32f30x_dma.c      0x00000000   Number         0  gd32f30x_dma.o ABSOLUTE
    ..\\Library\\Source\\gd32f30x_enet.c     0x00000000   Number         0  gd32f30x_enet.o ABSOLUTE
    ..\\Library\\Source\\gd32f30x_exmc.c     0x00000000   Number         0  gd32f30x_exmc.o ABSOLUTE
    ..\\Library\\Source\\gd32f30x_exti.c     0x00000000   Number         0  gd32f30x_exti.o ABSOLUTE
    ..\\Library\\Source\\gd32f30x_fmc.c      0x00000000   Number         0  gd32f30x_fmc.o ABSOLUTE
    ..\\Library\\Source\\gd32f30x_fwdgt.c    0x00000000   Number         0  gd32f30x_fwdgt.o ABSOLUTE
    ..\\Library\\Source\\gd32f30x_gpio.c     0x00000000   Number         0  gd32f30x_gpio.o ABSOLUTE
    ..\\Library\\Source\\gd32f30x_i2c.c      0x00000000   Number         0  gd32f30x_i2c.o ABSOLUTE
    ..\\Library\\Source\\gd32f30x_misc.c     0x00000000   Number         0  gd32f30x_misc.o ABSOLUTE
    ..\\Library\\Source\\gd32f30x_pmu.c      0x00000000   Number         0  gd32f30x_pmu.o ABSOLUTE
    ..\\Library\\Source\\gd32f30x_rcu.c      0x00000000   Number         0  gd32f30x_rcu.o ABSOLUTE
    ..\\Library\\Source\\gd32f30x_rtc.c      0x00000000   Number         0  gd32f30x_rtc.o ABSOLUTE
    ..\\Library\\Source\\gd32f30x_sdio.c     0x00000000   Number         0  gd32f30x_sdio.o ABSOLUTE
    ..\\Library\\Source\\gd32f30x_spi.c      0x00000000   Number         0  gd32f30x_spi.o ABSOLUTE
    ..\\Library\\Source\\gd32f30x_timer.c    0x00000000   Number         0  gd32f30x_timer.o ABSOLUTE
    ..\\Library\\Source\\gd32f30x_usart.c    0x00000000   Number         0  gd32f30x_usart.o ABSOLUTE
    ..\\Library\\Source\\gd32f30x_wwdgt.c    0x00000000   Number         0  gd32f30x_wwdgt.o ABSOLUTE
    ..\\Startup\\system_gd32f30x.c           0x00000000   Number         0  system_gd32f30x.o ABSOLUTE
    ..\\Sys\\sys_dwt_delay\\delay.c          0x00000000   Number         0  delay.o ABSOLUTE
    ..\\Sys\\sys_tick\\sys_tick.c            0x00000000   Number         0  sys_tick.o ABSOLUTE
    ..\\User\\main.c                         0x00000000   Number         0  main.o ABSOLUTE
    ..\\User\\task.c                         0x00000000   Number         0  task.o ABSOLUTE
    cdrcmple.s                               0x00000000   Number         0  cdrcmple.o ABSOLUTE
    dc.s                                     0x00000000   Number         0  dc.o ABSOLUTE
    handlers.s                               0x00000000   Number         0  handlers.o ABSOLUTE
    init.s                                   0x00000000   Number         0  init.o ABSOLUTE
    RESET                                    0x08000000   Section      304  startup_gd32f30x_hd.o(RESET)
    .ARM.Collect$$$$00000000                 0x08000130   Section        0  entry.o(.ARM.Collect$$$$00000000)
    .ARM.Collect$$$$00000001                 0x08000130   Section        4  entry2.o(.ARM.Collect$$$$00000001)
    .ARM.Collect$$$$00000004                 0x08000134   Section        4  entry5.o(.ARM.Collect$$$$00000004)
    .ARM.Collect$$$$00000008                 0x08000138   Section        0  entry7b.o(.ARM.Collect$$$$00000008)
    .ARM.Collect$$$$0000000A                 0x08000138   Section        0  entry8b.o(.ARM.Collect$$$$0000000A)
    .ARM.Collect$$$$0000000B                 0x08000138   Section        8  entry9a.o(.ARM.Collect$$$$0000000B)
    .ARM.Collect$$$$0000000D                 0x08000140   Section        0  entry10a.o(.ARM.Collect$$$$0000000D)
    .ARM.Collect$$$$0000000F                 0x08000140   Section        0  entry11a.o(.ARM.Collect$$$$0000000F)
    .ARM.Collect$$$$00002712                 0x08000140   Section        4  entry2.o(.ARM.Collect$$$$00002712)
    __lit__00000000                          0x08000140   Data           4  entry2.o(.ARM.Collect$$$$00002712)
    .text                                    0x08000144   Section       36  startup_gd32f30x_hd.o(.text)
    $v0                                      0x08000144   Number         0  startup_gd32f30x_hd.o(.text)
    .text                                    0x08000168   Section        0  qsort.o(.text)
    .text                                    0x08000204   Section        0  mktime.o(.text)
    .text                                    0x080002ac   Section        0  memmovea.o(.text)
    .text                                    0x080002ec   Section        0  memseta.o(.text)
    .text                                    0x08000310   Section        0  uidiv.o(.text)
    .text                                    0x0800033c   Section        0  uldiv.o(.text)
    .text                                    0x080003a0   Section        0  localtime_w.o(.text)
    .text                                    0x080003ac   Section        0  localtime_i.o(.text)
    .text                                    0x08000438   Section        0  iusefp.o(.text)
    .text                                    0x08000438   Section        0  dadd.o(.text)
    .text                                    0x08000586   Section        0  dmul.o(.text)
    .text                                    0x0800066a   Section        0  ddiv.o(.text)
    .text                                    0x08000748   Section        0  dfixul.o(.text)
    .text                                    0x08000778   Section       48  cdrcmple.o(.text)
    .text                                    0x080007a8   Section       36  init.o(.text)
    .text                                    0x080007cc   Section        0  llshl.o(.text)
    .text                                    0x080007ea   Section        0  llushr.o(.text)
    .text                                    0x0800080a   Section        0  llsshr.o(.text)
    .text                                    0x0800082e   Section        0  depilogue.o(.text)
    i.AdcInit                                0x080008e8   Section        0  drv_adc_dma.o(i.AdcInit)
    AdcInit                                  0x080008e9   Thumb Code   158  drv_adc_dma.o(i.AdcInit)
    i.CmpCb                                  0x0800098c   Section        0  main.o(i.CmpCb)
    i.DmaInit                                0x080009b4   Section        0  drv_adc_dma.o(i.DmaInit)
    DmaInit                                  0x080009b5   Thumb Code   100  drv_adc_dma.o(i.DmaInit)
    i.GPIO_Init                              0x08000a24   Section        0  drv_pwm.o(i.GPIO_Init)
    GPIO_Init                                0x08000a25   Thumb Code    26  drv_pwm.o(i.GPIO_Init)
    i.GPIO_Init                              0x08000a44   Section        0  drv_capture.o(i.GPIO_Init)
    GPIO_Init                                0x08000a45   Thumb Code    24  drv_capture.o(i.GPIO_Init)
    i.GpioInit                               0x08000a60   Section        0  drv_adc_dma.o(i.GpioInit)
    GpioInit                                 0x08000a61   Thumb Code    36  drv_adc_dma.o(i.GpioInit)
    i.QueueInit                              0x08000a88   Section        0  queue.o(i.QueueInit)
    i.QueuePop                               0x08000a94   Section        0  queue.o(i.QueuePop)
    i.QueuePush                              0x08000ac0   Section        0  queue.o(i.QueuePush)
    i.SysTick_Handler                        0x08000ae8   Section        0  sys_tick.o(i.SysTick_Handler)
    i.SystemInit                             0x08000b10   Section        0  system_gd32f30x.o(i.SystemInit)
    i.TIMER1_IRQHandler                      0x08000bb8   Section        0  drv_capture.o(i.TIMER1_IRQHandler)
    i.USART0_IRQHandler                      0x08000c00   Section        0  drv_uart.o(i.USART0_IRQHandler)
    i.__0printf                              0x08000c40   Section        0  printfa.o(i.__0printf)
    i.__scatterload_copy                     0x08000c60   Section       14  handlers.o(i.__scatterload_copy)
    i.__scatterload_null                     0x08000c6e   Section        2  handlers.o(i.__scatterload_null)
    i.__scatterload_zeroinit                 0x08000c70   Section       14  handlers.o(i.__scatterload_zeroinit)
    i._fp_digits                             0x08000c80   Section        0  printfa.o(i._fp_digits)
    _fp_digits                               0x08000c81   Thumb Code   366  printfa.o(i._fp_digits)
    i._printf_core                           0x08000e04   Section        0  printfa.o(i._printf_core)
    _printf_core                             0x08000e05   Thumb Code  1744  printfa.o(i._printf_core)
    i._printf_post_padding                   0x080014e0   Section        0  printfa.o(i._printf_post_padding)
    _printf_post_padding                     0x080014e1   Thumb Code    36  printfa.o(i._printf_post_padding)
    i._printf_pre_padding                    0x08001504   Section        0  printfa.o(i._printf_pre_padding)
    _printf_pre_padding                      0x08001505   Thumb Code    46  printfa.o(i._printf_pre_padding)
    i.adc_calibration_enable                 0x08001532   Section        0  gd32f30x_adc.o(i.adc_calibration_enable)
    i.adc_channel_length_config              0x0800155c   Section        0  gd32f30x_adc.o(i.adc_channel_length_config)
    i.adc_data_alignment_config              0x080015a2   Section        0  gd32f30x_adc.o(i.adc_data_alignment_config)
    i.adc_dma_mode_enable                    0x080015b8   Section        0  gd32f30x_adc.o(i.adc_dma_mode_enable)
    i.adc_enable                             0x080015c2   Section        0  gd32f30x_adc.o(i.adc_enable)
    i.adc_external_trigger_config            0x080015d4   Section        0  gd32f30x_adc.o(i.adc_external_trigger_config)
    i.adc_external_trigger_source_config     0x08001612   Section        0  gd32f30x_adc.o(i.adc_external_trigger_source_config)
    i.adc_mode_config                        0x08001644   Section        0  gd32f30x_adc.o(i.adc_mode_config)
    i.adc_oversample_mode_config             0x08001660   Section        0  gd32f30x_adc.o(i.adc_oversample_mode_config)
    i.adc_oversample_mode_enable             0x0800169a   Section        0  gd32f30x_adc.o(i.adc_oversample_mode_enable)
    i.adc_regular_channel_config             0x080016a8   Section        0  gd32f30x_adc.o(i.adc_regular_channel_config)
    i.adc_software_trigger_enable            0x08001754   Section        0  gd32f30x_adc.o(i.adc_software_trigger_enable)
    i.adc_special_function_config            0x08001772   Section        0  gd32f30x_adc.o(i.adc_special_function_config)
    i.adcdma_test                            0x080017cc   Section        0  drv_adc_dma.o(i.adcdma_test)
    i.app_init                               0x08001804   Section        0  main.o(i.app_init)
    app_init                                 0x08001805   Thumb Code     8  main.o(i.app_init)
    i.app_key_task                           0x0800180c   Section        0  app_key.o(i.app_key_task)
    i.app_uart_init                          0x08001a28   Section        0  app_uart.o(i.app_uart_init)
    i.app_uart_task                          0x08001a48   Section        0  app_uart.o(i.app_uart_task)
    i.bkp_deinit                             0x08001bf0   Section        0  gd32f30x_bkp.o(i.bkp_deinit)
    i.bkp_read_data                          0x08001bfc   Section        0  gd32f30x_bkp.o(i.bkp_read_data)
    i.bkp_write_data                         0x08001c34   Section        0  gd32f30x_bkp.o(i.bkp_write_data)
    i.cal_xor_sum                            0x08001c68   Section        0  app_uart.o(i.cal_xor_sum)
    cal_xor_sum                              0x08001c69   Thumb Code    26  app_uart.o(i.cal_xor_sum)
    i.ctrl_led                               0x08001c82   Section        0  app_uart.o(i.ctrl_led)
    ctrl_led                                 0x08001c83   Thumb Code    24  app_uart.o(i.ctrl_led)
    i.delay_init                             0x08001c9c   Section        0  delay.o(i.delay_init)
    i.delay_us                               0x08001cd8   Section        0  delay.o(i.delay_us)
    i.dma_channel_enable                     0x08001d04   Section        0  gd32f30x_dma.o(i.dma_channel_enable)
    i.dma_circulation_enable                 0x08001d36   Section        0  gd32f30x_dma.o(i.dma_circulation_enable)
    i.dma_deinit                             0x08001d68   Section        0  gd32f30x_dma.o(i.dma_deinit)
    i.dma_init                               0x08001dd8   Section        0  gd32f30x_dma.o(i.dma_init)
    i.dma_periph_and_channel_check           0x08001f08   Section        0  gd32f30x_dma.o(i.dma_periph_and_channel_check)
    dma_periph_and_channel_check             0x08001f09   Thumb Code    18  gd32f30x_dma.o(i.dma_periph_and_channel_check)
    i.dma_struct_para_init                   0x08001f20   Section        0  gd32f30x_dma.o(i.dma_struct_para_init)
    i.drv_adc_dma_init                       0x08001f3c   Section        0  drv_adc_dma.o(i.drv_adc_dma_init)
    i.drv_capture_init                       0x08001f4c   Section        0  drv_capture.o(i.drv_capture_init)
    i.drv_dgt_init                           0x08001f58   Section        0  drv_dgt.o(i.drv_dgt_init)
    i.drv_get_key_val                        0x08001f6a   Section        0  drv_key.o(i.drv_get_key_val)
    i.drv_get_rtc_time                       0x08001f8c   Section        0  drv_rtc.o(i.drv_get_rtc_time)
    i.drv_init                               0x08001fc6   Section        0  main.o(i.drv_init)
    drv_init                                 0x08001fc7   Thumb Code    40  main.o(i.drv_init)
    i.drv_key_init                           0x08001fee   Section        0  drv_key.o(i.drv_key_init)
    i.drv_led_init                           0x08001ff8   Section        0  drv_led.o(i.drv_led_init)
    i.drv_led_off                            0x08002054   Section        0  drv_led.o(i.drv_led_off)
    i.drv_led_on                             0x08002080   Section        0  drv_led.o(i.drv_led_on)
    i.drv_pwm_init                           0x080020ac   Section        0  drv_pwm.o(i.drv_pwm_init)
    i.drv_rtc_init                           0x080020b8   Section        0  drv_rtc.o(i.drv_rtc_init)
    i.drv_set_rtc_time                       0x08002154   Section        0  drv_rtc.o(i.drv_set_rtc_time)
    i.drv_uart_init                          0x0800219a   Section        0  drv_uart.o(i.drv_uart_init)
    i.feed_dog                               0x080021ac   Section        0  drv_dgt.o(i.feed_dog)
    i.fputc                                  0x080021cc   Section        0  drv_uart.o(i.fputc)
    i.fwdgt_config                           0x080021dc   Section        0  gd32f30x_fwdgt.o(i.fwdgt_config)
    i.fwdgt_counter_reload                   0x08002244   Section        0  gd32f30x_fwdgt.o(i.fwdgt_counter_reload)
    i.fwdgt_enable                           0x08002254   Section        0  gd32f30x_fwdgt.o(i.fwdgt_enable)
    i.gpio_bit_reset                         0x08002264   Section        0  gd32f30x_gpio.o(i.gpio_bit_reset)
    i.gpio_bit_set                           0x08002268   Section        0  gd32f30x_gpio.o(i.gpio_bit_set)
    i.gpio_init                              0x0800226c   Section        0  gd32f30x_gpio.o(i.gpio_init)
    i.gpio_input_bit_get                     0x08002328   Section        0  gd32f30x_gpio.o(i.gpio_input_bit_get)
    i.key_gpio_init                          0x08002338   Section        0  drv_key.o(i.key_gpio_init)
    key_gpio_init                            0x08002339   Thumb Code    60  drv_key.o(i.key_gpio_init)
    i.key_scan                               0x08002378   Section        0  drv_key.o(i.key_scan)
    key_scan                                 0x08002379   Thumb Code   522  drv_key.o(i.key_scan)
    i.main                                   0x0800258c   Section        0  main.o(i.main)
    i.nvic_irq_enable                        0x080025f0   Section        0  gd32f30x_misc.o(i.nvic_irq_enable)
    i.nvic_priority_group_set                0x080026b4   Section        0  gd32f30x_misc.o(i.nvic_priority_group_set)
    i.pmu_backup_write_enable                0x080026c8   Section        0  gd32f30x_pmu.o(i.pmu_backup_write_enable)
    i.pro_uart_data                          0x080026dc   Section        0  app_uart.o(i.pro_uart_data)
    pro_uart_data                            0x080026dd   Thumb Code    14  app_uart.o(i.pro_uart_data)
    i.rcu_adc_clock_config                   0x080026f0   Section        0  gd32f30x_rcu.o(i.rcu_adc_clock_config)
    i.rcu_bkp_reset_disable                  0x0800275c   Section        0  gd32f30x_rcu.o(i.rcu_bkp_reset_disable)
    i.rcu_bkp_reset_enable                   0x08002770   Section        0  gd32f30x_rcu.o(i.rcu_bkp_reset_enable)
    i.rcu_clock_freq_get                     0x08002784   Section        0  gd32f30x_rcu.o(i.rcu_clock_freq_get)
    i.rcu_flag_get                           0x080028dc   Section        0  gd32f30x_rcu.o(i.rcu_flag_get)
    i.rcu_osci_on                            0x08002900   Section        0  gd32f30x_rcu.o(i.rcu_osci_on)
    i.rcu_osci_stab_wait                     0x08002920   Section        0  gd32f30x_rcu.o(i.rcu_osci_stab_wait)
    i.rcu_periph_clock_enable                0x08002a30   Section        0  gd32f30x_rcu.o(i.rcu_periph_clock_enable)
    i.rcu_periph_reset_disable               0x08002a50   Section        0  gd32f30x_rcu.o(i.rcu_periph_reset_disable)
    i.rcu_periph_reset_enable                0x08002a70   Section        0  gd32f30x_rcu.o(i.rcu_periph_reset_enable)
    i.rcu_rtc_clock_config                   0x08002a90   Section        0  gd32f30x_rcu.o(i.rcu_rtc_clock_config)
    i.rtc_configuration_mode_enter           0x08002aa8   Section        0  gd32f30x_rtc.o(i.rtc_configuration_mode_enter)
    i.rtc_configuration_mode_exit            0x08002abc   Section        0  gd32f30x_rtc.o(i.rtc_configuration_mode_exit)
    i.rtc_counter_get                        0x08002ad0   Section        0  gd32f30x_rtc.o(i.rtc_counter_get)
    i.rtc_counter_set                        0x08002ae4   Section        0  gd32f30x_rtc.o(i.rtc_counter_set)
    i.rtc_lwoff_wait                         0x08002b04   Section        0  gd32f30x_rtc.o(i.rtc_lwoff_wait)
    i.rtc_prescaler_set                      0x08002b18   Section        0  gd32f30x_rtc.o(i.rtc_prescaler_set)
    i.rtc_register_sync_wait                 0x08002b38   Section        0  gd32f30x_rtc.o(i.rtc_register_sync_wait)
    i.rtc_task                               0x08002b58   Section        0  app_key.o(i.rtc_task)
    i.sys_callback                           0x08002bac   Section        0  sys_tick.o(i.sys_callback)
    i.sys_init                               0x08002bb8   Section        0  main.o(i.sys_init)
    sys_init                                 0x08002bb9   Thumb Code    12  main.o(i.sys_init)
    i.sys_tick_get_runtime                   0x08002bc4   Section        0  sys_tick.o(i.sys_tick_get_runtime)
    i.sys_tick_init                          0x08002bd0   Section        0  sys_tick.o(i.sys_tick_init)
    i.system_clock_120m_hxtal                0x08002c34   Section        0  system_gd32f30x.o(i.system_clock_120m_hxtal)
    system_clock_120m_hxtal                  0x08002c35   Thumb Code   258  system_gd32f30x.o(i.system_clock_120m_hxtal)
    i.system_clock_config                    0x08002d48   Section        0  system_gd32f30x.o(i.system_clock_config)
    system_clock_config                      0x08002d49   Thumb Code     8  system_gd32f30x.o(i.system_clock_config)
    i.task_init                              0x08002d50   Section        0  task.o(i.task_init)
    i.task_loop                              0x08002d60   Section        0  task.o(i.task_loop)
    i.task_tick_hook                         0x08002d9c   Section        0  task.o(i.task_tick_hook)
    task_tick_hook                           0x08002d9d   Thumb Code   136  task.o(i.task_tick_hook)
    i.timer_channel_capture_value_register_read 0x08002e28   Section        0  gd32f30x_timer.o(i.timer_channel_capture_value_register_read)
    i.timer_channel_input_capture_prescaler_config 0x08002e52   Section        0  gd32f30x_timer.o(i.timer_channel_input_capture_prescaler_config)
    i.timer_channel_input_struct_para_init   0x08002eac   Section        0  gd32f30x_timer.o(i.timer_channel_input_struct_para_init)
    i.timer_channel_output_config            0x08002ebc   Section        0  gd32f30x_timer.o(i.timer_channel_output_config)
    i.timer_channel_output_mode_config       0x080030a8   Section        0  gd32f30x_timer.o(i.timer_channel_output_mode_config)
    i.timer_channel_output_pulse_value_config 0x08003102   Section        0  gd32f30x_timer.o(i.timer_channel_output_pulse_value_config)
    i.timer_channel_output_shadow_config     0x08003128   Section        0  gd32f30x_timer.o(i.timer_channel_output_shadow_config)
    i.timer_channel_output_struct_para_init  0x08003182   Section        0  gd32f30x_timer.o(i.timer_channel_output_struct_para_init)
    i.timer_counter_value_config             0x08003192   Section        0  gd32f30x_timer.o(i.timer_counter_value_config)
    i.timer_deinit                           0x08003198   Section        0  gd32f30x_timer.o(i.timer_deinit)
    i.timer_enable                           0x08003274   Section        0  gd32f30x_timer.o(i.timer_enable)
    i.timer_init                             0x08003280   Section        0  gd32f30x_timer.o(i.timer_init)
    i.timer_input_capture_config             0x08003318   Section        0  gd32f30x_timer.o(i.timer_input_capture_config)
    i.timer_input_pwm_capture_config         0x0800345e   Section        0  gd32f30x_timer.o(i.timer_input_pwm_capture_config)
    i.timer_interrupt_enable                 0x080035c2   Section        0  gd32f30x_timer.o(i.timer_interrupt_enable)
    i.timer_interrupt_flag_clear             0x080035ca   Section        0  gd32f30x_timer.o(i.timer_interrupt_flag_clear)
    i.timer_interrupt_flag_get               0x080035d0   Section        0  gd32f30x_timer.o(i.timer_interrupt_flag_get)
    i.timer_primary_output_config            0x080035e8   Section        0  gd32f30x_timer.o(i.timer_primary_output_config)
    i.timer_struct_para_init                 0x08003600   Section        0  gd32f30x_timer.o(i.timer_struct_para_init)
    i.timerinit                              0x08003618   Section        0  drv_pwm.o(i.timerinit)
    timerinit                                0x08003619   Thumb Code   124  drv_pwm.o(i.timerinit)
    i.timerinit                              0x08003698   Section        0  drv_capture.o(i.timerinit)
    timerinit                                0x08003699   Thumb Code   126  drv_capture.o(i.timerinit)
    i.uart_callback                          0x08003718   Section        0  drv_uart.o(i.uart_callback)
    i.uart_gpio_init                         0x08003724   Section        0  drv_uart.o(i.uart_gpio_init)
    uart_gpio_init                           0x08003725   Thumb Code    40  drv_uart.o(i.uart_gpio_init)
    i.uart_init                              0x08003750   Section        0  drv_uart.o(i.uart_init)
    uart_init                                0x08003751   Thumb Code   114  drv_uart.o(i.uart_init)
    i.uart_send_char                         0x080037c8   Section        0  drv_uart.o(i.uart_send_char)
    i.usart_baudrate_set                     0x080037ec   Section        0  gd32f30x_usart.o(i.usart_baudrate_set)
    i.usart_data_receive                     0x0800387c   Section        0  gd32f30x_usart.o(i.usart_data_receive)
    i.usart_data_transmit                    0x08003886   Section        0  gd32f30x_usart.o(i.usart_data_transmit)
    i.usart_deinit                           0x08003890   Section        0  gd32f30x_usart.o(i.usart_deinit)
    i.usart_enable                           0x08003920   Section        0  gd32f30x_usart.o(i.usart_enable)
    i.usart_flag_get                         0x0800392a   Section        0  gd32f30x_usart.o(i.usart_flag_get)
    i.usart_interrupt_enable                 0x08003948   Section        0  gd32f30x_usart.o(i.usart_interrupt_enable)
    i.usart_interrupt_flag_clear             0x08003962   Section        0  gd32f30x_usart.o(i.usart_interrupt_flag_clear)
    i.usart_interrupt_flag_get               0x08003974   Section        0  gd32f30x_usart.o(i.usart_interrupt_flag_get)
    i.usart_parity_config                    0x080039ac   Section        0  gd32f30x_usart.o(i.usart_parity_config)
    i.usart_receive_config                   0x080039bc   Section        0  gd32f30x_usart.o(i.usart_receive_config)
    i.usart_stop_bit_set                     0x080039d0   Section        0  gd32f30x_usart.o(i.usart_stop_bit_set)
    i.usart_transmit_config                  0x080039e0   Section        0  gd32f30x_usart.o(i.usart_transmit_config)
    i.usart_word_length_set                  0x080039f4   Section        0  gd32f30x_usart.o(i.usart_word_length_set)
    .constdata                               0x08003a04   Section       20  main.o(.constdata)
    .constdata                               0x08003a18   Section       36  drv_led.o(.constdata)
    g_gpio_list                              0x08003a18   Data          36  drv_led.o(.constdata)
    .constdata                               0x08003a3c   Section       48  drv_key.o(.constdata)
    g_gpio_list                              0x08003a3c   Data          48  drv_key.o(.constdata)
    .constdata                               0x08003a6c   Section       24  drv_uart.o(.constdata)
    g_uart_hwinfo                            0x08003a6c   Data          24  drv_uart.o(.constdata)
    .constdata                               0x08003a84   Section        8  drv_rtc.o(.constdata)
    .constdata                               0x08003a8c   Section       12  mktime.o(.constdata)
    monlen                                   0x08003a8c   Data          12  mktime.o(.constdata)
    .constdata                               0x08003a98   Section       12  localtime_i.o(.constdata)
    monlen                                   0x08003a98   Data          12  localtime_i.o(.constdata)
    .data                                    0x20000000   Section       12  sys_tick.o(.data)
    g_sys_tick_count                         0x20000000   Data           8  sys_tick.o(.data)
    .data                                    0x20000010   Section      160  task.o(.data)
    g_task_table                             0x20000010   Data         160  task.o(.data)
    .data                                    0x200000b0   Section        6  app_uart.o(.data)
    st                                       0x200000b0   Data           1  app_uart.o(.data)
    idx                                      0x200000b1   Data           1  app_uart.o(.data)
    len                                      0x200000b2   Data           1  app_uart.o(.data)
    need                                     0x200000b3   Data           1  app_uart.o(.data)
    stream_len                               0x200000b4   Data           2  app_uart.o(.data)
    .data                                    0x200000b8   Section        4  drv_uart.o(.data)
    callback                                 0x200000b8   Data           4  drv_uart.o(.data)
    .data                                    0x200000bc   Section        8  drv_capture.o(.data)
    g_period_us                              0x200000bc   Data           4  drv_capture.o(.data)
    g_pulse_us                               0x200000c0   Data           4  drv_capture.o(.data)
    .data                                    0x200000c4   Section        4  drv_adc_dma.o(.data)
    g_adcVal                                 0x200000c4   Data           4  drv_adc_dma.o(.data)
    .data                                    0x200000c8   Section        4  stdout.o(.data)
    .bss                                     0x200000cc   Section      258  app_uart.o(.bss)
    g_rcv_queue                              0x200000cc   Data          16  app_uart.o(.bss)
    g_rc_buf                                 0x200000dc   Data          77  app_uart.o(.bss)
    frame                                    0x20000129   Data          11  app_uart.o(.bss)
    stream                                   0x20000134   Data         154  app_uart.o(.bss)
    .bss                                     0x200001d0   Section       96  drv_key.o(.bss)
    g_key_info                               0x200001d0   Data          96  drv_key.o(.bss)
    .bss                                     0x20000230   Section       44  localtime_w.o(.bss)
    _tms                                     0x20000230   Data          44  localtime_w.o(.bss)
    STACK                                    0x20000260   Section     1024  startup_gd32f30x_hd.o(STACK)

    Global Symbols

    Symbol Name                              Value     Ov Type        Size  Object(Section)

    BuildAttributes$$THM_ISAv4$E$P$D$K$B$S$7EM$VFPi3$EXTD16$VFPS$VFMA$PE$A:L22UL41UL21$X:L11$S22US41US21$IEEE1$IW$USESV6$~STKCKD$USESV7$~SHL$OSPACE$ROPI$EBA8$MICROLIB$REQ8$PRES8$EABIv2 0x00000000   Number         0  anon$$obj.o ABSOLUTE
    __ARM_use_no_argv                        0x00000000   Number         0  main.o ABSOLUTE
    _printf_a                                0x00000000   Number         0  stubs.o ABSOLUTE
    _printf_c                                0x00000000   Number         0  stubs.o ABSOLUTE
    _printf_charcount                        0x00000000   Number         0  stubs.o ABSOLUTE
    _printf_d                                0x00000000   Number         0  stubs.o ABSOLUTE
    _printf_e                                0x00000000   Number         0  stubs.o ABSOLUTE
    _printf_f                                0x00000000   Number         0  stubs.o ABSOLUTE
    _printf_flags                            0x00000000   Number         0  stubs.o ABSOLUTE
    _printf_fp_dec                           0x00000000   Number         0  stubs.o ABSOLUTE
    _printf_fp_hex                           0x00000000   Number         0  stubs.o ABSOLUTE
    _printf_g                                0x00000000   Number         0  stubs.o ABSOLUTE
    _printf_i                                0x00000000   Number         0  stubs.o ABSOLUTE
    _printf_int_dec                          0x00000000   Number         0  stubs.o ABSOLUTE
    _printf_l                                0x00000000   Number         0  stubs.o ABSOLUTE
    _printf_lc                               0x00000000   Number         0  stubs.o ABSOLUTE
    _printf_ll                               0x00000000   Number         0  stubs.o ABSOLUTE
    _printf_lld                              0x00000000   Number         0  stubs.o ABSOLUTE
    _printf_lli                              0x00000000   Number         0  stubs.o ABSOLUTE
    _printf_llo                              0x00000000   Number         0  stubs.o ABSOLUTE
    _printf_llu                              0x00000000   Number         0  stubs.o ABSOLUTE
    _printf_llx                              0x00000000   Number         0  stubs.o ABSOLUTE
    _printf_longlong_dec                     0x00000000   Number         0  stubs.o ABSOLUTE
    _printf_longlong_hex                     0x00000000   Number         0  stubs.o ABSOLUTE
    _printf_longlong_oct                     0x00000000   Number         0  stubs.o ABSOLUTE
    _printf_ls                               0x00000000   Number         0  stubs.o ABSOLUTE
    _printf_mbtowc                           0x00000000   Number         0  stubs.o ABSOLUTE
    _printf_n                                0x00000000   Number         0  stubs.o ABSOLUTE
    _printf_o                                0x00000000   Number         0  stubs.o ABSOLUTE
    _printf_p                                0x00000000   Number         0  stubs.o ABSOLUTE
    _printf_percent                          0x00000000   Number         0  stubs.o ABSOLUTE
    _printf_pre_padding                      0x00000000   Number         0  stubs.o ABSOLUTE
    _printf_return_value                     0x00000000   Number         0  stubs.o ABSOLUTE
    _printf_s                                0x00000000   Number         0  stubs.o ABSOLUTE
    _printf_sizespec                         0x00000000   Number         0  stubs.o ABSOLUTE
    _printf_str                              0x00000000   Number         0  stubs.o ABSOLUTE
    _printf_truncate_signed                  0x00000000   Number         0  stubs.o ABSOLUTE
    _printf_truncate_unsigned                0x00000000   Number         0  stubs.o ABSOLUTE
    _printf_u                                0x00000000   Number         0  stubs.o ABSOLUTE
    _printf_wc                               0x00000000   Number         0  stubs.o ABSOLUTE
    _printf_wctomb                           0x00000000   Number         0  stubs.o ABSOLUTE
    _printf_widthprec                        0x00000000   Number         0  stubs.o ABSOLUTE
    _printf_x                                0x00000000   Number         0  stubs.o ABSOLUTE
    __cpp_initialize__aeabi_                  - Undefined Weak Reference
    __cxa_finalize                            - Undefined Weak Reference
    __decompress                              - Undefined Weak Reference
    _clock_init                               - Undefined Weak Reference
    _microlib_exit                            - Undefined Weak Reference
    __Vectors_Size                           0x00000130   Number         0  startup_gd32f30x_hd.o ABSOLUTE
    __Vectors                                0x08000000   Data           4  startup_gd32f30x_hd.o(RESET)
    __Vectors_End                            0x08000130   Data           0  startup_gd32f30x_hd.o(RESET)
    __main                                   0x08000131   Thumb Code     0  entry.o(.ARM.Collect$$$$00000000)
    _main_stk                                0x08000131   Thumb Code     0  entry2.o(.ARM.Collect$$$$00000001)
    _main_scatterload                        0x08000135   Thumb Code     0  entry5.o(.ARM.Collect$$$$00000004)
    __main_after_scatterload                 0x08000139   Thumb Code     0  entry5.o(.ARM.Collect$$$$00000004)
    _main_clock                              0x08000139   Thumb Code     0  entry7b.o(.ARM.Collect$$$$00000008)
    _main_cpp_init                           0x08000139   Thumb Code     0  entry8b.o(.ARM.Collect$$$$0000000A)
    _main_init                               0x08000139   Thumb Code     0  entry9a.o(.ARM.Collect$$$$0000000B)
    __rt_final_cpp                           0x08000141   Thumb Code     0  entry10a.o(.ARM.Collect$$$$0000000D)
    __rt_final_exit                          0x08000141   Thumb Code     0  entry11a.o(.ARM.Collect$$$$0000000F)
    Reset_Handler                            0x08000145   Thumb Code     8  startup_gd32f30x_hd.o(.text)
    NMI_Handler                              0x0800014d   Thumb Code     2  startup_gd32f30x_hd.o(.text)
    HardFault_Handler                        0x0800014f   Thumb Code     2  startup_gd32f30x_hd.o(.text)
    MemManage_Handler                        0x08000151   Thumb Code     2  startup_gd32f30x_hd.o(.text)
    BusFault_Handler                         0x08000153   Thumb Code     2  startup_gd32f30x_hd.o(.text)
    UsageFault_Handler                       0x08000155   Thumb Code     2  startup_gd32f30x_hd.o(.text)
    SVC_Handler                              0x08000157   Thumb Code     2  startup_gd32f30x_hd.o(.text)
    DebugMon_Handler                         0x08000159   Thumb Code     2  startup_gd32f30x_hd.o(.text)
    PendSV_Handler                           0x0800015b   Thumb Code     2  startup_gd32f30x_hd.o(.text)
    ADC0_1_IRQHandler                        0x0800015f   Thumb Code     0  startup_gd32f30x_hd.o(.text)
    ADC2_IRQHandler                          0x0800015f   Thumb Code     0  startup_gd32f30x_hd.o(.text)
    CAN0_EWMC_IRQHandler                     0x0800015f   Thumb Code     0  startup_gd32f30x_hd.o(.text)
    CAN0_RX1_IRQHandler                      0x0800015f   Thumb Code     0  startup_gd32f30x_hd.o(.text)
    DMA0_Channel0_IRQHandler                 0x0800015f   Thumb Code     0  startup_gd32f30x_hd.o(.text)
    DMA0_Channel1_IRQHandler                 0x0800015f   Thumb Code     0  startup_gd32f30x_hd.o(.text)
    DMA0_Channel2_IRQHandler                 0x0800015f   Thumb Code     0  startup_gd32f30x_hd.o(.text)
    DMA0_Channel3_IRQHandler                 0x0800015f   Thumb Code     0  startup_gd32f30x_hd.o(.text)
    DMA0_Channel4_IRQHandler                 0x0800015f   Thumb Code     0  startup_gd32f30x_hd.o(.text)
    DMA0_Channel5_IRQHandler                 0x0800015f   Thumb Code     0  startup_gd32f30x_hd.o(.text)
    DMA0_Channel6_IRQHandler                 0x0800015f   Thumb Code     0  startup_gd32f30x_hd.o(.text)
    DMA1_Channel0_IRQHandler                 0x0800015f   Thumb Code     0  startup_gd32f30x_hd.o(.text)
    DMA1_Channel1_IRQHandler                 0x0800015f   Thumb Code     0  startup_gd32f30x_hd.o(.text)
    DMA1_Channel2_IRQHandler                 0x0800015f   Thumb Code     0  startup_gd32f30x_hd.o(.text)
    DMA1_Channel3_4_IRQHandler               0x0800015f   Thumb Code     0  startup_gd32f30x_hd.o(.text)
    EXMC_IRQHandler                          0x0800015f   Thumb Code     0  startup_gd32f30x_hd.o(.text)
    EXTI0_IRQHandler                         0x0800015f   Thumb Code     0  startup_gd32f30x_hd.o(.text)
    EXTI10_15_IRQHandler                     0x0800015f   Thumb Code     0  startup_gd32f30x_hd.o(.text)
    EXTI1_IRQHandler                         0x0800015f   Thumb Code     0  startup_gd32f30x_hd.o(.text)
    EXTI2_IRQHandler                         0x0800015f   Thumb Code     0  startup_gd32f30x_hd.o(.text)
    EXTI3_IRQHandler                         0x0800015f   Thumb Code     0  startup_gd32f30x_hd.o(.text)
    EXTI4_IRQHandler                         0x0800015f   Thumb Code     0  startup_gd32f30x_hd.o(.text)
    EXTI5_9_IRQHandler                       0x0800015f   Thumb Code     0  startup_gd32f30x_hd.o(.text)
    FMC_IRQHandler                           0x0800015f   Thumb Code     0  startup_gd32f30x_hd.o(.text)
    I2C0_ER_IRQHandler                       0x0800015f   Thumb Code     0  startup_gd32f30x_hd.o(.text)
    I2C0_EV_IRQHandler                       0x0800015f   Thumb Code     0  startup_gd32f30x_hd.o(.text)
    I2C1_ER_IRQHandler                       0x0800015f   Thumb Code     0  startup_gd32f30x_hd.o(.text)
    I2C1_EV_IRQHandler                       0x0800015f   Thumb Code     0  startup_gd32f30x_hd.o(.text)
    LVD_IRQHandler                           0x0800015f   Thumb Code     0  startup_gd32f30x_hd.o(.text)
    RCU_CTC_IRQHandler                       0x0800015f   Thumb Code     0  startup_gd32f30x_hd.o(.text)
    RTC_Alarm_IRQHandler                     0x0800015f   Thumb Code     0  startup_gd32f30x_hd.o(.text)
    RTC_IRQHandler                           0x0800015f   Thumb Code     0  startup_gd32f30x_hd.o(.text)
    SDIO_IRQHandler                          0x0800015f   Thumb Code     0  startup_gd32f30x_hd.o(.text)
    SPI0_IRQHandler                          0x0800015f   Thumb Code     0  startup_gd32f30x_hd.o(.text)
    SPI1_IRQHandler                          0x0800015f   Thumb Code     0  startup_gd32f30x_hd.o(.text)
    SPI2_IRQHandler                          0x0800015f   Thumb Code     0  startup_gd32f30x_hd.o(.text)
    TAMPER_IRQHandler                        0x0800015f   Thumb Code     0  startup_gd32f30x_hd.o(.text)
    TIMER0_BRK_IRQHandler                    0x0800015f   Thumb Code     0  startup_gd32f30x_hd.o(.text)
    TIMER0_Channel_IRQHandler                0x0800015f   Thumb Code     0  startup_gd32f30x_hd.o(.text)
    TIMER0_TRG_CMT_IRQHandler                0x0800015f   Thumb Code     0  startup_gd32f30x_hd.o(.text)
    TIMER0_UP_IRQHandler                     0x0800015f   Thumb Code     0  startup_gd32f30x_hd.o(.text)
    TIMER2_IRQHandler                        0x0800015f   Thumb Code     0  startup_gd32f30x_hd.o(.text)
    TIMER3_IRQHandler                        0x0800015f   Thumb Code     0  startup_gd32f30x_hd.o(.text)
    TIMER4_IRQHandler                        0x0800015f   Thumb Code     0  startup_gd32f30x_hd.o(.text)
    TIMER5_IRQHandler                        0x0800015f   Thumb Code     0  startup_gd32f30x_hd.o(.text)
    TIMER6_IRQHandler                        0x0800015f   Thumb Code     0  startup_gd32f30x_hd.o(.text)
    TIMER7_BRK_IRQHandler                    0x0800015f   Thumb Code     0  startup_gd32f30x_hd.o(.text)
    TIMER7_Channel_IRQHandler                0x0800015f   Thumb Code     0  startup_gd32f30x_hd.o(.text)
    TIMER7_TRG_CMT_IRQHandler                0x0800015f   Thumb Code     0  startup_gd32f30x_hd.o(.text)
    TIMER7_UP_IRQHandler                     0x0800015f   Thumb Code     0  startup_gd32f30x_hd.o(.text)
    UART3_IRQHandler                         0x0800015f   Thumb Code     0  startup_gd32f30x_hd.o(.text)
    UART4_IRQHandler                         0x0800015f   Thumb Code     0  startup_gd32f30x_hd.o(.text)
    USART1_IRQHandler                        0x0800015f   Thumb Code     0  startup_gd32f30x_hd.o(.text)
    USART2_IRQHandler                        0x0800015f   Thumb Code     0  startup_gd32f30x_hd.o(.text)
    USBD_HP_CAN0_TX_IRQHandler               0x0800015f   Thumb Code     0  startup_gd32f30x_hd.o(.text)
    USBD_LP_CAN0_RX0_IRQHandler              0x0800015f   Thumb Code     0  startup_gd32f30x_hd.o(.text)
    USBD_WKUP_IRQHandler                     0x0800015f   Thumb Code     0  startup_gd32f30x_hd.o(.text)
    WWDGT_IRQHandler                         0x0800015f   Thumb Code     0  startup_gd32f30x_hd.o(.text)
    qsort                                    0x08000169   Thumb Code   156  qsort.o(.text)
    mktime                                   0x08000205   Thumb Code   150  mktime.o(.text)
    ___aeabi_memcpy$move                     0x080002ad   Thumb Code    64  memmovea.o(.text)
    ___aeabi_memcpy8$move                    0x080002ad   Thumb Code     0  memmovea.o(.text)
    __aeabi_memcpy4                          0x080002ad   Thumb Code     0  memmovea.o(.text)
    __aeabi_memmove                          0x080002ad   Thumb Code     0  memmovea.o(.text)
    __aeabi_memmove4                         0x080002ad   Thumb Code     0  memmovea.o(.text)
    __aeabi_memmove8                         0x080002ad   Thumb Code     0  memmovea.o(.text)
    __aeabi_memset                           0x080002ed   Thumb Code    14  memseta.o(.text)
    __aeabi_memset4                          0x080002ed   Thumb Code     0  memseta.o(.text)
    __aeabi_memset8                          0x080002ed   Thumb Code     0  memseta.o(.text)
    __aeabi_memclr                           0x080002fb   Thumb Code     4  memseta.o(.text)
    __aeabi_memclr4                          0x080002fb   Thumb Code     0  memseta.o(.text)
    __aeabi_memclr8                          0x080002fb   Thumb Code     0  memseta.o(.text)
    _memset$wrapper                          0x080002ff   Thumb Code    18  memseta.o(.text)
    __aeabi_uidiv                            0x08000311   Thumb Code     0  uidiv.o(.text)
    __aeabi_uidivmod                         0x08000311   Thumb Code    44  uidiv.o(.text)
    __aeabi_uldivmod                         0x0800033d   Thumb Code    98  uldiv.o(.text)
    localtime                                0x080003a1   Thumb Code     6  localtime_w.o(.text)
    _localtime                               0x080003ad   Thumb Code   134  localtime_i.o(.text)
    __I$use$fp                               0x08000439   Thumb Code     0  iusefp.o(.text)
    __aeabi_dadd                             0x08000439   Thumb Code   322  dadd.o(.text)
    __aeabi_dsub                             0x0800057b   Thumb Code     6  dadd.o(.text)
    __aeabi_drsub                            0x08000581   Thumb Code     6  dadd.o(.text)
    __aeabi_dmul                             0x08000587   Thumb Code   228  dmul.o(.text)
    __aeabi_ddiv                             0x0800066b   Thumb Code   222  ddiv.o(.text)
    __aeabi_d2ulz                            0x08000749   Thumb Code    48  dfixul.o(.text)
    __aeabi_cdrcmple                         0x08000779   Thumb Code    48  cdrcmple.o(.text)
    __scatterload                            0x080007a9   Thumb Code    28  init.o(.text)
    __scatterload_rt2                        0x080007a9   Thumb Code     0  init.o(.text)
    __aeabi_llsl                             0x080007cd   Thumb Code    30  llshl.o(.text)
    _ll_shift_l                              0x080007cd   Thumb Code     0  llshl.o(.text)
    __aeabi_llsr                             0x080007eb   Thumb Code    32  llushr.o(.text)
    _ll_ushift_r                             0x080007eb   Thumb Code     0  llushr.o(.text)
    __aeabi_lasr                             0x0800080b   Thumb Code    36  llsshr.o(.text)
    _ll_sshift_r                             0x0800080b   Thumb Code     0  llsshr.o(.text)
    _double_round                            0x0800082f   Thumb Code    30  depilogue.o(.text)
    _double_epilogue                         0x0800084d   Thumb Code   156  depilogue.o(.text)
    CmpCb                                    0x0800098d   Thumb Code    38  main.o(i.CmpCb)
    QueueInit                                0x08000a89   Thumb Code    12  queue.o(i.QueueInit)
    QueuePop                                 0x08000a95   Thumb Code    44  queue.o(i.QueuePop)
    QueuePush                                0x08000ac1   Thumb Code    40  queue.o(i.QueuePush)
    SysTick_Handler                          0x08000ae9   Thumb Code    30  sys_tick.o(i.SysTick_Handler)
    SystemInit                               0x08000b11   Thumb Code   156  system_gd32f30x.o(i.SystemInit)
    TIMER1_IRQHandler                        0x08000bb9   Thumb Code    62  drv_capture.o(i.TIMER1_IRQHandler)
    USART0_IRQHandler                        0x08000c01   Thumb Code    52  drv_uart.o(i.USART0_IRQHandler)
    __0printf                                0x08000c41   Thumb Code    22  printfa.o(i.__0printf)
    __1printf                                0x08000c41   Thumb Code     0  printfa.o(i.__0printf)
    __2printf                                0x08000c41   Thumb Code     0  printfa.o(i.__0printf)
    __c89printf                              0x08000c41   Thumb Code     0  printfa.o(i.__0printf)
    printf                                   0x08000c41   Thumb Code     0  printfa.o(i.__0printf)
    __scatterload_copy                       0x08000c61   Thumb Code    14  handlers.o(i.__scatterload_copy)
    __scatterload_null                       0x08000c6f   Thumb Code     2  handlers.o(i.__scatterload_null)
    __scatterload_zeroinit                   0x08000c71   Thumb Code    14  handlers.o(i.__scatterload_zeroinit)
    adc_calibration_enable                   0x08001533   Thumb Code    42  gd32f30x_adc.o(i.adc_calibration_enable)
    adc_channel_length_config                0x0800155d   Thumb Code    70  gd32f30x_adc.o(i.adc_channel_length_config)
    adc_data_alignment_config                0x080015a3   Thumb Code    22  gd32f30x_adc.o(i.adc_data_alignment_config)
    adc_dma_mode_enable                      0x080015b9   Thumb Code    10  gd32f30x_adc.o(i.adc_dma_mode_enable)
    adc_enable                               0x080015c3   Thumb Code    18  gd32f30x_adc.o(i.adc_enable)
    adc_external_trigger_config              0x080015d5   Thumb Code    62  gd32f30x_adc.o(i.adc_external_trigger_config)
    adc_external_trigger_source_config       0x08001613   Thumb Code    48  gd32f30x_adc.o(i.adc_external_trigger_source_config)
    adc_mode_config                          0x08001645   Thumb Code    22  gd32f30x_adc.o(i.adc_mode_config)
    adc_oversample_mode_config               0x08001661   Thumb Code    58  gd32f30x_adc.o(i.adc_oversample_mode_config)
    adc_oversample_mode_enable               0x0800169b   Thumb Code    14  gd32f30x_adc.o(i.adc_oversample_mode_enable)
    adc_regular_channel_config               0x080016a9   Thumb Code   172  gd32f30x_adc.o(i.adc_regular_channel_config)
    adc_software_trigger_enable              0x08001755   Thumb Code    30  gd32f30x_adc.o(i.adc_software_trigger_enable)
    adc_special_function_config              0x08001773   Thumb Code    90  gd32f30x_adc.o(i.adc_special_function_config)
    adcdma_test                              0x080017cd   Thumb Code    22  drv_adc_dma.o(i.adcdma_test)
    app_key_task                             0x0800180d   Thumb Code   194  app_key.o(i.app_key_task)
    app_uart_init                            0x08001a29   Thumb Code    20  app_uart.o(i.app_uart_init)
    app_uart_task                            0x08001a49   Thumb Code   388  app_uart.o(i.app_uart_task)
    bkp_deinit                               0x08001bf1   Thumb Code    12  gd32f30x_bkp.o(i.bkp_deinit)
    bkp_read_data                            0x08001bfd   Thumb Code    50  gd32f30x_bkp.o(i.bkp_read_data)
    bkp_write_data                           0x08001c35   Thumb Code    46  gd32f30x_bkp.o(i.bkp_write_data)
    delay_init                               0x08001c9d   Thumb Code    50  delay.o(i.delay_init)
    delay_us                                 0x08001cd9   Thumb Code    36  delay.o(i.delay_us)
    dma_channel_enable                       0x08001d05   Thumb Code    50  gd32f30x_dma.o(i.dma_channel_enable)
    dma_circulation_enable                   0x08001d37   Thumb Code    50  gd32f30x_dma.o(i.dma_circulation_enable)
    dma_deinit                               0x08001d69   Thumb Code   112  gd32f30x_dma.o(i.dma_deinit)
    dma_init                                 0x08001dd9   Thumb Code   302  gd32f30x_dma.o(i.dma_init)
    dma_struct_para_init                     0x08001f21   Thumb Code    28  gd32f30x_dma.o(i.dma_struct_para_init)
    drv_adc_dma_init                         0x08001f3d   Thumb Code    16  drv_adc_dma.o(i.drv_adc_dma_init)
    drv_capture_init                         0x08001f4d   Thumb Code    12  drv_capture.o(i.drv_capture_init)
    drv_dgt_init                             0x08001f59   Thumb Code    18  drv_dgt.o(i.drv_dgt_init)
    drv_get_key_val                          0x08001f6b   Thumb Code    34  drv_key.o(i.drv_get_key_val)
    drv_get_rtc_time                         0x08001f8d   Thumb Code    58  drv_rtc.o(i.drv_get_rtc_time)
    drv_key_init                             0x08001fef   Thumb Code     8  drv_key.o(i.drv_key_init)
    drv_led_init                             0x08001ff9   Thumb Code    86  drv_led.o(i.drv_led_init)
    drv_led_off                              0x08002055   Thumb Code    40  drv_led.o(i.drv_led_off)
    drv_led_on                               0x08002081   Thumb Code    40  drv_led.o(i.drv_led_on)
    drv_pwm_init                             0x080020ad   Thumb Code    12  drv_pwm.o(i.drv_pwm_init)
    drv_rtc_init                             0x080020b9   Thumb Code   150  drv_rtc.o(i.drv_rtc_init)
    drv_set_rtc_time                         0x08002155   Thumb Code    70  drv_rtc.o(i.drv_set_rtc_time)
    drv_uart_init                            0x0800219b   Thumb Code    16  drv_uart.o(i.drv_uart_init)
    feed_dog                                 0x080021ad   Thumb Code    14  drv_dgt.o(i.feed_dog)
    fputc                                    0x080021cd   Thumb Code    16  drv_uart.o(i.fputc)
    fwdgt_config                             0x080021dd   Thumb Code    94  gd32f30x_fwdgt.o(i.fwdgt_config)
    fwdgt_counter_reload                     0x08002245   Thumb Code    10  gd32f30x_fwdgt.o(i.fwdgt_counter_reload)
    fwdgt_enable                             0x08002255   Thumb Code    10  gd32f30x_fwdgt.o(i.fwdgt_enable)
    gpio_bit_reset                           0x08002265   Thumb Code     4  gd32f30x_gpio.o(i.gpio_bit_reset)
    gpio_bit_set                             0x08002269   Thumb Code     4  gd32f30x_gpio.o(i.gpio_bit_set)
    gpio_init                                0x0800226d   Thumb Code   188  gd32f30x_gpio.o(i.gpio_init)
    gpio_input_bit_get                       0x08002329   Thumb Code    16  gd32f30x_gpio.o(i.gpio_input_bit_get)
    main                                     0x0800258d   Thumb Code    74  main.o(i.main)
    nvic_irq_enable                          0x080025f1   Thumb Code   186  gd32f30x_misc.o(i.nvic_irq_enable)
    nvic_priority_group_set                  0x080026b5   Thumb Code    10  gd32f30x_misc.o(i.nvic_priority_group_set)
    pmu_backup_write_enable                  0x080026c9   Thumb Code    14  gd32f30x_pmu.o(i.pmu_backup_write_enable)
    rcu_adc_clock_config                     0x080026f1   Thumb Code    98  gd32f30x_rcu.o(i.rcu_adc_clock_config)
    rcu_bkp_reset_disable                    0x0800275d   Thumb Code    14  gd32f30x_rcu.o(i.rcu_bkp_reset_disable)
    rcu_bkp_reset_enable                     0x08002771   Thumb Code    14  gd32f30x_rcu.o(i.rcu_bkp_reset_enable)
    rcu_clock_freq_get                       0x08002785   Thumb Code   310  gd32f30x_rcu.o(i.rcu_clock_freq_get)
    rcu_flag_get                             0x080028dd   Thumb Code    30  gd32f30x_rcu.o(i.rcu_flag_get)
    rcu_osci_on                              0x08002901   Thumb Code    28  gd32f30x_rcu.o(i.rcu_osci_on)
    rcu_osci_stab_wait                       0x08002921   Thumb Code   268  gd32f30x_rcu.o(i.rcu_osci_stab_wait)
    rcu_periph_clock_enable                  0x08002a31   Thumb Code    28  gd32f30x_rcu.o(i.rcu_periph_clock_enable)
    rcu_periph_reset_disable                 0x08002a51   Thumb Code    28  gd32f30x_rcu.o(i.rcu_periph_reset_disable)
    rcu_periph_reset_enable                  0x08002a71   Thumb Code    28  gd32f30x_rcu.o(i.rcu_periph_reset_enable)
    rcu_rtc_clock_config                     0x08002a91   Thumb Code    18  gd32f30x_rcu.o(i.rcu_rtc_clock_config)
    rtc_configuration_mode_enter             0x08002aa9   Thumb Code    14  gd32f30x_rtc.o(i.rtc_configuration_mode_enter)
    rtc_configuration_mode_exit              0x08002abd   Thumb Code    14  gd32f30x_rtc.o(i.rtc_configuration_mode_exit)
    rtc_counter_get                          0x08002ad1   Thumb Code    16  gd32f30x_rtc.o(i.rtc_counter_get)
    rtc_counter_set                          0x08002ae5   Thumb Code    26  gd32f30x_rtc.o(i.rtc_counter_set)
    rtc_lwoff_wait                           0x08002b05   Thumb Code    16  gd32f30x_rtc.o(i.rtc_lwoff_wait)
    rtc_prescaler_set                        0x08002b19   Thumb Code    28  gd32f30x_rtc.o(i.rtc_prescaler_set)
    rtc_register_sync_wait                   0x08002b39   Thumb Code    28  gd32f30x_rtc.o(i.rtc_register_sync_wait)
    rtc_task                                 0x08002b59   Thumb Code    50  app_key.o(i.rtc_task)
    sys_callback                             0x08002bad   Thumb Code     6  sys_tick.o(i.sys_callback)
    sys_tick_get_runtime                     0x08002bc5   Thumb Code     8  sys_tick.o(i.sys_tick_get_runtime)
    sys_tick_init                            0x08002bd1   Thumb Code    92  sys_tick.o(i.sys_tick_init)
    task_init                                0x08002d51   Thumb Code    10  task.o(i.task_init)
    task_loop                                0x08002d61   Thumb Code    56  task.o(i.task_loop)
    timer_channel_capture_value_register_read 0x08002e29   Thumb Code    42  gd32f30x_timer.o(i.timer_channel_capture_value_register_read)
    timer_channel_input_capture_prescaler_config 0x08002e53   Thumb Code    90  gd32f30x_timer.o(i.timer_channel_input_capture_prescaler_config)
    timer_channel_input_struct_para_init     0x08002ead   Thumb Code    16  gd32f30x_timer.o(i.timer_channel_input_struct_para_init)
    timer_channel_output_config              0x08002ebd   Thumb Code   484  gd32f30x_timer.o(i.timer_channel_output_config)
    timer_channel_output_mode_config         0x080030a9   Thumb Code    90  gd32f30x_timer.o(i.timer_channel_output_mode_config)
    timer_channel_output_pulse_value_config  0x08003103   Thumb Code    38  gd32f30x_timer.o(i.timer_channel_output_pulse_value_config)
    timer_channel_output_shadow_config       0x08003129   Thumb Code    90  gd32f30x_timer.o(i.timer_channel_output_shadow_config)
    timer_channel_output_struct_para_init    0x08003183   Thumb Code    16  gd32f30x_timer.o(i.timer_channel_output_struct_para_init)
    timer_counter_value_config               0x08003193   Thumb Code     4  gd32f30x_timer.o(i.timer_counter_value_config)
    timer_deinit                             0x08003199   Thumb Code   210  gd32f30x_timer.o(i.timer_deinit)
    timer_enable                             0x08003275   Thumb Code    10  gd32f30x_timer.o(i.timer_enable)
    timer_init                               0x08003281   Thumb Code   122  gd32f30x_timer.o(i.timer_init)
    timer_input_capture_config               0x08003319   Thumb Code   326  gd32f30x_timer.o(i.timer_input_capture_config)
    timer_input_pwm_capture_config           0x0800345f   Thumb Code   356  gd32f30x_timer.o(i.timer_input_pwm_capture_config)
    timer_interrupt_enable                   0x080035c3   Thumb Code     8  gd32f30x_timer.o(i.timer_interrupt_enable)
    timer_interrupt_flag_clear               0x080035cb   Thumb Code     6  gd32f30x_timer.o(i.timer_interrupt_flag_clear)
    timer_interrupt_flag_get                 0x080035d1   Thumb Code    24  gd32f30x_timer.o(i.timer_interrupt_flag_get)
    timer_primary_output_config              0x080035e9   Thumb Code    24  gd32f30x_timer.o(i.timer_primary_output_config)
    timer_struct_para_init                   0x08003601   Thumb Code    22  gd32f30x_timer.o(i.timer_struct_para_init)
    uart_callback                            0x08003719   Thumb Code     6  drv_uart.o(i.uart_callback)
    uart_send_char                           0x080037c9   Thumb Code    32  drv_uart.o(i.uart_send_char)
    usart_baudrate_set                       0x080037ed   Thumb Code   136  gd32f30x_usart.o(i.usart_baudrate_set)
    usart_data_receive                       0x0800387d   Thumb Code    10  gd32f30x_usart.o(i.usart_data_receive)
    usart_data_transmit                      0x08003887   Thumb Code     8  gd32f30x_usart.o(i.usart_data_transmit)
    usart_deinit                             0x08003891   Thumb Code   136  gd32f30x_usart.o(i.usart_deinit)
    usart_enable                             0x08003921   Thumb Code    10  gd32f30x_usart.o(i.usart_enable)
    usart_flag_get                           0x0800392b   Thumb Code    30  gd32f30x_usart.o(i.usart_flag_get)
    usart_interrupt_enable                   0x08003949   Thumb Code    26  gd32f30x_usart.o(i.usart_interrupt_enable)
    usart_interrupt_flag_clear               0x08003963   Thumb Code    18  gd32f30x_usart.o(i.usart_interrupt_flag_clear)
    usart_interrupt_flag_get                 0x08003975   Thumb Code    56  gd32f30x_usart.o(i.usart_interrupt_flag_get)
    usart_parity_config                      0x080039ad   Thumb Code    16  gd32f30x_usart.o(i.usart_parity_config)
    usart_receive_config                     0x080039bd   Thumb Code    20  gd32f30x_usart.o(i.usart_receive_config)
    usart_stop_bit_set                       0x080039d1   Thumb Code    16  gd32f30x_usart.o(i.usart_stop_bit_set)
    usart_transmit_config                    0x080039e1   Thumb Code    20  gd32f30x_usart.o(i.usart_transmit_config)
    usart_word_length_set                    0x080039f5   Thumb Code    16  gd32f30x_usart.o(i.usart_word_length_set)
    Region$$Table$$Base                      0x08003aa4   Number         0  anon$$obj.o(Region$$Table)
    Region$$Table$$Limit                     0x08003ac4   Number         0  anon$$obj.o(Region$$Table)
    psys_callback                            0x20000008   Data           4  sys_tick.o(.data)
    __stdout                                 0x200000c8   Data           4  stdout.o(.data)
    __initial_sp                             0x20000660   Data           0  startup_gd32f30x_hd.o(STACK)



==============================================================================

Memory Map of the image

  Image Entry point : 0x08000131

  Load Region LR_IROM1 (Base: 0x08000000, Size: 0x00003b90, Max: 0x00080000, ABSOLUTE)

    Execution Region ER_IROM1 (Exec base: 0x08000000, Load base: 0x08000000, Size: 0x00003ac4, Max: 0x00080000, ABSOLUTE)

    Exec Addr    Load Addr    Size         Type   Attr      Idx    E Section Name        Object

    0x08000000   0x08000000   0x00000130   Data   RO            3    RESET               startup_gd32f30x_hd.o
    0x08000130   0x08000130   0x00000000   Code   RO         4754  * .ARM.Collect$$$$00000000  mc_w.l(entry.o)
    0x08000130   0x08000130   0x00000004   Code   RO         5039    .ARM.Collect$$$$00000001  mc_w.l(entry2.o)
    0x08000134   0x08000134   0x00000004   Code   RO         5042    .ARM.Collect$$$$00000004  mc_w.l(entry5.o)
    0x08000138   0x08000138   0x00000000   Code   RO         5044    .ARM.Collect$$$$00000008  mc_w.l(entry7b.o)
    0x08000138   0x08000138   0x00000000   Code   RO         5046    .ARM.Collect$$$$0000000A  mc_w.l(entry8b.o)
    0x08000138   0x08000138   0x00000008   Code   RO         5047    .ARM.Collect$$$$0000000B  mc_w.l(entry9a.o)
    0x08000140   0x08000140   0x00000000   Code   RO         5049    .ARM.Collect$$$$0000000D  mc_w.l(entry10a.o)
    0x08000140   0x08000140   0x00000000   Code   RO         5051    .ARM.Collect$$$$0000000F  mc_w.l(entry11a.o)
    0x08000140   0x08000140   0x00000004   Code   RO         5040    .ARM.Collect$$$$00002712  mc_w.l(entry2.o)
    0x08000144   0x08000144   0x00000024   Code   RO            4    .text               startup_gd32f30x_hd.o
    0x08000168   0x08000168   0x0000009c   Code   RO         4757    .text               mc_w.l(qsort.o)
    0x08000204   0x08000204   0x000000a8   Code   RO         4763    .text               mc_w.l(mktime.o)
    0x080002ac   0x080002ac   0x00000040   Code   RO         4768    .text               mc_w.l(memmovea.o)
    0x080002ec   0x080002ec   0x00000024   Code   RO         4770    .text               mc_w.l(memseta.o)
    0x08000310   0x08000310   0x0000002c   Code   RO         5054    .text               mc_w.l(uidiv.o)
    0x0800033c   0x0800033c   0x00000062   Code   RO         5056    .text               mc_w.l(uldiv.o)
    0x0800039e   0x0800039e   0x00000002   PAD
    0x080003a0   0x080003a0   0x0000000c   Code   RO         5058    .text               mc_w.l(localtime_w.o)
    0x080003ac   0x080003ac   0x0000008c   Code   RO         5061    .text               mc_w.l(localtime_i.o)
    0x08000438   0x08000438   0x00000000   Code   RO         5064    .text               mc_w.l(iusefp.o)
    0x08000438   0x08000438   0x0000014e   Code   RO         5065    .text               mf_w.l(dadd.o)
    0x08000586   0x08000586   0x000000e4   Code   RO         5067    .text               mf_w.l(dmul.o)
    0x0800066a   0x0800066a   0x000000de   Code   RO         5069    .text               mf_w.l(ddiv.o)
    0x08000748   0x08000748   0x00000030   Code   RO         5071    .text               mf_w.l(dfixul.o)
    0x08000778   0x08000778   0x00000030   Code   RO         5073    .text               mf_w.l(cdrcmple.o)
    0x080007a8   0x080007a8   0x00000024   Code   RO         5075    .text               mc_w.l(init.o)
    0x080007cc   0x080007cc   0x0000001e   Code   RO         5077    .text               mc_w.l(llshl.o)
    0x080007ea   0x080007ea   0x00000020   Code   RO         5079    .text               mc_w.l(llushr.o)
    0x0800080a   0x0800080a   0x00000024   Code   RO         5081    .text               mc_w.l(llsshr.o)
    0x0800082e   0x0800082e   0x000000ba   Code   RO         5083    .text               mf_w.l(depilogue.o)
    0x080008e8   0x080008e8   0x000000a4   Code   RO          810    i.AdcInit           drv_adc_dma.o
    0x0800098c   0x0800098c   0x00000026   Code   RO          246    i.CmpCb             main.o
    0x080009b2   0x080009b2   0x00000002   PAD
    0x080009b4   0x080009b4   0x00000070   Code   RO          811    i.DmaInit           drv_adc_dma.o
    0x08000a24   0x08000a24   0x00000020   Code   RO          626    i.GPIO_Init         drv_pwm.o
    0x08000a44   0x08000a44   0x0000001c   Code   RO          662    i.GPIO_Init         drv_capture.o
    0x08000a60   0x08000a60   0x00000028   Code   RO          812    i.GpioInit          drv_adc_dma.o
    0x08000a88   0x08000a88   0x0000000c   Code   RO          583    i.QueueInit         queue.o
    0x08000a94   0x08000a94   0x0000002c   Code   RO          584    i.QueuePop          queue.o
    0x08000ac0   0x08000ac0   0x00000028   Code   RO          586    i.QueuePush         queue.o
    0x08000ae8   0x08000ae8   0x00000028   Code   RO          198    i.SysTick_Handler   sys_tick.o
    0x08000b10   0x08000b10   0x000000a8   Code   RO           13    i.SystemInit        system_gd32f30x.o
    0x08000bb8   0x08000bb8   0x00000048   Code   RO          663    i.TIMER1_IRQHandler  drv_capture.o
    0x08000c00   0x08000c00   0x00000040   Code   RO          521    i.USART0_IRQHandler  drv_uart.o
    0x08000c40   0x08000c40   0x00000020   Code   RO         5009    i.__0printf         mc_w.l(printfa.o)
    0x08000c60   0x08000c60   0x0000000e   Code   RO         5087    i.__scatterload_copy  mc_w.l(handlers.o)
    0x08000c6e   0x08000c6e   0x00000002   Code   RO         5088    i.__scatterload_null  mc_w.l(handlers.o)
    0x08000c70   0x08000c70   0x0000000e   Code   RO         5089    i.__scatterload_zeroinit  mc_w.l(handlers.o)
    0x08000c7e   0x08000c7e   0x00000002   PAD
    0x08000c80   0x08000c80   0x00000184   Code   RO         5016    i._fp_digits        mc_w.l(printfa.o)
    0x08000e04   0x08000e04   0x000006dc   Code   RO         5017    i._printf_core      mc_w.l(printfa.o)
    0x080014e0   0x080014e0   0x00000024   Code   RO         5018    i._printf_post_padding  mc_w.l(printfa.o)
    0x08001504   0x08001504   0x0000002e   Code   RO         5019    i._printf_pre_padding  mc_w.l(printfa.o)
    0x08001532   0x08001532   0x0000002a   Code   RO          853    i.adc_calibration_enable  gd32f30x_adc.o
    0x0800155c   0x0800155c   0x00000046   Code   RO          854    i.adc_channel_length_config  gd32f30x_adc.o
    0x080015a2   0x080015a2   0x00000016   Code   RO          855    i.adc_data_alignment_config  gd32f30x_adc.o
    0x080015b8   0x080015b8   0x0000000a   Code   RO          860    i.adc_dma_mode_enable  gd32f30x_adc.o
    0x080015c2   0x080015c2   0x00000012   Code   RO          861    i.adc_enable        gd32f30x_adc.o
    0x080015d4   0x080015d4   0x0000003e   Code   RO          862    i.adc_external_trigger_config  gd32f30x_adc.o
    0x08001612   0x08001612   0x00000030   Code   RO          863    i.adc_external_trigger_source_config  gd32f30x_adc.o
    0x08001642   0x08001642   0x00000002   PAD
    0x08001644   0x08001644   0x0000001c   Code   RO          873    i.adc_mode_config   gd32f30x_adc.o
    0x08001660   0x08001660   0x0000003a   Code   RO          874    i.adc_oversample_mode_config  gd32f30x_adc.o
    0x0800169a   0x0800169a   0x0000000e   Code   RO          876    i.adc_oversample_mode_enable  gd32f30x_adc.o
    0x080016a8   0x080016a8   0x000000ac   Code   RO          877    i.adc_regular_channel_config  gd32f30x_adc.o
    0x08001754   0x08001754   0x0000001e   Code   RO          880    i.adc_software_trigger_enable  gd32f30x_adc.o
    0x08001772   0x08001772   0x0000005a   Code   RO          881    i.adc_special_function_config  gd32f30x_adc.o
    0x080017cc   0x080017cc   0x00000038   Code   RO          813    i.adcdma_test       drv_adc_dma.o
    0x08001804   0x08001804   0x00000008   Code   RO          247    i.app_init          main.o
    0x0800180c   0x0800180c   0x0000021c   Code   RO          416    i.app_key_task      app_key.o
    0x08001a28   0x08001a28   0x00000020   Code   RO          363    i.app_uart_init     app_uart.o
    0x08001a48   0x08001a48   0x000001a8   Code   RO          364    i.app_uart_task     app_uart.o
    0x08001bf0   0x08001bf0   0x0000000c   Code   RO         1083    i.bkp_deinit        gd32f30x_bkp.o
    0x08001bfc   0x08001bfc   0x00000038   Code   RO         1088    i.bkp_read_data     gd32f30x_bkp.o
    0x08001c34   0x08001c34   0x00000034   Code   RO         1102    i.bkp_write_data    gd32f30x_bkp.o
    0x08001c68   0x08001c68   0x0000001a   Code   RO          366    i.cal_xor_sum       app_uart.o
    0x08001c82   0x08001c82   0x00000018   Code   RO          367    i.ctrl_led          app_uart.o
    0x08001c9a   0x08001c9a   0x00000002   PAD
    0x08001c9c   0x08001c9c   0x0000003c   Code   RO          149    i.delay_init        delay.o
    0x08001cd8   0x08001cd8   0x0000002c   Code   RO          151    i.delay_us          delay.o
    0x08001d04   0x08001d04   0x00000032   Code   RO         1813    i.dma_channel_enable  gd32f30x_dma.o
    0x08001d36   0x08001d36   0x00000032   Code   RO         1815    i.dma_circulation_enable  gd32f30x_dma.o
    0x08001d68   0x08001d68   0x00000070   Code   RO         1816    i.dma_deinit        gd32f30x_dma.o
    0x08001dd8   0x08001dd8   0x0000012e   Code   RO         1819    i.dma_init          gd32f30x_dma.o
    0x08001f06   0x08001f06   0x00000002   PAD
    0x08001f08   0x08001f08   0x00000018   Code   RO         1831    i.dma_periph_and_channel_check  gd32f30x_dma.o
    0x08001f20   0x08001f20   0x0000001c   Code   RO         1836    i.dma_struct_para_init  gd32f30x_dma.o
    0x08001f3c   0x08001f3c   0x00000010   Code   RO          814    i.drv_adc_dma_init  drv_adc_dma.o
    0x08001f4c   0x08001f4c   0x0000000c   Code   RO          665    i.drv_capture_init  drv_capture.o
    0x08001f58   0x08001f58   0x00000012   Code   RO          739    i.drv_dgt_init      drv_dgt.o
    0x08001f6a   0x08001f6a   0x00000022   Code   RO          482    i.drv_get_key_val   drv_key.o
    0x08001f8c   0x08001f8c   0x0000003a   Code   RO          706    i.drv_get_rtc_time  drv_rtc.o
    0x08001fc6   0x08001fc6   0x00000028   Code   RO          248    i.drv_init          main.o
    0x08001fee   0x08001fee   0x00000008   Code   RO          483    i.drv_key_init      drv_key.o
    0x08001ff6   0x08001ff6   0x00000002   PAD
    0x08001ff8   0x08001ff8   0x0000005c   Code   RO          442    i.drv_led_init      drv_led.o
    0x08002054   0x08002054   0x0000002c   Code   RO          443    i.drv_led_off       drv_led.o
    0x08002080   0x08002080   0x0000002c   Code   RO          444    i.drv_led_on        drv_led.o
    0x080020ac   0x080020ac   0x0000000c   Code   RO          627    i.drv_pwm_init      drv_pwm.o
    0x080020b8   0x080020b8   0x0000009c   Code   RO          707    i.drv_rtc_init      drv_rtc.o
    0x08002154   0x08002154   0x00000046   Code   RO          708    i.drv_set_rtc_time  drv_rtc.o
    0x0800219a   0x0800219a   0x00000010   Code   RO          522    i.drv_uart_init     drv_uart.o
    0x080021aa   0x080021aa   0x00000002   PAD
    0x080021ac   0x080021ac   0x00000020   Code   RO          740    i.feed_dog          drv_dgt.o
    0x080021cc   0x080021cc   0x00000010   Code   RO          523    i.fputc             drv_uart.o
    0x080021dc   0x080021dc   0x00000068   Code   RO         2475    i.fwdgt_config      gd32f30x_fwdgt.o
    0x08002244   0x08002244   0x00000010   Code   RO         2476    i.fwdgt_counter_reload  gd32f30x_fwdgt.o
    0x08002254   0x08002254   0x00000010   Code   RO         2477    i.fwdgt_enable      gd32f30x_fwdgt.o
    0x08002264   0x08002264   0x00000004   Code   RO         2538    i.gpio_bit_reset    gd32f30x_gpio.o
    0x08002268   0x08002268   0x00000004   Code   RO         2539    i.gpio_bit_set      gd32f30x_gpio.o
    0x0800226c   0x0800226c   0x000000bc   Code   RO         2548    i.gpio_init         gd32f30x_gpio.o
    0x08002328   0x08002328   0x00000010   Code   RO         2549    i.gpio_input_bit_get  gd32f30x_gpio.o
    0x08002338   0x08002338   0x00000040   Code   RO          484    i.key_gpio_init     drv_key.o
    0x08002378   0x08002378   0x00000214   Code   RO          485    i.key_scan          drv_key.o
    0x0800258c   0x0800258c   0x00000064   Code   RO          249    i.main              main.o
    0x080025f0   0x080025f0   0x000000c4   Code   RO         2866    i.nvic_irq_enable   gd32f30x_misc.o
    0x080026b4   0x080026b4   0x00000014   Code   RO         2867    i.nvic_priority_group_set  gd32f30x_misc.o
    0x080026c8   0x080026c8   0x00000014   Code   RO         2922    i.pmu_backup_write_enable  gd32f30x_pmu.o
    0x080026dc   0x080026dc   0x00000014   Code   RO          368    i.pro_uart_data     app_uart.o
    0x080026f0   0x080026f0   0x0000006c   Code   RO         3056    i.rcu_adc_clock_config  gd32f30x_rcu.o
    0x0800275c   0x0800275c   0x00000014   Code   RO         3061    i.rcu_bkp_reset_disable  gd32f30x_rcu.o
    0x08002770   0x08002770   0x00000014   Code   RO         3062    i.rcu_bkp_reset_enable  gd32f30x_rcu.o
    0x08002784   0x08002784   0x00000158   Code   RO         3065    i.rcu_clock_freq_get  gd32f30x_rcu.o
    0x080028dc   0x080028dc   0x00000024   Code   RO         3068    i.rcu_flag_get      gd32f30x_rcu.o
    0x08002900   0x08002900   0x00000020   Code   RO         3080    i.rcu_osci_on       gd32f30x_rcu.o
    0x08002920   0x08002920   0x00000110   Code   RO         3081    i.rcu_osci_stab_wait  gd32f30x_rcu.o
    0x08002a30   0x08002a30   0x00000020   Code   RO         3083    i.rcu_periph_clock_enable  gd32f30x_rcu.o
    0x08002a50   0x08002a50   0x00000020   Code   RO         3086    i.rcu_periph_reset_disable  gd32f30x_rcu.o
    0x08002a70   0x08002a70   0x00000020   Code   RO         3087    i.rcu_periph_reset_enable  gd32f30x_rcu.o
    0x08002a90   0x08002a90   0x00000018   Code   RO         3091    i.rcu_rtc_clock_config  gd32f30x_rcu.o
    0x08002aa8   0x08002aa8   0x00000014   Code   RO         3305    i.rtc_configuration_mode_enter  gd32f30x_rtc.o
    0x08002abc   0x08002abc   0x00000014   Code   RO         3306    i.rtc_configuration_mode_exit  gd32f30x_rtc.o
    0x08002ad0   0x08002ad0   0x00000014   Code   RO         3307    i.rtc_counter_get   gd32f30x_rtc.o
    0x08002ae4   0x08002ae4   0x00000020   Code   RO         3308    i.rtc_counter_set   gd32f30x_rtc.o
    0x08002b04   0x08002b04   0x00000014   Code   RO         3314    i.rtc_lwoff_wait    gd32f30x_rtc.o
    0x08002b18   0x08002b18   0x00000020   Code   RO         3315    i.rtc_prescaler_set  gd32f30x_rtc.o
    0x08002b38   0x08002b38   0x00000020   Code   RO         3316    i.rtc_register_sync_wait  gd32f30x_rtc.o
    0x08002b58   0x08002b58   0x00000054   Code   RO          417    i.rtc_task          app_key.o
    0x08002bac   0x08002bac   0x0000000c   Code   RO          199    i.sys_callback      sys_tick.o
    0x08002bb8   0x08002bb8   0x0000000c   Code   RO          250    i.sys_init          main.o
    0x08002bc4   0x08002bc4   0x0000000c   Code   RO          200    i.sys_tick_get_runtime  sys_tick.o
    0x08002bd0   0x08002bd0   0x00000064   Code   RO          201    i.sys_tick_init     sys_tick.o
    0x08002c34   0x08002c34   0x00000114   Code   RO           14    i.system_clock_120m_hxtal  system_gd32f30x.o
    0x08002d48   0x08002d48   0x00000008   Code   RO           15    i.system_clock_config  system_gd32f30x.o
    0x08002d50   0x08002d50   0x00000010   Code   RO          327    i.task_init         task.o
    0x08002d60   0x08002d60   0x0000003c   Code   RO          328    i.task_loop         task.o
    0x08002d9c   0x08002d9c   0x0000008c   Code   RO          329    i.task_tick_hook    task.o
    0x08002e28   0x08002e28   0x0000002a   Code   RO         3955    i.timer_channel_capture_value_register_read  gd32f30x_timer.o
    0x08002e52   0x08002e52   0x0000005a   Code   RO         3961    i.timer_channel_input_capture_prescaler_config  gd32f30x_timer.o
    0x08002eac   0x08002eac   0x00000010   Code   RO         3962    i.timer_channel_input_struct_para_init  gd32f30x_timer.o
    0x08002ebc   0x08002ebc   0x000001ec   Code   RO         3964    i.timer_channel_output_config  gd32f30x_timer.o
    0x080030a8   0x080030a8   0x0000005a   Code   RO         3966    i.timer_channel_output_mode_config  gd32f30x_timer.o
    0x08003102   0x08003102   0x00000026   Code   RO         3968    i.timer_channel_output_pulse_value_config  gd32f30x_timer.o
    0x08003128   0x08003128   0x0000005a   Code   RO         3969    i.timer_channel_output_shadow_config  gd32f30x_timer.o
    0x08003182   0x08003182   0x00000010   Code   RO         3971    i.timer_channel_output_struct_para_init  gd32f30x_timer.o
    0x08003192   0x08003192   0x00000004   Code   RO         3976    i.timer_counter_value_config  gd32f30x_timer.o
    0x08003196   0x08003196   0x00000002   PAD
    0x08003198   0x08003198   0x000000dc   Code   RO         3977    i.timer_deinit      gd32f30x_timer.o
    0x08003274   0x08003274   0x0000000a   Code   RO         3982    i.timer_enable      gd32f30x_timer.o
    0x0800327e   0x0800327e   0x00000002   PAD
    0x08003280   0x08003280   0x00000098   Code   RO         3992    i.timer_init        gd32f30x_timer.o
    0x08003318   0x08003318   0x00000146   Code   RO         3993    i.timer_input_capture_config  gd32f30x_timer.o
    0x0800345e   0x0800345e   0x00000164   Code   RO         3994    i.timer_input_pwm_capture_config  gd32f30x_timer.o
    0x080035c2   0x080035c2   0x00000008   Code   RO         3999    i.timer_interrupt_enable  gd32f30x_timer.o
    0x080035ca   0x080035ca   0x00000006   Code   RO         4000    i.timer_interrupt_flag_clear  gd32f30x_timer.o
    0x080035d0   0x080035d0   0x00000018   Code   RO         4001    i.timer_interrupt_flag_get  gd32f30x_timer.o
    0x080035e8   0x080035e8   0x00000018   Code   RO         4007    i.timer_primary_output_config  gd32f30x_timer.o
    0x08003600   0x08003600   0x00000016   Code   RO         4012    i.timer_struct_para_init  gd32f30x_timer.o
    0x08003616   0x08003616   0x00000002   PAD
    0x08003618   0x08003618   0x00000080   Code   RO          629    i.timerinit         drv_pwm.o
    0x08003698   0x08003698   0x0000007e   Code   RO          666    i.timerinit         drv_capture.o
    0x08003716   0x08003716   0x00000002   PAD
    0x08003718   0x08003718   0x0000000c   Code   RO          524    i.uart_callback     drv_uart.o
    0x08003724   0x08003724   0x0000002c   Code   RO          525    i.uart_gpio_init    drv_uart.o
    0x08003750   0x08003750   0x00000078   Code   RO          526    i.uart_init         drv_uart.o
    0x080037c8   0x080037c8   0x00000024   Code   RO          527    i.uart_send_char    drv_uart.o
    0x080037ec   0x080037ec   0x00000090   Code   RO         4387    i.usart_baudrate_set  gd32f30x_usart.o
    0x0800387c   0x0800387c   0x0000000a   Code   RO         4390    i.usart_data_receive  gd32f30x_usart.o
    0x08003886   0x08003886   0x00000008   Code   RO         4391    i.usart_data_transmit  gd32f30x_usart.o
    0x0800388e   0x0800388e   0x00000002   PAD
    0x08003890   0x08003890   0x00000090   Code   RO         4392    i.usart_deinit      gd32f30x_usart.o
    0x08003920   0x08003920   0x0000000a   Code   RO         4396    i.usart_enable      gd32f30x_usart.o
    0x0800392a   0x0800392a   0x0000001e   Code   RO         4398    i.usart_flag_get    gd32f30x_usart.o
    0x08003948   0x08003948   0x0000001a   Code   RO         4405    i.usart_interrupt_enable  gd32f30x_usart.o
    0x08003962   0x08003962   0x00000012   Code   RO         4406    i.usart_interrupt_flag_clear  gd32f30x_usart.o
    0x08003974   0x08003974   0x00000038   Code   RO         4407    i.usart_interrupt_flag_get  gd32f30x_usart.o
    0x080039ac   0x080039ac   0x00000010   Code   RO         4418    i.usart_parity_config  gd32f30x_usart.o
    0x080039bc   0x080039bc   0x00000014   Code   RO         4420    i.usart_receive_config  gd32f30x_usart.o
    0x080039d0   0x080039d0   0x00000010   Code   RO         4430    i.usart_stop_bit_set  gd32f30x_usart.o
    0x080039e0   0x080039e0   0x00000014   Code   RO         4434    i.usart_transmit_config  gd32f30x_usart.o
    0x080039f4   0x080039f4   0x00000010   Code   RO         4435    i.usart_word_length_set  gd32f30x_usart.o
    0x08003a04   0x08003a04   0x00000014   Data   RO          251    .constdata          main.o
    0x08003a18   0x08003a18   0x00000024   Data   RO          446    .constdata          drv_led.o
    0x08003a3c   0x08003a3c   0x00000030   Data   RO          487    .constdata          drv_key.o
    0x08003a6c   0x08003a6c   0x00000018   Data   RO          529    .constdata          drv_uart.o
    0x08003a84   0x08003a84   0x00000008   Data   RO          709    .constdata          drv_rtc.o
    0x08003a8c   0x08003a8c   0x0000000c   Data   RO         4764    .constdata          mc_w.l(mktime.o)
    0x08003a98   0x08003a98   0x0000000c   Data   RO         5062    .constdata          mc_w.l(localtime_i.o)
    0x08003aa4   0x08003aa4   0x00000020   Data   RO         5085    Region$$Table       anon$$obj.o


    Execution Region RW_IRAM1 (Exec base: 0x20000000, Load base: 0x08003ac4, Size: 0x00000660, Max: 0x00010000, ABSOLUTE)

    Exec Addr    Load Addr    Size         Type   Attr      Idx    E Section Name        Object

    0x20000000   0x08003ac4   0x0000000c   Data   RW          202    .data               sys_tick.o
    0x2000000c   0x08003ad0   0x00000004   PAD
    0x20000010   0x08003ad4   0x000000a0   Data   RW          330    .data               task.o
    0x200000b0   0x08003b74   0x00000006   Data   RW          370    .data               app_uart.o
    0x200000b6   0x08003b7a   0x00000002   PAD
    0x200000b8   0x08003b7c   0x00000004   Data   RW          530    .data               drv_uart.o
    0x200000bc   0x08003b80   0x00000008   Data   RW          667    .data               drv_capture.o
    0x200000c4   0x08003b88   0x00000004   Data   RW          815    .data               drv_adc_dma.o
    0x200000c8   0x08003b8c   0x00000004   Data   RW         5053    .data               mc_w.l(stdout.o)
    0x200000cc        -       0x00000102   Zero   RW          369    .bss                app_uart.o
    0x200001ce   0x08003b90   0x00000002   PAD
    0x200001d0        -       0x00000060   Zero   RW          486    .bss                drv_key.o
    0x20000230        -       0x0000002c   Zero   RW         5059    .bss                mc_w.l(localtime_w.o)
    0x2000025c   0x08003b90   0x00000004   PAD
    0x20000260        -       0x00000400   Zero   RW            1    STACK               startup_gd32f30x_hd.o


==============================================================================

Image component sizes


      Code (inc. data)   RO Data    RW Data    ZI Data      Debug   Object Name

       624        380          0          0          0       1110   app_key.o
       526         54          0          6        258       5417   app_uart.o
       104         18          0          0          0       2240   delay.o
       388         56          0          4          0       3089   drv_adc_dma.o
       238         14          0          8          0       2667   drv_capture.o
        50         18          0          0          0        946   drv_dgt.o
       638         14         48          0         96       3321   drv_key.o
       180         14         36          0          0       2210   drv_led.o
       172         10          0          0          0       1479   drv_pwm.o
       284          6          8          0          0       2205   drv_rtc.o
       308         32         24          4          0       4449   drv_uart.o
       664          6          0          0          0       7984   gd32f30x_adc.o
       120         12          0          0          0       1650   gd32f30x_bkp.o
       566          6          0          0          0       4081   gd32f30x_dma.o
       136         22          0          0          0       1753   gd32f30x_fwdgt.o
       212          0          0          0          0       2541   gd32f30x_gpio.o
       216         20          0          0          0       1356   gd32f30x_misc.o
        20          6          0          0          0        482   gd32f30x_pmu.o
       952        100          0          0          0       6863   gd32f30x_rcu.o
       176         34          0          0          0       3555   gd32f30x_rtc.o
      2026         48          0          0          0      12744   gd32f30x_timer.o
       534         16          0          0          0       8338   gd32f30x_usart.o
       198         26         20          0          0       4551   main.o
        96          0          0          0          0       2055   queue.o
        36          8        304          0       1024        844   startup_gd32f30x_hd.o
       164         28          0         12          0      29103   sys_tick.o
       452         30          0          0          0      57581   system_gd32f30x.o
       216         14          0        160          0       2308   task.o

    ----------------------------------------------------------------------
     10318        992        472        200       1380     176922   Object Totals
         0          0         32          0          0          0   (incl. Generated)
        22          0          0          6          2          0   (incl. Padding)

    ----------------------------------------------------------------------

      Code (inc. data)   RO Data    RW Data    ZI Data      Debug   Library Member Name

         0          0          0          0          0          0   entry.o
         0          0          0          0          0          0   entry10a.o
         0          0          0          0          0          0   entry11a.o
         8          4          0          0          0          0   entry2.o
         4          0          0          0          0          0   entry5.o
         0          0          0          0          0          0   entry7b.o
         0          0          0          0          0          0   entry8b.o
         8          4          0          0          0          0   entry9a.o
        30          0          0          0          0          0   handlers.o
        36          8          0          0          0         68   init.o
         0          0          0          0          0          0   iusefp.o
        30          0          0          0          0         68   llshl.o
        36          0          0          0          0         68   llsshr.o
        32          0          0          0          0         68   llushr.o
       140          6         12          0          0         76   localtime_i.o
        12          6          0          0         44         68   localtime_w.o
        64          0          0          0          0         76   memmovea.o
        36          0          0          0          0        108   memseta.o
       168         18         12          0          0         80   mktime.o
      2258         90          0          0          0        452   printfa.o
       156          0          0          0          0         88   qsort.o
         0          0          0          4          0          0   stdout.o
        44          0          0          0          0         80   uidiv.o
        98          0          0          0          0         92   uldiv.o
        48          0          0          0          0         68   cdrcmple.o
       334          0          0          0          0        148   dadd.o
       222          0          0          0          0        100   ddiv.o
       186          0          0          0          0        176   depilogue.o
        48          0          0          0          0         68   dfixul.o
       228          0          0          0          0         96   dmul.o

    ----------------------------------------------------------------------
      4230        136         24          4         48       2048   Library Totals
         4          0          0          0          4          0   (incl. Padding)

    ----------------------------------------------------------------------

      Code (inc. data)   RO Data    RW Data    ZI Data      Debug   Library Name

      3160        136         24          4         44       1392   mc_w.l
      1066          0          0          0          0        656   mf_w.l

    ----------------------------------------------------------------------
      4230        136         24          4         48       2048   Library Totals

    ----------------------------------------------------------------------

==============================================================================


      Code (inc. data)   RO Data    RW Data    ZI Data      Debug   

     14548       1128        496        204       1428     164482   Grand Totals
     14548       1128        496        204       1428     164482   ELF Image Totals
     14548       1128        496        204          0          0   ROM Totals

==============================================================================

    Total RO  Size (Code + RO Data)                15044 (  14.69kB)
    Total RW  Size (RW Data + ZI Data)              1632 (   1.59kB)
    Total ROM Size (Code + RO Data + RW Data)      15248 (  14.89kB)

==============================================================================

