<!doctype html public "-//w3c//dtd html 4.0 transitional//en">
<html><head>
<title>Static Call Graph - [.\Objects\Dwt_delay.axf]</title></head>
<body><HR>
<H1>Static Call Graph for image .\Objects\Dwt_delay.axf</H1><HR>
<BR><P>#&#060CALLGRAPH&#062# ARM Linker, 5060750: Last Updated: Fri Jan 30 15:53:43 2026
<BR><P>
<H3>Maximum Stack Usage =        140 bytes + Unknown(Cycles, Untraceable Function Pointers)</H3><H3>
Call chain for Maximum Stack Depth:</H3>
main &rArr; drv_init &rArr; drv_uart_init &rArr; uart_init &rArr; usart_baudrate_set &rArr; rcu_clock_freq_get
<P>
<H3>
Mutually Recursive functions
</H3> <LI><a href="#[1]">NMI_Handler</a>&nbsp;&nbsp;&nbsp;&rArr;&nbsp;&nbsp;&nbsp;<a href="#[1]">NMI_Handler</a><BR>
 <LI><a href="#[2]">HardFault_Handler</a>&nbsp;&nbsp;&nbsp;&rArr;&nbsp;&nbsp;&nbsp;<a href="#[2]">HardFault_Handler</a><BR>
 <LI><a href="#[3]">MemManage_Handler</a>&nbsp;&nbsp;&nbsp;&rArr;&nbsp;&nbsp;&nbsp;<a href="#[3]">MemManage_Handler</a><BR>
 <LI><a href="#[4]">BusFault_Handler</a>&nbsp;&nbsp;&nbsp;&rArr;&nbsp;&nbsp;&nbsp;<a href="#[4]">BusFault_Handler</a><BR>
 <LI><a href="#[5]">UsageFault_Handler</a>&nbsp;&nbsp;&nbsp;&rArr;&nbsp;&nbsp;&nbsp;<a href="#[5]">UsageFault_Handler</a><BR>
 <LI><a href="#[6]">SVC_Handler</a>&nbsp;&nbsp;&nbsp;&rArr;&nbsp;&nbsp;&nbsp;<a href="#[6]">SVC_Handler</a><BR>
 <LI><a href="#[7]">DebugMon_Handler</a>&nbsp;&nbsp;&nbsp;&rArr;&nbsp;&nbsp;&nbsp;<a href="#[7]">DebugMon_Handler</a><BR>
 <LI><a href="#[8]">PendSV_Handler</a>&nbsp;&nbsp;&nbsp;&rArr;&nbsp;&nbsp;&nbsp;<a href="#[8]">PendSV_Handler</a><BR>
 <LI><a href="#[1c]">ADC0_1_IRQHandler</a>&nbsp;&nbsp;&nbsp;&rArr;&nbsp;&nbsp;&nbsp;<a href="#[1c]">ADC0_1_IRQHandler</a><BR>
 <LI><a href="#[55]">qsort</a>&nbsp;&nbsp;&nbsp;&rArr;&nbsp;&nbsp;&nbsp;<a href="#[55]">qsort</a><BR>
</UL>
<P>
<H3>
Function Pointers
</H3><UL>
 <LI><a href="#[1c]">ADC0_1_IRQHandler</a> from startup_gd32f30x_hd.o(.text) referenced from startup_gd32f30x_hd.o(RESET)
 <LI><a href="#[39]">ADC2_IRQHandler</a> from startup_gd32f30x_hd.o(.text) referenced from startup_gd32f30x_hd.o(RESET)
 <LI><a href="#[4]">BusFault_Handler</a> from startup_gd32f30x_hd.o(.text) referenced from startup_gd32f30x_hd.o(RESET)
 <LI><a href="#[20]">CAN0_EWMC_IRQHandler</a> from startup_gd32f30x_hd.o(.text) referenced from startup_gd32f30x_hd.o(RESET)
 <LI><a href="#[1f]">CAN0_RX1_IRQHandler</a> from startup_gd32f30x_hd.o(.text) referenced from startup_gd32f30x_hd.o(RESET)
 <LI><a href="#[49]">CmpCb</a> from drv_temp.o(i.CmpCb) referenced from drv_temp.o(i.MedianAvgFltr)
 <LI><a href="#[15]">DMA0_Channel0_IRQHandler</a> from startup_gd32f30x_hd.o(.text) referenced from startup_gd32f30x_hd.o(RESET)
 <LI><a href="#[16]">DMA0_Channel1_IRQHandler</a> from startup_gd32f30x_hd.o(.text) referenced from startup_gd32f30x_hd.o(RESET)
 <LI><a href="#[17]">DMA0_Channel2_IRQHandler</a> from startup_gd32f30x_hd.o(.text) referenced from startup_gd32f30x_hd.o(RESET)
 <LI><a href="#[18]">DMA0_Channel3_IRQHandler</a> from startup_gd32f30x_hd.o(.text) referenced from startup_gd32f30x_hd.o(RESET)
 <LI><a href="#[19]">DMA0_Channel4_IRQHandler</a> from startup_gd32f30x_hd.o(.text) referenced from startup_gd32f30x_hd.o(RESET)
 <LI><a href="#[1a]">DMA0_Channel5_IRQHandler</a> from startup_gd32f30x_hd.o(.text) referenced from startup_gd32f30x_hd.o(RESET)
 <LI><a href="#[1b]">DMA0_Channel6_IRQHandler</a> from startup_gd32f30x_hd.o(.text) referenced from startup_gd32f30x_hd.o(RESET)
 <LI><a href="#[42]">DMA1_Channel0_IRQHandler</a> from startup_gd32f30x_hd.o(.text) referenced from startup_gd32f30x_hd.o(RESET)
 <LI><a href="#[43]">DMA1_Channel1_IRQHandler</a> from startup_gd32f30x_hd.o(.text) referenced from startup_gd32f30x_hd.o(RESET)
 <LI><a href="#[44]">DMA1_Channel2_IRQHandler</a> from startup_gd32f30x_hd.o(.text) referenced from startup_gd32f30x_hd.o(RESET)
 <LI><a href="#[45]">DMA1_Channel3_4_IRQHandler</a> from startup_gd32f30x_hd.o(.text) referenced from startup_gd32f30x_hd.o(RESET)
 <LI><a href="#[7]">DebugMon_Handler</a> from startup_gd32f30x_hd.o(.text) referenced from startup_gd32f30x_hd.o(RESET)
 <LI><a href="#[3a]">EXMC_IRQHandler</a> from startup_gd32f30x_hd.o(.text) referenced from startup_gd32f30x_hd.o(RESET)
 <LI><a href="#[10]">EXTI0_IRQHandler</a> from startup_gd32f30x_hd.o(.text) referenced from startup_gd32f30x_hd.o(RESET)
 <LI><a href="#[32]">EXTI10_15_IRQHandler</a> from startup_gd32f30x_hd.o(.text) referenced from startup_gd32f30x_hd.o(RESET)
 <LI><a href="#[11]">EXTI1_IRQHandler</a> from startup_gd32f30x_hd.o(.text) referenced from startup_gd32f30x_hd.o(RESET)
 <LI><a href="#[12]">EXTI2_IRQHandler</a> from startup_gd32f30x_hd.o(.text) referenced from startup_gd32f30x_hd.o(RESET)
 <LI><a href="#[13]">EXTI3_IRQHandler</a> from startup_gd32f30x_hd.o(.text) referenced from startup_gd32f30x_hd.o(RESET)
 <LI><a href="#[14]">EXTI4_IRQHandler</a> from startup_gd32f30x_hd.o(.text) referenced from startup_gd32f30x_hd.o(RESET)
 <LI><a href="#[21]">EXTI5_9_IRQHandler</a> from startup_gd32f30x_hd.o(.text) referenced from startup_gd32f30x_hd.o(RESET)
 <LI><a href="#[e]">FMC_IRQHandler</a> from startup_gd32f30x_hd.o(.text) referenced from startup_gd32f30x_hd.o(RESET)
 <LI><a href="#[2]">HardFault_Handler</a> from startup_gd32f30x_hd.o(.text) referenced from startup_gd32f30x_hd.o(RESET)
 <LI><a href="#[2a]">I2C0_ER_IRQHandler</a> from startup_gd32f30x_hd.o(.text) referenced from startup_gd32f30x_hd.o(RESET)
 <LI><a href="#[29]">I2C0_EV_IRQHandler</a> from startup_gd32f30x_hd.o(.text) referenced from startup_gd32f30x_hd.o(RESET)
 <LI><a href="#[2c]">I2C1_ER_IRQHandler</a> from startup_gd32f30x_hd.o(.text) referenced from startup_gd32f30x_hd.o(RESET)
 <LI><a href="#[2b]">I2C1_EV_IRQHandler</a> from startup_gd32f30x_hd.o(.text) referenced from startup_gd32f30x_hd.o(RESET)
 <LI><a href="#[b]">LVD_IRQHandler</a> from startup_gd32f30x_hd.o(.text) referenced from startup_gd32f30x_hd.o(RESET)
 <LI><a href="#[3]">MemManage_Handler</a> from startup_gd32f30x_hd.o(.text) referenced from startup_gd32f30x_hd.o(RESET)
 <LI><a href="#[1]">NMI_Handler</a> from startup_gd32f30x_hd.o(.text) referenced from startup_gd32f30x_hd.o(RESET)
 <LI><a href="#[8]">PendSV_Handler</a> from startup_gd32f30x_hd.o(.text) referenced from startup_gd32f30x_hd.o(RESET)
 <LI><a href="#[f]">RCU_CTC_IRQHandler</a> from startup_gd32f30x_hd.o(.text) referenced from startup_gd32f30x_hd.o(RESET)
 <LI><a href="#[33]">RTC_Alarm_IRQHandler</a> from startup_gd32f30x_hd.o(.text) referenced from startup_gd32f30x_hd.o(RESET)
 <LI><a href="#[d]">RTC_IRQHandler</a> from startup_gd32f30x_hd.o(.text) referenced from startup_gd32f30x_hd.o(RESET)
 <LI><a href="#[0]">Reset_Handler</a> from startup_gd32f30x_hd.o(.text) referenced from startup_gd32f30x_hd.o(RESET)
 <LI><a href="#[3b]">SDIO_IRQHandler</a> from startup_gd32f30x_hd.o(.text) referenced from startup_gd32f30x_hd.o(RESET)
 <LI><a href="#[2d]">SPI0_IRQHandler</a> from startup_gd32f30x_hd.o(.text) referenced from startup_gd32f30x_hd.o(RESET)
 <LI><a href="#[2e]">SPI1_IRQHandler</a> from startup_gd32f30x_hd.o(.text) referenced from startup_gd32f30x_hd.o(RESET)
 <LI><a href="#[3d]">SPI2_IRQHandler</a> from startup_gd32f30x_hd.o(.text) referenced from startup_gd32f30x_hd.o(RESET)
 <LI><a href="#[6]">SVC_Handler</a> from startup_gd32f30x_hd.o(.text) referenced from startup_gd32f30x_hd.o(RESET)
 <LI><a href="#[9]">SysTick_Handler</a> from sys_tick.o(i.SysTick_Handler) referenced from startup_gd32f30x_hd.o(RESET)
 <LI><a href="#[47]">SystemInit</a> from system_gd32f30x.o(i.SystemInit) referenced from startup_gd32f30x_hd.o(.text)
 <LI><a href="#[c]">TAMPER_IRQHandler</a> from startup_gd32f30x_hd.o(.text) referenced from startup_gd32f30x_hd.o(RESET)
 <LI><a href="#[22]">TIMER0_BRK_IRQHandler</a> from startup_gd32f30x_hd.o(.text) referenced from startup_gd32f30x_hd.o(RESET)
 <LI><a href="#[25]">TIMER0_Channel_IRQHandler</a> from startup_gd32f30x_hd.o(.text) referenced from startup_gd32f30x_hd.o(RESET)
 <LI><a href="#[24]">TIMER0_TRG_CMT_IRQHandler</a> from startup_gd32f30x_hd.o(.text) referenced from startup_gd32f30x_hd.o(RESET)
 <LI><a href="#[23]">TIMER0_UP_IRQHandler</a> from startup_gd32f30x_hd.o(.text) referenced from startup_gd32f30x_hd.o(RESET)
 <LI><a href="#[26]">TIMER1_IRQHandler</a> from drv_capture.o(i.TIMER1_IRQHandler) referenced from startup_gd32f30x_hd.o(RESET)
 <LI><a href="#[27]">TIMER2_IRQHandler</a> from startup_gd32f30x_hd.o(.text) referenced from startup_gd32f30x_hd.o(RESET)
 <LI><a href="#[28]">TIMER3_IRQHandler</a> from startup_gd32f30x_hd.o(.text) referenced from startup_gd32f30x_hd.o(RESET)
 <LI><a href="#[3c]">TIMER4_IRQHandler</a> from drv_hum.o(i.TIMER4_IRQHandler) referenced from startup_gd32f30x_hd.o(RESET)
 <LI><a href="#[40]">TIMER5_IRQHandler</a> from startup_gd32f30x_hd.o(.text) referenced from startup_gd32f30x_hd.o(RESET)
 <LI><a href="#[41]">TIMER6_IRQHandler</a> from startup_gd32f30x_hd.o(.text) referenced from startup_gd32f30x_hd.o(RESET)
 <LI><a href="#[35]">TIMER7_BRK_IRQHandler</a> from startup_gd32f30x_hd.o(.text) referenced from startup_gd32f30x_hd.o(RESET)
 <LI><a href="#[38]">TIMER7_Channel_IRQHandler</a> from startup_gd32f30x_hd.o(.text) referenced from startup_gd32f30x_hd.o(RESET)
 <LI><a href="#[37]">TIMER7_TRG_CMT_IRQHandler</a> from startup_gd32f30x_hd.o(.text) referenced from startup_gd32f30x_hd.o(RESET)
 <LI><a href="#[36]">TIMER7_UP_IRQHandler</a> from startup_gd32f30x_hd.o(.text) referenced from startup_gd32f30x_hd.o(RESET)
 <LI><a href="#[3e]">UART3_IRQHandler</a> from startup_gd32f30x_hd.o(.text) referenced from startup_gd32f30x_hd.o(RESET)
 <LI><a href="#[3f]">UART4_IRQHandler</a> from startup_gd32f30x_hd.o(.text) referenced from startup_gd32f30x_hd.o(RESET)
 <LI><a href="#[2f]">USART0_IRQHandler</a> from drv_uart.o(i.USART0_IRQHandler) referenced from startup_gd32f30x_hd.o(RESET)
 <LI><a href="#[30]">USART1_IRQHandler</a> from startup_gd32f30x_hd.o(.text) referenced from startup_gd32f30x_hd.o(RESET)
 <LI><a href="#[31]">USART2_IRQHandler</a> from startup_gd32f30x_hd.o(.text) referenced from startup_gd32f30x_hd.o(RESET)
 <LI><a href="#[1d]">USBD_HP_CAN0_TX_IRQHandler</a> from startup_gd32f30x_hd.o(.text) referenced from startup_gd32f30x_hd.o(RESET)
 <LI><a href="#[1e]">USBD_LP_CAN0_RX0_IRQHandler</a> from startup_gd32f30x_hd.o(.text) referenced from startup_gd32f30x_hd.o(RESET)
 <LI><a href="#[34]">USBD_WKUP_IRQHandler</a> from startup_gd32f30x_hd.o(.text) referenced from startup_gd32f30x_hd.o(RESET)
 <LI><a href="#[5]">UsageFault_Handler</a> from startup_gd32f30x_hd.o(.text) referenced from startup_gd32f30x_hd.o(RESET)
 <LI><a href="#[a]">WWDGT_IRQHandler</a> from startup_gd32f30x_hd.o(.text) referenced from startup_gd32f30x_hd.o(RESET)
 <LI><a href="#[48]">__main</a> from entry.o(.ARM.Collect$$$$00000000) referenced from startup_gd32f30x_hd.o(.text)
 <LI><a href="#[4e]">app_key_task</a> from app_key.o(i.app_key_task) referenced from task.o(.data)
 <LI><a href="#[51]">app_sensor_printf_task</a> from app_sensor.o(i.app_sensor_printf_task) referenced from task.o(.data)
 <LI><a href="#[52]">app_sensor_task</a> from app_sensor.o(i.app_sensor_task) referenced from task.o(.data)
 <LI><a href="#[4d]">app_uart_task</a> from app_uart.o(i.app_uart_task) referenced from task.o(.data)
 <LI><a href="#[50]">feed_dog</a> from drv_dgt.o(i.feed_dog) referenced from task.o(.data)
 <LI><a href="#[4a]">fputc</a> from drv_uart.o(i.fputc) referenced from printfa.o(i.__0printf)
 <LI><a href="#[46]">main</a> from main.o(i.main) referenced from entry9a.o(.ARM.Collect$$$$0000000B)
 <LI><a href="#[4b]">pro_uart_data</a> from app_uart.o(i.pro_uart_data) referenced from app_uart.o(i.app_uart_init)
 <LI><a href="#[4f]">rtc_task</a> from app_key.o(i.rtc_task) referenced from task.o(.data)
 <LI><a href="#[4c]">task_tick_hook</a> from task.o(i.task_tick_hook) referenced from task.o(i.task_init)
</UL>
<P>
<H3>
Global Symbols
</H3>
<P><STRONG><a name="[48]"></a>__main</STRONG> (Thumb, 0 bytes, Stack size unknown bytes, entry.o(.ARM.Collect$$$$00000000))
<BR>[Address Reference Count : 1]<UL><LI> startup_gd32f30x_hd.o(.text)
</UL>
<P><STRONG><a name="[105]"></a>_main_stk</STRONG> (Thumb, 0 bytes, Stack size unknown bytes, entry2.o(.ARM.Collect$$$$00000001))

<P><STRONG><a name="[53]"></a>_main_scatterload</STRONG> (Thumb, 0 bytes, Stack size unknown bytes, entry5.o(.ARM.Collect$$$$00000004))
<BR><BR>[Calls]<UL><LI><a href="#[54]">&gt;&gt;</a>&nbsp;&nbsp;&nbsp;__scatterload
</UL>

<P><STRONG><a name="[68]"></a>__main_after_scatterload</STRONG> (Thumb, 0 bytes, Stack size unknown bytes, entry5.o(.ARM.Collect$$$$00000004))
<BR><BR>[Called By]<UL><LI><a href="#[54]">&gt;&gt;</a>&nbsp;&nbsp;&nbsp;__scatterload
</UL>

<P><STRONG><a name="[106]"></a>_main_clock</STRONG> (Thumb, 0 bytes, Stack size unknown bytes, entry7b.o(.ARM.Collect$$$$00000008))

<P><STRONG><a name="[107]"></a>_main_cpp_init</STRONG> (Thumb, 0 bytes, Stack size unknown bytes, entry8b.o(.ARM.Collect$$$$0000000A))

<P><STRONG><a name="[108]"></a>_main_init</STRONG> (Thumb, 0 bytes, Stack size unknown bytes, entry9a.o(.ARM.Collect$$$$0000000B))

<P><STRONG><a name="[109]"></a>__rt_final_cpp</STRONG> (Thumb, 0 bytes, Stack size unknown bytes, entry10a.o(.ARM.Collect$$$$0000000D))

<P><STRONG><a name="[10a]"></a>__rt_final_exit</STRONG> (Thumb, 0 bytes, Stack size unknown bytes, entry11a.o(.ARM.Collect$$$$0000000F))

<P><STRONG><a name="[0]"></a>Reset_Handler</STRONG> (Thumb, 8 bytes, Stack size 0 bytes, startup_gd32f30x_hd.o(.text))
<BR>[Address Reference Count : 1]<UL><LI> startup_gd32f30x_hd.o(RESET)
</UL>
<P><STRONG><a name="[1]"></a>NMI_Handler</STRONG> (Thumb, 2 bytes, Stack size 0 bytes, startup_gd32f30x_hd.o(.text))
<BR><BR>[Calls]<UL><LI><a href="#[1]">&gt;&gt;</a>&nbsp;&nbsp;&nbsp;NMI_Handler
</UL>
<BR>[Called By]<UL><LI><a href="#[1]">&gt;&gt;</a>&nbsp;&nbsp;&nbsp;NMI_Handler
</UL>
<BR>[Address Reference Count : 1]<UL><LI> startup_gd32f30x_hd.o(RESET)
</UL>
<P><STRONG><a name="[2]"></a>HardFault_Handler</STRONG> (Thumb, 2 bytes, Stack size 0 bytes, startup_gd32f30x_hd.o(.text))
<BR><BR>[Calls]<UL><LI><a href="#[2]">&gt;&gt;</a>&nbsp;&nbsp;&nbsp;HardFault_Handler
</UL>
<BR>[Called By]<UL><LI><a href="#[2]">&gt;&gt;</a>&nbsp;&nbsp;&nbsp;HardFault_Handler
</UL>
<BR>[Address Reference Count : 1]<UL><LI> startup_gd32f30x_hd.o(RESET)
</UL>
<P><STRONG><a name="[3]"></a>MemManage_Handler</STRONG> (Thumb, 2 bytes, Stack size 0 bytes, startup_gd32f30x_hd.o(.text))
<BR><BR>[Calls]<UL><LI><a href="#[3]">&gt;&gt;</a>&nbsp;&nbsp;&nbsp;MemManage_Handler
</UL>
<BR>[Called By]<UL><LI><a href="#[3]">&gt;&gt;</a>&nbsp;&nbsp;&nbsp;MemManage_Handler
</UL>
<BR>[Address Reference Count : 1]<UL><LI> startup_gd32f30x_hd.o(RESET)
</UL>
<P><STRONG><a name="[4]"></a>BusFault_Handler</STRONG> (Thumb, 2 bytes, Stack size 0 bytes, startup_gd32f30x_hd.o(.text))
<BR><BR>[Calls]<UL><LI><a href="#[4]">&gt;&gt;</a>&nbsp;&nbsp;&nbsp;BusFault_Handler
</UL>
<BR>[Called By]<UL><LI><a href="#[4]">&gt;&gt;</a>&nbsp;&nbsp;&nbsp;BusFault_Handler
</UL>
<BR>[Address Reference Count : 1]<UL><LI> startup_gd32f30x_hd.o(RESET)
</UL>
<P><STRONG><a name="[5]"></a>UsageFault_Handler</STRONG> (Thumb, 2 bytes, Stack size 0 bytes, startup_gd32f30x_hd.o(.text))
<BR><BR>[Calls]<UL><LI><a href="#[5]">&gt;&gt;</a>&nbsp;&nbsp;&nbsp;UsageFault_Handler
</UL>
<BR>[Called By]<UL><LI><a href="#[5]">&gt;&gt;</a>&nbsp;&nbsp;&nbsp;UsageFault_Handler
</UL>
<BR>[Address Reference Count : 1]<UL><LI> startup_gd32f30x_hd.o(RESET)
</UL>
<P><STRONG><a name="[6]"></a>SVC_Handler</STRONG> (Thumb, 2 bytes, Stack size 0 bytes, startup_gd32f30x_hd.o(.text))
<BR><BR>[Calls]<UL><LI><a href="#[6]">&gt;&gt;</a>&nbsp;&nbsp;&nbsp;SVC_Handler
</UL>
<BR>[Called By]<UL><LI><a href="#[6]">&gt;&gt;</a>&nbsp;&nbsp;&nbsp;SVC_Handler
</UL>
<BR>[Address Reference Count : 1]<UL><LI> startup_gd32f30x_hd.o(RESET)
</UL>
<P><STRONG><a name="[7]"></a>DebugMon_Handler</STRONG> (Thumb, 2 bytes, Stack size 0 bytes, startup_gd32f30x_hd.o(.text))
<BR><BR>[Calls]<UL><LI><a href="#[7]">&gt;&gt;</a>&nbsp;&nbsp;&nbsp;DebugMon_Handler
</UL>
<BR>[Called By]<UL><LI><a href="#[7]">&gt;&gt;</a>&nbsp;&nbsp;&nbsp;DebugMon_Handler
</UL>
<BR>[Address Reference Count : 1]<UL><LI> startup_gd32f30x_hd.o(RESET)
</UL>
<P><STRONG><a name="[8]"></a>PendSV_Handler</STRONG> (Thumb, 2 bytes, Stack size 0 bytes, startup_gd32f30x_hd.o(.text))
<BR><BR>[Calls]<UL><LI><a href="#[8]">&gt;&gt;</a>&nbsp;&nbsp;&nbsp;PendSV_Handler
</UL>
<BR>[Called By]<UL><LI><a href="#[8]">&gt;&gt;</a>&nbsp;&nbsp;&nbsp;PendSV_Handler
</UL>
<BR>[Address Reference Count : 1]<UL><LI> startup_gd32f30x_hd.o(RESET)
</UL>
<P><STRONG><a name="[1c]"></a>ADC0_1_IRQHandler</STRONG> (Thumb, 0 bytes, Stack size 0 bytes, startup_gd32f30x_hd.o(.text))
<BR><BR>[Calls]<UL><LI><a href="#[1c]">&gt;&gt;</a>&nbsp;&nbsp;&nbsp;ADC0_1_IRQHandler
</UL>
<BR>[Called By]<UL><LI><a href="#[1c]">&gt;&gt;</a>&nbsp;&nbsp;&nbsp;ADC0_1_IRQHandler
</UL>
<BR>[Address Reference Count : 1]<UL><LI> startup_gd32f30x_hd.o(RESET)
</UL>
<P><STRONG><a name="[39]"></a>ADC2_IRQHandler</STRONG> (Thumb, 0 bytes, Stack size 0 bytes, startup_gd32f30x_hd.o(.text))
<BR>[Address Reference Count : 1]<UL><LI> startup_gd32f30x_hd.o(RESET)
</UL>
<P><STRONG><a name="[20]"></a>CAN0_EWMC_IRQHandler</STRONG> (Thumb, 0 bytes, Stack size 0 bytes, startup_gd32f30x_hd.o(.text))
<BR>[Address Reference Count : 1]<UL><LI> startup_gd32f30x_hd.o(RESET)
</UL>
<P><STRONG><a name="[1f]"></a>CAN0_RX1_IRQHandler</STRONG> (Thumb, 0 bytes, Stack size 0 bytes, startup_gd32f30x_hd.o(.text))
<BR>[Address Reference Count : 1]<UL><LI> startup_gd32f30x_hd.o(RESET)
</UL>
<P><STRONG><a name="[15]"></a>DMA0_Channel0_IRQHandler</STRONG> (Thumb, 0 bytes, Stack size 0 bytes, startup_gd32f30x_hd.o(.text))
<BR>[Address Reference Count : 1]<UL><LI> startup_gd32f30x_hd.o(RESET)
</UL>
<P><STRONG><a name="[16]"></a>DMA0_Channel1_IRQHandler</STRONG> (Thumb, 0 bytes, Stack size 0 bytes, startup_gd32f30x_hd.o(.text))
<BR>[Address Reference Count : 1]<UL><LI> startup_gd32f30x_hd.o(RESET)
</UL>
<P><STRONG><a name="[17]"></a>DMA0_Channel2_IRQHandler</STRONG> (Thumb, 0 bytes, Stack size 0 bytes, startup_gd32f30x_hd.o(.text))
<BR>[Address Reference Count : 1]<UL><LI> startup_gd32f30x_hd.o(RESET)
</UL>
<P><STRONG><a name="[18]"></a>DMA0_Channel3_IRQHandler</STRONG> (Thumb, 0 bytes, Stack size 0 bytes, startup_gd32f30x_hd.o(.text))
<BR>[Address Reference Count : 1]<UL><LI> startup_gd32f30x_hd.o(RESET)
</UL>
<P><STRONG><a name="[19]"></a>DMA0_Channel4_IRQHandler</STRONG> (Thumb, 0 bytes, Stack size 0 bytes, startup_gd32f30x_hd.o(.text))
<BR>[Address Reference Count : 1]<UL><LI> startup_gd32f30x_hd.o(RESET)
</UL>
<P><STRONG><a name="[1a]"></a>DMA0_Channel5_IRQHandler</STRONG> (Thumb, 0 bytes, Stack size 0 bytes, startup_gd32f30x_hd.o(.text))
<BR>[Address Reference Count : 1]<UL><LI> startup_gd32f30x_hd.o(RESET)
</UL>
<P><STRONG><a name="[1b]"></a>DMA0_Channel6_IRQHandler</STRONG> (Thumb, 0 bytes, Stack size 0 bytes, startup_gd32f30x_hd.o(.text))
<BR>[Address Reference Count : 1]<UL><LI> startup_gd32f30x_hd.o(RESET)
</UL>
<P><STRONG><a name="[42]"></a>DMA1_Channel0_IRQHandler</STRONG> (Thumb, 0 bytes, Stack size 0 bytes, startup_gd32f30x_hd.o(.text))
<BR>[Address Reference Count : 1]<UL><LI> startup_gd32f30x_hd.o(RESET)
</UL>
<P><STRONG><a name="[43]"></a>DMA1_Channel1_IRQHandler</STRONG> (Thumb, 0 bytes, Stack size 0 bytes, startup_gd32f30x_hd.o(.text))
<BR>[Address Reference Count : 1]<UL><LI> startup_gd32f30x_hd.o(RESET)
</UL>
<P><STRONG><a name="[44]"></a>DMA1_Channel2_IRQHandler</STRONG> (Thumb, 0 bytes, Stack size 0 bytes, startup_gd32f30x_hd.o(.text))
<BR>[Address Reference Count : 1]<UL><LI> startup_gd32f30x_hd.o(RESET)
</UL>
<P><STRONG><a name="[45]"></a>DMA1_Channel3_4_IRQHandler</STRONG> (Thumb, 0 bytes, Stack size 0 bytes, startup_gd32f30x_hd.o(.text))
<BR>[Address Reference Count : 1]<UL><LI> startup_gd32f30x_hd.o(RESET)
</UL>
<P><STRONG><a name="[3a]"></a>EXMC_IRQHandler</STRONG> (Thumb, 0 bytes, Stack size 0 bytes, startup_gd32f30x_hd.o(.text))
<BR>[Address Reference Count : 1]<UL><LI> startup_gd32f30x_hd.o(RESET)
</UL>
<P><STRONG><a name="[10]"></a>EXTI0_IRQHandler</STRONG> (Thumb, 0 bytes, Stack size 0 bytes, startup_gd32f30x_hd.o(.text))
<BR>[Address Reference Count : 1]<UL><LI> startup_gd32f30x_hd.o(RESET)
</UL>
<P><STRONG><a name="[32]"></a>EXTI10_15_IRQHandler</STRONG> (Thumb, 0 bytes, Stack size 0 bytes, startup_gd32f30x_hd.o(.text))
<BR>[Address Reference Count : 1]<UL><LI> startup_gd32f30x_hd.o(RESET)
</UL>
<P><STRONG><a name="[11]"></a>EXTI1_IRQHandler</STRONG> (Thumb, 0 bytes, Stack size 0 bytes, startup_gd32f30x_hd.o(.text))
<BR>[Address Reference Count : 1]<UL><LI> startup_gd32f30x_hd.o(RESET)
</UL>
<P><STRONG><a name="[12]"></a>EXTI2_IRQHandler</STRONG> (Thumb, 0 bytes, Stack size 0 bytes, startup_gd32f30x_hd.o(.text))
<BR>[Address Reference Count : 1]<UL><LI> startup_gd32f30x_hd.o(RESET)
</UL>
<P><STRONG><a name="[13]"></a>EXTI3_IRQHandler</STRONG> (Thumb, 0 bytes, Stack size 0 bytes, startup_gd32f30x_hd.o(.text))
<BR>[Address Reference Count : 1]<UL><LI> startup_gd32f30x_hd.o(RESET)
</UL>
<P><STRONG><a name="[14]"></a>EXTI4_IRQHandler</STRONG> (Thumb, 0 bytes, Stack size 0 bytes, startup_gd32f30x_hd.o(.text))
<BR>[Address Reference Count : 1]<UL><LI> startup_gd32f30x_hd.o(RESET)
</UL>
<P><STRONG><a name="[21]"></a>EXTI5_9_IRQHandler</STRONG> (Thumb, 0 bytes, Stack size 0 bytes, startup_gd32f30x_hd.o(.text))
<BR>[Address Reference Count : 1]<UL><LI> startup_gd32f30x_hd.o(RESET)
</UL>
<P><STRONG><a name="[e]"></a>FMC_IRQHandler</STRONG> (Thumb, 0 bytes, Stack size 0 bytes, startup_gd32f30x_hd.o(.text))
<BR>[Address Reference Count : 1]<UL><LI> startup_gd32f30x_hd.o(RESET)
</UL>
<P><STRONG><a name="[2a]"></a>I2C0_ER_IRQHandler</STRONG> (Thumb, 0 bytes, Stack size 0 bytes, startup_gd32f30x_hd.o(.text))
<BR>[Address Reference Count : 1]<UL><LI> startup_gd32f30x_hd.o(RESET)
</UL>
<P><STRONG><a name="[29]"></a>I2C0_EV_IRQHandler</STRONG> (Thumb, 0 bytes, Stack size 0 bytes, startup_gd32f30x_hd.o(.text))
<BR>[Address Reference Count : 1]<UL><LI> startup_gd32f30x_hd.o(RESET)
</UL>
<P><STRONG><a name="[2c]"></a>I2C1_ER_IRQHandler</STRONG> (Thumb, 0 bytes, Stack size 0 bytes, startup_gd32f30x_hd.o(.text))
<BR>[Address Reference Count : 1]<UL><LI> startup_gd32f30x_hd.o(RESET)
</UL>
<P><STRONG><a name="[2b]"></a>I2C1_EV_IRQHandler</STRONG> (Thumb, 0 bytes, Stack size 0 bytes, startup_gd32f30x_hd.o(.text))
<BR>[Address Reference Count : 1]<UL><LI> startup_gd32f30x_hd.o(RESET)
</UL>
<P><STRONG><a name="[b]"></a>LVD_IRQHandler</STRONG> (Thumb, 0 bytes, Stack size 0 bytes, startup_gd32f30x_hd.o(.text))
<BR>[Address Reference Count : 1]<UL><LI> startup_gd32f30x_hd.o(RESET)
</UL>
<P><STRONG><a name="[f]"></a>RCU_CTC_IRQHandler</STRONG> (Thumb, 0 bytes, Stack size 0 bytes, startup_gd32f30x_hd.o(.text))
<BR>[Address Reference Count : 1]<UL><LI> startup_gd32f30x_hd.o(RESET)
</UL>
<P><STRONG><a name="[33]"></a>RTC_Alarm_IRQHandler</STRONG> (Thumb, 0 bytes, Stack size 0 bytes, startup_gd32f30x_hd.o(.text))
<BR>[Address Reference Count : 1]<UL><LI> startup_gd32f30x_hd.o(RESET)
</UL>
<P><STRONG><a name="[d]"></a>RTC_IRQHandler</STRONG> (Thumb, 0 bytes, Stack size 0 bytes, startup_gd32f30x_hd.o(.text))
<BR>[Address Reference Count : 1]<UL><LI> startup_gd32f30x_hd.o(RESET)
</UL>
<P><STRONG><a name="[3b]"></a>SDIO_IRQHandler</STRONG> (Thumb, 0 bytes, Stack size 0 bytes, startup_gd32f30x_hd.o(.text))
<BR>[Address Reference Count : 1]<UL><LI> startup_gd32f30x_hd.o(RESET)
</UL>
<P><STRONG><a name="[2d]"></a>SPI0_IRQHandler</STRONG> (Thumb, 0 bytes, Stack size 0 bytes, startup_gd32f30x_hd.o(.text))
<BR>[Address Reference Count : 1]<UL><LI> startup_gd32f30x_hd.o(RESET)
</UL>
<P><STRONG><a name="[2e]"></a>SPI1_IRQHandler</STRONG> (Thumb, 0 bytes, Stack size 0 bytes, startup_gd32f30x_hd.o(.text))
<BR>[Address Reference Count : 1]<UL><LI> startup_gd32f30x_hd.o(RESET)
</UL>
<P><STRONG><a name="[3d]"></a>SPI2_IRQHandler</STRONG> (Thumb, 0 bytes, Stack size 0 bytes, startup_gd32f30x_hd.o(.text))
<BR>[Address Reference Count : 1]<UL><LI> startup_gd32f30x_hd.o(RESET)
</UL>
<P><STRONG><a name="[c]"></a>TAMPER_IRQHandler</STRONG> (Thumb, 0 bytes, Stack size 0 bytes, startup_gd32f30x_hd.o(.text))
<BR>[Address Reference Count : 1]<UL><LI> startup_gd32f30x_hd.o(RESET)
</UL>
<P><STRONG><a name="[22]"></a>TIMER0_BRK_IRQHandler</STRONG> (Thumb, 0 bytes, Stack size 0 bytes, startup_gd32f30x_hd.o(.text))
<BR>[Address Reference Count : 1]<UL><LI> startup_gd32f30x_hd.o(RESET)
</UL>
<P><STRONG><a name="[25]"></a>TIMER0_Channel_IRQHandler</STRONG> (Thumb, 0 bytes, Stack size 0 bytes, startup_gd32f30x_hd.o(.text))
<BR>[Address Reference Count : 1]<UL><LI> startup_gd32f30x_hd.o(RESET)
</UL>
<P><STRONG><a name="[24]"></a>TIMER0_TRG_CMT_IRQHandler</STRONG> (Thumb, 0 bytes, Stack size 0 bytes, startup_gd32f30x_hd.o(.text))
<BR>[Address Reference Count : 1]<UL><LI> startup_gd32f30x_hd.o(RESET)
</UL>
<P><STRONG><a name="[23]"></a>TIMER0_UP_IRQHandler</STRONG> (Thumb, 0 bytes, Stack size 0 bytes, startup_gd32f30x_hd.o(.text))
<BR>[Address Reference Count : 1]<UL><LI> startup_gd32f30x_hd.o(RESET)
</UL>
<P><STRONG><a name="[27]"></a>TIMER2_IRQHandler</STRONG> (Thumb, 0 bytes, Stack size 0 bytes, startup_gd32f30x_hd.o(.text))
<BR>[Address Reference Count : 1]<UL><LI> startup_gd32f30x_hd.o(RESET)
</UL>
<P><STRONG><a name="[28]"></a>TIMER3_IRQHandler</STRONG> (Thumb, 0 bytes, Stack size 0 bytes, startup_gd32f30x_hd.o(.text))
<BR>[Address Reference Count : 1]<UL><LI> startup_gd32f30x_hd.o(RESET)
</UL>
<P><STRONG><a name="[40]"></a>TIMER5_IRQHandler</STRONG> (Thumb, 0 bytes, Stack size 0 bytes, startup_gd32f30x_hd.o(.text))
<BR>[Address Reference Count : 1]<UL><LI> startup_gd32f30x_hd.o(RESET)
</UL>
<P><STRONG><a name="[41]"></a>TIMER6_IRQHandler</STRONG> (Thumb, 0 bytes, Stack size 0 bytes, startup_gd32f30x_hd.o(.text))
<BR>[Address Reference Count : 1]<UL><LI> startup_gd32f30x_hd.o(RESET)
</UL>
<P><STRONG><a name="[35]"></a>TIMER7_BRK_IRQHandler</STRONG> (Thumb, 0 bytes, Stack size 0 bytes, startup_gd32f30x_hd.o(.text))
<BR>[Address Reference Count : 1]<UL><LI> startup_gd32f30x_hd.o(RESET)
</UL>
<P><STRONG><a name="[38]"></a>TIMER7_Channel_IRQHandler</STRONG> (Thumb, 0 bytes, Stack size 0 bytes, startup_gd32f30x_hd.o(.text))
<BR>[Address Reference Count : 1]<UL><LI> startup_gd32f30x_hd.o(RESET)
</UL>
<P><STRONG><a name="[37]"></a>TIMER7_TRG_CMT_IRQHandler</STRONG> (Thumb, 0 bytes, Stack size 0 bytes, startup_gd32f30x_hd.o(.text))
<BR>[Address Reference Count : 1]<UL><LI> startup_gd32f30x_hd.o(RESET)
</UL>
<P><STRONG><a name="[36]"></a>TIMER7_UP_IRQHandler</STRONG> (Thumb, 0 bytes, Stack size 0 bytes, startup_gd32f30x_hd.o(.text))
<BR>[Address Reference Count : 1]<UL><LI> startup_gd32f30x_hd.o(RESET)
</UL>
<P><STRONG><a name="[3e]"></a>UART3_IRQHandler</STRONG> (Thumb, 0 bytes, Stack size 0 bytes, startup_gd32f30x_hd.o(.text))
<BR>[Address Reference Count : 1]<UL><LI> startup_gd32f30x_hd.o(RESET)
</UL>
<P><STRONG><a name="[3f]"></a>UART4_IRQHandler</STRONG> (Thumb, 0 bytes, Stack size 0 bytes, startup_gd32f30x_hd.o(.text))
<BR>[Address Reference Count : 1]<UL><LI> startup_gd32f30x_hd.o(RESET)
</UL>
<P><STRONG><a name="[30]"></a>USART1_IRQHandler</STRONG> (Thumb, 0 bytes, Stack size 0 bytes, startup_gd32f30x_hd.o(.text))
<BR>[Address Reference Count : 1]<UL><LI> startup_gd32f30x_hd.o(RESET)
</UL>
<P><STRONG><a name="[31]"></a>USART2_IRQHandler</STRONG> (Thumb, 0 bytes, Stack size 0 bytes, startup_gd32f30x_hd.o(.text))
<BR>[Address Reference Count : 1]<UL><LI> startup_gd32f30x_hd.o(RESET)
</UL>
<P><STRONG><a name="[1d]"></a>USBD_HP_CAN0_TX_IRQHandler</STRONG> (Thumb, 0 bytes, Stack size 0 bytes, startup_gd32f30x_hd.o(.text))
<BR>[Address Reference Count : 1]<UL><LI> startup_gd32f30x_hd.o(RESET)
</UL>
<P><STRONG><a name="[1e]"></a>USBD_LP_CAN0_RX0_IRQHandler</STRONG> (Thumb, 0 bytes, Stack size 0 bytes, startup_gd32f30x_hd.o(.text))
<BR>[Address Reference Count : 1]<UL><LI> startup_gd32f30x_hd.o(RESET)
</UL>
<P><STRONG><a name="[34]"></a>USBD_WKUP_IRQHandler</STRONG> (Thumb, 0 bytes, Stack size 0 bytes, startup_gd32f30x_hd.o(.text))
<BR>[Address Reference Count : 1]<UL><LI> startup_gd32f30x_hd.o(RESET)
</UL>
<P><STRONG><a name="[a]"></a>WWDGT_IRQHandler</STRONG> (Thumb, 0 bytes, Stack size 0 bytes, startup_gd32f30x_hd.o(.text))
<BR>[Address Reference Count : 1]<UL><LI> startup_gd32f30x_hd.o(RESET)
</UL>
<P><STRONG><a name="[55]"></a>qsort</STRONG> (Thumb, 156 bytes, Stack size 40 bytes, qsort.o(.text))
<BR><BR>[Stack]<UL><LI>Max Depth = 40 + In Cycle
<LI>Call Chain = qsort &rArr;  qsort (Cycle)
</UL>
<BR>[Calls]<UL><LI><a href="#[55]">&gt;&gt;</a>&nbsp;&nbsp;&nbsp;qsort
</UL>
<BR>[Called By]<UL><LI><a href="#[8b]">&gt;&gt;</a>&nbsp;&nbsp;&nbsp;MedianAvgFltr
<LI><a href="#[55]">&gt;&gt;</a>&nbsp;&nbsp;&nbsp;qsort
</UL>

<P><STRONG><a name="[56]"></a>mktime</STRONG> (Thumb, 150 bytes, Stack size 16 bytes, mktime.o(.text))
<BR><BR>[Stack]<UL><LI>Max Depth = 24<LI>Call Chain = mktime &rArr; _localtime
</UL>
<BR>[Calls]<UL><LI><a href="#[57]">&gt;&gt;</a>&nbsp;&nbsp;&nbsp;_localtime
</UL>
<BR>[Called By]<UL><LI><a href="#[d2]">&gt;&gt;</a>&nbsp;&nbsp;&nbsp;drv_set_rtc_time
</UL>

<P><STRONG><a name="[10b]"></a>___aeabi_memcpy4$move</STRONG> (Thumb, 0 bytes, Stack size 8 bytes, memmovea.o(.text), UNUSED)

<P><STRONG><a name="[10c]"></a>___aeabi_memcpy8$move</STRONG> (Thumb, 0 bytes, Stack size 8 bytes, memmovea.o(.text), UNUSED)

<P><STRONG><a name="[80]"></a>__aeabi_memcpy</STRONG> (Thumb, 64 bytes, Stack size 8 bytes, memmovea.o(.text))
<BR><BR>[Stack]<UL><LI>Max Depth = 8<LI>Call Chain = __aeabi_memcpy
</UL>
<BR>[Called By]<UL><LI><a href="#[7f]">&gt;&gt;</a>&nbsp;&nbsp;&nbsp;CalcHumiAdcByTemp
</UL>

<P><STRONG><a name="[10d]"></a>__aeabi_memmove</STRONG> (Thumb, 0 bytes, Stack size 8 bytes, memmovea.o(.text), UNUSED)

<P><STRONG><a name="[10e]"></a>__aeabi_memmove4</STRONG> (Thumb, 0 bytes, Stack size 8 bytes, memmovea.o(.text), UNUSED)

<P><STRONG><a name="[10f]"></a>__aeabi_memmove8</STRONG> (Thumb, 0 bytes, Stack size 8 bytes, memmovea.o(.text), UNUSED)

<P><STRONG><a name="[59]"></a>__aeabi_memset</STRONG> (Thumb, 14 bytes, Stack size 0 bytes, memseta.o(.text), UNUSED)
<BR><BR>[Called By]<UL><LI><a href="#[5a]">&gt;&gt;</a>&nbsp;&nbsp;&nbsp;_memset$wrapper
<LI><a href="#[58]">&gt;&gt;</a>&nbsp;&nbsp;&nbsp;__aeabi_memclr
</UL>

<P><STRONG><a name="[110]"></a>__aeabi_memset4</STRONG> (Thumb, 0 bytes, Stack size 0 bytes, memseta.o(.text), UNUSED)

<P><STRONG><a name="[111]"></a>__aeabi_memset8</STRONG> (Thumb, 0 bytes, Stack size 0 bytes, memseta.o(.text), UNUSED)

<P><STRONG><a name="[58]"></a>__aeabi_memclr</STRONG> (Thumb, 4 bytes, Stack size 0 bytes, memseta.o(.text), UNUSED)
<BR><BR>[Calls]<UL><LI><a href="#[59]">&gt;&gt;</a>&nbsp;&nbsp;&nbsp;__aeabi_memset
</UL>

<P><STRONG><a name="[d8]"></a>__aeabi_memclr4</STRONG> (Thumb, 0 bytes, Stack size 0 bytes, memseta.o(.text))
<BR><BR>[Called By]<UL><LI><a href="#[d2]">&gt;&gt;</a>&nbsp;&nbsp;&nbsp;drv_set_rtc_time
</UL>

<P><STRONG><a name="[112]"></a>__aeabi_memclr8</STRONG> (Thumb, 0 bytes, Stack size 0 bytes, memseta.o(.text), UNUSED)

<P><STRONG><a name="[5a]"></a>_memset$wrapper</STRONG> (Thumb, 18 bytes, Stack size 8 bytes, memseta.o(.text), UNUSED)
<BR><BR>[Calls]<UL><LI><a href="#[59]">&gt;&gt;</a>&nbsp;&nbsp;&nbsp;__aeabi_memset
</UL>

<P><STRONG><a name="[a9]"></a>__aeabi_f2d</STRONG> (Thumb, 38 bytes, Stack size 0 bytes, f2d.o(.text))
<BR><BR>[Called By]<UL><LI><a href="#[51]">&gt;&gt;</a>&nbsp;&nbsp;&nbsp;app_sensor_printf_task
</UL>

<P><STRONG><a name="[113]"></a>__aeabi_uidiv</STRONG> (Thumb, 0 bytes, Stack size 12 bytes, uidiv.o(.text), UNUSED)

<P><STRONG><a name="[a1]"></a>__aeabi_uidivmod</STRONG> (Thumb, 44 bytes, Stack size 12 bytes, uidiv.o(.text), UNUSED)
<BR><BR>[Called By]<UL><LI><a href="#[9c]">&gt;&gt;</a>&nbsp;&nbsp;&nbsp;_printf_core
</UL>

<P><STRONG><a name="[5b]"></a>__aeabi_uldivmod</STRONG> (Thumb, 98 bytes, Stack size 40 bytes, uldiv.o(.text), UNUSED)
<BR><BR>[Calls]<UL><LI><a href="#[5c]">&gt;&gt;</a>&nbsp;&nbsp;&nbsp;__aeabi_llsr
<LI><a href="#[5d]">&gt;&gt;</a>&nbsp;&nbsp;&nbsp;__aeabi_llsl
</UL>
<BR>[Called By]<UL><LI><a href="#[9c]">&gt;&gt;</a>&nbsp;&nbsp;&nbsp;_printf_core
<LI><a href="#[9d]">&gt;&gt;</a>&nbsp;&nbsp;&nbsp;_fp_digits
</UL>

<P><STRONG><a name="[5e]"></a>localtime</STRONG> (Thumb, 6 bytes, Stack size 0 bytes, localtime_w.o(.text))
<BR><BR>[Stack]<UL><LI>Max Depth = 8<LI>Call Chain = localtime &rArr; _localtime
</UL>
<BR>[Calls]<UL><LI><a href="#[57]">&gt;&gt;</a>&nbsp;&nbsp;&nbsp;_localtime
</UL>
<BR>[Called By]<UL><LI><a href="#[bd]">&gt;&gt;</a>&nbsp;&nbsp;&nbsp;drv_get_rtc_time
</UL>

<P><STRONG><a name="[57]"></a>_localtime</STRONG> (Thumb, 134 bytes, Stack size 8 bytes, localtime_i.o(.text))
<BR><BR>[Stack]<UL><LI>Max Depth = 8<LI>Call Chain = _localtime
</UL>
<BR>[Called By]<UL><LI><a href="#[5e]">&gt;&gt;</a>&nbsp;&nbsp;&nbsp;localtime
<LI><a href="#[56]">&gt;&gt;</a>&nbsp;&nbsp;&nbsp;mktime
</UL>

<P><STRONG><a name="[114]"></a>__I$use$fp</STRONG> (Thumb, 0 bytes, Stack size 48 bytes, iusefp.o(.text), UNUSED)

<P><STRONG><a name="[5f]"></a>__aeabi_dadd</STRONG> (Thumb, 322 bytes, Stack size 48 bytes, dadd.o(.text), UNUSED)
<BR><BR>[Calls]<UL><LI><a href="#[62]">&gt;&gt;</a>&nbsp;&nbsp;&nbsp;_double_round
<LI><a href="#[61]">&gt;&gt;</a>&nbsp;&nbsp;&nbsp;_double_epilogue
<LI><a href="#[60]">&gt;&gt;</a>&nbsp;&nbsp;&nbsp;__aeabi_lasr
<LI><a href="#[5d]">&gt;&gt;</a>&nbsp;&nbsp;&nbsp;__aeabi_llsl
</UL>
<BR>[Called By]<UL><LI><a href="#[64]">&gt;&gt;</a>&nbsp;&nbsp;&nbsp;__aeabi_drsub
<LI><a href="#[63]">&gt;&gt;</a>&nbsp;&nbsp;&nbsp;__aeabi_dsub
<LI><a href="#[9d]">&gt;&gt;</a>&nbsp;&nbsp;&nbsp;_fp_digits
</UL>

<P><STRONG><a name="[63]"></a>__aeabi_dsub</STRONG> (Thumb, 6 bytes, Stack size 0 bytes, dadd.o(.text), UNUSED)
<BR><BR>[Calls]<UL><LI><a href="#[5f]">&gt;&gt;</a>&nbsp;&nbsp;&nbsp;__aeabi_dadd
</UL>

<P><STRONG><a name="[64]"></a>__aeabi_drsub</STRONG> (Thumb, 6 bytes, Stack size 0 bytes, dadd.o(.text), UNUSED)
<BR><BR>[Calls]<UL><LI><a href="#[5f]">&gt;&gt;</a>&nbsp;&nbsp;&nbsp;__aeabi_dadd
</UL>

<P><STRONG><a name="[65]"></a>__aeabi_dmul</STRONG> (Thumb, 228 bytes, Stack size 48 bytes, dmul.o(.text), UNUSED)
<BR><BR>[Calls]<UL><LI><a href="#[61]">&gt;&gt;</a>&nbsp;&nbsp;&nbsp;_double_epilogue
</UL>
<BR>[Called By]<UL><LI><a href="#[9d]">&gt;&gt;</a>&nbsp;&nbsp;&nbsp;_fp_digits
</UL>

<P><STRONG><a name="[66]"></a>__aeabi_ddiv</STRONG> (Thumb, 222 bytes, Stack size 32 bytes, ddiv.o(.text), UNUSED)
<BR><BR>[Calls]<UL><LI><a href="#[62]">&gt;&gt;</a>&nbsp;&nbsp;&nbsp;_double_round
</UL>
<BR>[Called By]<UL><LI><a href="#[9d]">&gt;&gt;</a>&nbsp;&nbsp;&nbsp;_fp_digits
</UL>

<P><STRONG><a name="[67]"></a>__aeabi_d2ulz</STRONG> (Thumb, 48 bytes, Stack size 0 bytes, dfixul.o(.text), UNUSED)
<BR><BR>[Calls]<UL><LI><a href="#[5c]">&gt;&gt;</a>&nbsp;&nbsp;&nbsp;__aeabi_llsr
<LI><a href="#[5d]">&gt;&gt;</a>&nbsp;&nbsp;&nbsp;__aeabi_llsl
</UL>
<BR>[Called By]<UL><LI><a href="#[9d]">&gt;&gt;</a>&nbsp;&nbsp;&nbsp;_fp_digits
</UL>

<P><STRONG><a name="[9e]"></a>__aeabi_cdrcmple</STRONG> (Thumb, 48 bytes, Stack size 0 bytes, cdrcmple.o(.text), UNUSED)
<BR><BR>[Called By]<UL><LI><a href="#[9d]">&gt;&gt;</a>&nbsp;&nbsp;&nbsp;_fp_digits
</UL>

<P><STRONG><a name="[54]"></a>__scatterload</STRONG> (Thumb, 28 bytes, Stack size 0 bytes, init.o(.text))
<BR><BR>[Calls]<UL><LI><a href="#[68]">&gt;&gt;</a>&nbsp;&nbsp;&nbsp;__main_after_scatterload
</UL>
<BR>[Called By]<UL><LI><a href="#[53]">&gt;&gt;</a>&nbsp;&nbsp;&nbsp;_main_scatterload
</UL>

<P><STRONG><a name="[115]"></a>__scatterload_rt2</STRONG> (Thumb, 0 bytes, Stack size 0 bytes, init.o(.text), UNUSED)

<P><STRONG><a name="[5d]"></a>__aeabi_llsl</STRONG> (Thumb, 30 bytes, Stack size 0 bytes, llshl.o(.text), UNUSED)
<BR><BR>[Called By]<UL><LI><a href="#[61]">&gt;&gt;</a>&nbsp;&nbsp;&nbsp;_double_epilogue
<LI><a href="#[5b]">&gt;&gt;</a>&nbsp;&nbsp;&nbsp;__aeabi_uldivmod
<LI><a href="#[5f]">&gt;&gt;</a>&nbsp;&nbsp;&nbsp;__aeabi_dadd
<LI><a href="#[67]">&gt;&gt;</a>&nbsp;&nbsp;&nbsp;__aeabi_d2ulz
</UL>

<P><STRONG><a name="[116]"></a>_ll_shift_l</STRONG> (Thumb, 0 bytes, Stack size 0 bytes, llshl.o(.text), UNUSED)

<P><STRONG><a name="[5c]"></a>__aeabi_llsr</STRONG> (Thumb, 32 bytes, Stack size 0 bytes, llushr.o(.text), UNUSED)
<BR><BR>[Called By]<UL><LI><a href="#[61]">&gt;&gt;</a>&nbsp;&nbsp;&nbsp;_double_epilogue
<LI><a href="#[5b]">&gt;&gt;</a>&nbsp;&nbsp;&nbsp;__aeabi_uldivmod
<LI><a href="#[67]">&gt;&gt;</a>&nbsp;&nbsp;&nbsp;__aeabi_d2ulz
</UL>

<P><STRONG><a name="[117]"></a>_ll_ushift_r</STRONG> (Thumb, 0 bytes, Stack size 0 bytes, llushr.o(.text), UNUSED)

<P><STRONG><a name="[60]"></a>__aeabi_lasr</STRONG> (Thumb, 36 bytes, Stack size 0 bytes, llsshr.o(.text), UNUSED)
<BR><BR>[Called By]<UL><LI><a href="#[5f]">&gt;&gt;</a>&nbsp;&nbsp;&nbsp;__aeabi_dadd
</UL>

<P><STRONG><a name="[118]"></a>_ll_sshift_r</STRONG> (Thumb, 0 bytes, Stack size 0 bytes, llsshr.o(.text), UNUSED)

<P><STRONG><a name="[62]"></a>_double_round</STRONG> (Thumb, 30 bytes, Stack size 8 bytes, depilogue.o(.text), UNUSED)
<BR><BR>[Called By]<UL><LI><a href="#[61]">&gt;&gt;</a>&nbsp;&nbsp;&nbsp;_double_epilogue
<LI><a href="#[66]">&gt;&gt;</a>&nbsp;&nbsp;&nbsp;__aeabi_ddiv
<LI><a href="#[5f]">&gt;&gt;</a>&nbsp;&nbsp;&nbsp;__aeabi_dadd
</UL>

<P><STRONG><a name="[61]"></a>_double_epilogue</STRONG> (Thumb, 156 bytes, Stack size 32 bytes, depilogue.o(.text), UNUSED)
<BR><BR>[Calls]<UL><LI><a href="#[62]">&gt;&gt;</a>&nbsp;&nbsp;&nbsp;_double_round
<LI><a href="#[5c]">&gt;&gt;</a>&nbsp;&nbsp;&nbsp;__aeabi_llsr
<LI><a href="#[5d]">&gt;&gt;</a>&nbsp;&nbsp;&nbsp;__aeabi_llsl
</UL>
<BR>[Called By]<UL><LI><a href="#[65]">&gt;&gt;</a>&nbsp;&nbsp;&nbsp;__aeabi_dmul
<LI><a href="#[5f]">&gt;&gt;</a>&nbsp;&nbsp;&nbsp;__aeabi_dadd
</UL>

<P><STRONG><a name="[89]"></a>HumiDrvInit</STRONG> (Thumb, 20 bytes, Stack size 8 bytes, drv_hum.o(i.HumiDrvInit))
<BR><BR>[Stack]<UL><LI>Max Depth = 116<LI>Call Chain = HumiDrvInit &rArr; AdcInit &rArr; delay_us &rArr; rcu_clock_freq_get
</UL>
<BR>[Calls]<UL><LI><a href="#[8a]">&gt;&gt;</a>&nbsp;&nbsp;&nbsp;TimerInit
<LI><a href="#[87]">&gt;&gt;</a>&nbsp;&nbsp;&nbsp;GpioInit
<LI><a href="#[6c]">&gt;&gt;</a>&nbsp;&nbsp;&nbsp;AdcInit
</UL>
<BR>[Called By]<UL><LI><a href="#[c5]">&gt;&gt;</a>&nbsp;&nbsp;&nbsp;drv_sensor_init
</UL>

<P><STRONG><a name="[ac]"></a>QueueInit</STRONG> (Thumb, 12 bytes, Stack size 0 bytes, queue.o(i.QueueInit))
<BR><BR>[Called By]<UL><LI><a href="#[a5]">&gt;&gt;</a>&nbsp;&nbsp;&nbsp;app_uart_init
</UL>

<P><STRONG><a name="[af]"></a>QueuePop</STRONG> (Thumb, 44 bytes, Stack size 8 bytes, queue.o(i.QueuePop))
<BR><BR>[Stack]<UL><LI>Max Depth = 8<LI>Call Chain = QueuePop
</UL>
<BR>[Called By]<UL><LI><a href="#[4d]">&gt;&gt;</a>&nbsp;&nbsp;&nbsp;app_uart_task
</UL>

<P><STRONG><a name="[e6]"></a>QueuePush</STRONG> (Thumb, 40 bytes, Stack size 12 bytes, queue.o(i.QueuePush))
<BR><BR>[Stack]<UL><LI>Max Depth = 12<LI>Call Chain = QueuePush
</UL>
<BR>[Called By]<UL><LI><a href="#[4b]">&gt;&gt;</a>&nbsp;&nbsp;&nbsp;pro_uart_data
</UL>

<P><STRONG><a name="[9]"></a>SysTick_Handler</STRONG> (Thumb, 30 bytes, Stack size 8 bytes, sys_tick.o(i.SysTick_Handler))
<BR><BR>[Stack]<UL><LI>Max Depth = 8<LI>Call Chain = SysTick_Handler
</UL>
<BR>[Address Reference Count : 1]<UL><LI> startup_gd32f30x_hd.o(RESET)
</UL>
<P><STRONG><a name="[47]"></a>SystemInit</STRONG> (Thumb, 156 bytes, Stack size 8 bytes, system_gd32f30x.o(i.SystemInit))
<BR><BR>[Stack]<UL><LI>Max Depth = 16<LI>Call Chain = SystemInit &rArr; system_clock_config
</UL>
<BR>[Calls]<UL><LI><a href="#[8d]">&gt;&gt;</a>&nbsp;&nbsp;&nbsp;system_clock_config
</UL>
<BR>[Address Reference Count : 1]<UL><LI> startup_gd32f30x_hd.o(.text)
</UL>
<P><STRONG><a name="[26]"></a>TIMER1_IRQHandler</STRONG> (Thumb, 62 bytes, Stack size 8 bytes, drv_capture.o(i.TIMER1_IRQHandler))
<BR><BR>[Stack]<UL><LI>Max Depth = 8<LI>Call Chain = TIMER1_IRQHandler
</UL>
<BR>[Calls]<UL><LI><a href="#[8e]">&gt;&gt;</a>&nbsp;&nbsp;&nbsp;timer_interrupt_flag_get
<LI><a href="#[91]">&gt;&gt;</a>&nbsp;&nbsp;&nbsp;timer_interrupt_flag_clear
<LI><a href="#[90]">&gt;&gt;</a>&nbsp;&nbsp;&nbsp;timer_counter_value_config
<LI><a href="#[8f]">&gt;&gt;</a>&nbsp;&nbsp;&nbsp;timer_channel_capture_value_register_read
</UL>
<BR>[Address Reference Count : 1]<UL><LI> startup_gd32f30x_hd.o(RESET)
</UL>
<P><STRONG><a name="[3c]"></a>TIMER4_IRQHandler</STRONG> (Thumb, 76 bytes, Stack size 8 bytes, drv_hum.o(i.TIMER4_IRQHandler))
<BR><BR>[Stack]<UL><LI>Max Depth = 16<LI>Call Chain = TIMER4_IRQHandler &rArr; GetAdcVal
</UL>
<BR>[Calls]<UL><LI><a href="#[84]">&gt;&gt;</a>&nbsp;&nbsp;&nbsp;GetAdcVal
<LI><a href="#[69]">&gt;&gt;</a>&nbsp;&nbsp;&nbsp;AcPowerProc
<LI><a href="#[8e]">&gt;&gt;</a>&nbsp;&nbsp;&nbsp;timer_interrupt_flag_get
<LI><a href="#[91]">&gt;&gt;</a>&nbsp;&nbsp;&nbsp;timer_interrupt_flag_clear
</UL>
<BR>[Address Reference Count : 1]<UL><LI> startup_gd32f30x_hd.o(RESET)
</UL>
<P><STRONG><a name="[2f]"></a>USART0_IRQHandler</STRONG> (Thumb, 52 bytes, Stack size 8 bytes, drv_uart.o(i.USART0_IRQHandler))
<BR><BR>[Stack]<UL><LI>Max Depth = 24<LI>Call Chain = USART0_IRQHandler &rArr; usart_interrupt_flag_get
</UL>
<BR>[Calls]<UL><LI><a href="#[98]">&gt;&gt;</a>&nbsp;&nbsp;&nbsp;usart_interrupt_flag_get
<LI><a href="#[9a]">&gt;&gt;</a>&nbsp;&nbsp;&nbsp;usart_interrupt_flag_clear
<LI><a href="#[99]">&gt;&gt;</a>&nbsp;&nbsp;&nbsp;usart_data_receive
</UL>
<BR>[Address Reference Count : 1]<UL><LI> startup_gd32f30x_hd.o(RESET)
</UL>
<P><STRONG><a name="[9b]"></a>__0printf</STRONG> (Thumb, 22 bytes, Stack size 24 bytes, printfa.o(i.__0printf), UNUSED)
<BR><BR>[Calls]<UL><LI><a href="#[9c]">&gt;&gt;</a>&nbsp;&nbsp;&nbsp;_printf_core
</UL>

<P><STRONG><a name="[119]"></a>__1printf</STRONG> (Thumb, 0 bytes, Stack size 24 bytes, printfa.o(i.__0printf), UNUSED)

<P><STRONG><a name="[a7]"></a>__2printf</STRONG> (Thumb, 0 bytes, Stack size 24 bytes, printfa.o(i.__0printf))
<BR><BR>[Stack]<UL><LI>Max Depth = 24<LI>Call Chain = __2printf
</UL>
<BR>[Called By]<UL><LI><a href="#[4f]">&gt;&gt;</a>&nbsp;&nbsp;&nbsp;rtc_task
<LI><a href="#[50]">&gt;&gt;</a>&nbsp;&nbsp;&nbsp;feed_dog
<LI><a href="#[4d]">&gt;&gt;</a>&nbsp;&nbsp;&nbsp;app_uart_task
<LI><a href="#[51]">&gt;&gt;</a>&nbsp;&nbsp;&nbsp;app_sensor_printf_task
<LI><a href="#[4e]">&gt;&gt;</a>&nbsp;&nbsp;&nbsp;app_key_task
</UL>

<P><STRONG><a name="[11a]"></a>__c89printf</STRONG> (Thumb, 0 bytes, Stack size 24 bytes, printfa.o(i.__0printf), UNUSED)

<P><STRONG><a name="[11b]"></a>printf</STRONG> (Thumb, 0 bytes, Stack size 24 bytes, printfa.o(i.__0printf), UNUSED)

<P><STRONG><a name="[11c]"></a>__scatterload_copy</STRONG> (Thumb, 14 bytes, Stack size unknown bytes, handlers.o(i.__scatterload_copy), UNUSED)

<P><STRONG><a name="[11d]"></a>__scatterload_null</STRONG> (Thumb, 2 bytes, Stack size unknown bytes, handlers.o(i.__scatterload_null), UNUSED)

<P><STRONG><a name="[11e]"></a>__scatterload_zeroinit</STRONG> (Thumb, 14 bytes, Stack size unknown bytes, handlers.o(i.__scatterload_zeroinit), UNUSED)

<P><STRONG><a name="[78]"></a>adc_calibration_enable</STRONG> (Thumb, 42 bytes, Stack size 0 bytes, gd32f30x_adc.o(i.adc_calibration_enable))
<BR><BR>[Called By]<UL><LI><a href="#[79]">&gt;&gt;</a>&nbsp;&nbsp;&nbsp;AdcInit
<LI><a href="#[6c]">&gt;&gt;</a>&nbsp;&nbsp;&nbsp;AdcInit
</UL>

<P><STRONG><a name="[72]"></a>adc_channel_length_config</STRONG> (Thumb, 70 bytes, Stack size 12 bytes, gd32f30x_adc.o(i.adc_channel_length_config))
<BR><BR>[Stack]<UL><LI>Max Depth = 12<LI>Call Chain = adc_channel_length_config
</UL>
<BR>[Called By]<UL><LI><a href="#[79]">&gt;&gt;</a>&nbsp;&nbsp;&nbsp;AdcInit
<LI><a href="#[6c]">&gt;&gt;</a>&nbsp;&nbsp;&nbsp;AdcInit
</UL>

<P><STRONG><a name="[71]"></a>adc_data_alignment_config</STRONG> (Thumb, 22 bytes, Stack size 0 bytes, gd32f30x_adc.o(i.adc_data_alignment_config))
<BR><BR>[Called By]<UL><LI><a href="#[79]">&gt;&gt;</a>&nbsp;&nbsp;&nbsp;AdcInit
<LI><a href="#[6c]">&gt;&gt;</a>&nbsp;&nbsp;&nbsp;AdcInit
</UL>

<P><STRONG><a name="[76]"></a>adc_enable</STRONG> (Thumb, 18 bytes, Stack size 0 bytes, gd32f30x_adc.o(i.adc_enable))
<BR><BR>[Called By]<UL><LI><a href="#[79]">&gt;&gt;</a>&nbsp;&nbsp;&nbsp;AdcInit
<LI><a href="#[6c]">&gt;&gt;</a>&nbsp;&nbsp;&nbsp;AdcInit
</UL>

<P><STRONG><a name="[75]"></a>adc_external_trigger_config</STRONG> (Thumb, 62 bytes, Stack size 0 bytes, gd32f30x_adc.o(i.adc_external_trigger_config))
<BR><BR>[Called By]<UL><LI><a href="#[79]">&gt;&gt;</a>&nbsp;&nbsp;&nbsp;AdcInit
<LI><a href="#[6c]">&gt;&gt;</a>&nbsp;&nbsp;&nbsp;AdcInit
</UL>

<P><STRONG><a name="[74]"></a>adc_external_trigger_source_config</STRONG> (Thumb, 48 bytes, Stack size 0 bytes, gd32f30x_adc.o(i.adc_external_trigger_source_config))
<BR><BR>[Called By]<UL><LI><a href="#[79]">&gt;&gt;</a>&nbsp;&nbsp;&nbsp;AdcInit
<LI><a href="#[6c]">&gt;&gt;</a>&nbsp;&nbsp;&nbsp;AdcInit
</UL>

<P><STRONG><a name="[85]"></a>adc_flag_get</STRONG> (Thumb, 14 bytes, Stack size 0 bytes, gd32f30x_adc.o(i.adc_flag_get))
<BR><BR>[Called By]<UL><LI><a href="#[da]">&gt;&gt;</a>&nbsp;&nbsp;&nbsp;get_adcval
<LI><a href="#[84]">&gt;&gt;</a>&nbsp;&nbsp;&nbsp;GetAdcVal
</UL>

<P><STRONG><a name="[6f]"></a>adc_mode_config</STRONG> (Thumb, 22 bytes, Stack size 0 bytes, gd32f30x_adc.o(i.adc_mode_config))
<BR><BR>[Called By]<UL><LI><a href="#[79]">&gt;&gt;</a>&nbsp;&nbsp;&nbsp;AdcInit
<LI><a href="#[6c]">&gt;&gt;</a>&nbsp;&nbsp;&nbsp;AdcInit
</UL>

<P><STRONG><a name="[7a]"></a>adc_oversample_mode_config</STRONG> (Thumb, 58 bytes, Stack size 12 bytes, gd32f30x_adc.o(i.adc_oversample_mode_config))
<BR><BR>[Stack]<UL><LI>Max Depth = 12<LI>Call Chain = adc_oversample_mode_config
</UL>
<BR>[Called By]<UL><LI><a href="#[79]">&gt;&gt;</a>&nbsp;&nbsp;&nbsp;AdcInit
</UL>

<P><STRONG><a name="[7b]"></a>adc_oversample_mode_enable</STRONG> (Thumb, 14 bytes, Stack size 0 bytes, gd32f30x_adc.o(i.adc_oversample_mode_enable))
<BR><BR>[Called By]<UL><LI><a href="#[79]">&gt;&gt;</a>&nbsp;&nbsp;&nbsp;AdcInit
</UL>

<P><STRONG><a name="[73]"></a>adc_regular_channel_config</STRONG> (Thumb, 172 bytes, Stack size 20 bytes, gd32f30x_adc.o(i.adc_regular_channel_config))
<BR><BR>[Stack]<UL><LI>Max Depth = 20<LI>Call Chain = adc_regular_channel_config
</UL>
<BR>[Called By]<UL><LI><a href="#[79]">&gt;&gt;</a>&nbsp;&nbsp;&nbsp;AdcInit
<LI><a href="#[6c]">&gt;&gt;</a>&nbsp;&nbsp;&nbsp;AdcInit
</UL>

<P><STRONG><a name="[86]"></a>adc_regular_data_read</STRONG> (Thumb, 8 bytes, Stack size 0 bytes, gd32f30x_adc.o(i.adc_regular_data_read))
<BR><BR>[Called By]<UL><LI><a href="#[da]">&gt;&gt;</a>&nbsp;&nbsp;&nbsp;get_adcval
<LI><a href="#[84]">&gt;&gt;</a>&nbsp;&nbsp;&nbsp;GetAdcVal
</UL>

<P><STRONG><a name="[7c]"></a>adc_software_trigger_enable</STRONG> (Thumb, 30 bytes, Stack size 0 bytes, gd32f30x_adc.o(i.adc_software_trigger_enable))
<BR><BR>[Called By]<UL><LI><a href="#[79]">&gt;&gt;</a>&nbsp;&nbsp;&nbsp;AdcInit
<LI><a href="#[84]">&gt;&gt;</a>&nbsp;&nbsp;&nbsp;GetAdcVal
</UL>

<P><STRONG><a name="[70]"></a>adc_special_function_config</STRONG> (Thumb, 90 bytes, Stack size 0 bytes, gd32f30x_adc.o(i.adc_special_function_config))
<BR><BR>[Called By]<UL><LI><a href="#[79]">&gt;&gt;</a>&nbsp;&nbsp;&nbsp;AdcInit
<LI><a href="#[6c]">&gt;&gt;</a>&nbsp;&nbsp;&nbsp;AdcInit
</UL>

<P><STRONG><a name="[4e]"></a>app_key_task</STRONG> (Thumb, 198 bytes, Stack size 8 bytes, app_key.o(i.app_key_task))
<BR><BR>[Stack]<UL><LI>Max Depth = 48<LI>Call Chain = app_key_task &rArr; drv_get_key_val &rArr; key_scan
</UL>
<BR>[Calls]<UL><LI><a href="#[a6]">&gt;&gt;</a>&nbsp;&nbsp;&nbsp;drv_get_key_val
<LI><a href="#[a7]">&gt;&gt;</a>&nbsp;&nbsp;&nbsp;__2printf
</UL>
<BR>[Address Reference Count : 1]<UL><LI> task.o(.data)
</UL>
<P><STRONG><a name="[51]"></a>app_sensor_printf_task</STRONG> (Thumb, 56 bytes, Stack size 24 bytes, app_sensor.o(i.app_sensor_printf_task))
<BR><BR>[Stack]<UL><LI>Max Depth = 48<LI>Call Chain = app_sensor_printf_task &rArr; __2printf
</UL>
<BR>[Calls]<UL><LI><a href="#[a8]">&gt;&gt;</a>&nbsp;&nbsp;&nbsp;drv_sensor_get_data
<LI><a href="#[a9]">&gt;&gt;</a>&nbsp;&nbsp;&nbsp;__aeabi_f2d
<LI><a href="#[a7]">&gt;&gt;</a>&nbsp;&nbsp;&nbsp;__2printf
</UL>
<BR>[Address Reference Count : 1]<UL><LI> task.o(.data)
</UL>
<P><STRONG><a name="[52]"></a>app_sensor_task</STRONG> (Thumb, 8 bytes, Stack size 8 bytes, app_sensor.o(i.app_sensor_task))
<BR><BR>[Stack]<UL><LI>Max Depth = 108<LI>Call Chain = app_sensor_task &rArr; drv_sensor_proc &rArr; drv_Humi_Sensor_Proc &rArr; AdcToHumi &rArr; AsceBinarySearch
</UL>
<BR>[Calls]<UL><LI><a href="#[aa]">&gt;&gt;</a>&nbsp;&nbsp;&nbsp;drv_sensor_proc
</UL>
<BR>[Address Reference Count : 1]<UL><LI> task.o(.data)
</UL>
<P><STRONG><a name="[a5]"></a>app_uart_init</STRONG> (Thumb, 20 bytes, Stack size 8 bytes, app_uart.o(i.app_uart_init))
<BR><BR>[Stack]<UL><LI>Max Depth = 8<LI>Call Chain = app_uart_init
</UL>
<BR>[Calls]<UL><LI><a href="#[ab]">&gt;&gt;</a>&nbsp;&nbsp;&nbsp;uart_callback
<LI><a href="#[ac]">&gt;&gt;</a>&nbsp;&nbsp;&nbsp;QueueInit
</UL>
<BR>[Called By]<UL><LI><a href="#[a4]">&gt;&gt;</a>&nbsp;&nbsp;&nbsp;app_init
</UL>

<P><STRONG><a name="[4d]"></a>app_uart_task</STRONG> (Thumb, 388 bytes, Stack size 32 bytes, app_uart.o(i.app_uart_task))
<BR><BR>[Stack]<UL><LI>Max Depth = 56<LI>Call Chain = app_uart_task &rArr; __2printf
</UL>
<BR>[Calls]<UL><LI><a href="#[af]">&gt;&gt;</a>&nbsp;&nbsp;&nbsp;QueuePop
<LI><a href="#[ae]">&gt;&gt;</a>&nbsp;&nbsp;&nbsp;ctrl_led
<LI><a href="#[ad]">&gt;&gt;</a>&nbsp;&nbsp;&nbsp;cal_xor_sum
<LI><a href="#[a7]">&gt;&gt;</a>&nbsp;&nbsp;&nbsp;__2printf
</UL>
<BR>[Address Reference Count : 1]<UL><LI> task.o(.data)
</UL>
<P><STRONG><a name="[b0]"></a>bkp_deinit</STRONG> (Thumb, 12 bytes, Stack size 8 bytes, gd32f30x_bkp.o(i.bkp_deinit))
<BR><BR>[Stack]<UL><LI>Max Depth = 8<LI>Call Chain = bkp_deinit
</UL>
<BR>[Calls]<UL><LI><a href="#[b1]">&gt;&gt;</a>&nbsp;&nbsp;&nbsp;rcu_bkp_reset_enable
<LI><a href="#[b2]">&gt;&gt;</a>&nbsp;&nbsp;&nbsp;rcu_bkp_reset_disable
</UL>
<BR>[Called By]<UL><LI><a href="#[c4]">&gt;&gt;</a>&nbsp;&nbsp;&nbsp;drv_rtc_init
</UL>

<P><STRONG><a name="[ca]"></a>bkp_read_data</STRONG> (Thumb, 50 bytes, Stack size 0 bytes, gd32f30x_bkp.o(i.bkp_read_data))
<BR><BR>[Called By]<UL><LI><a href="#[c4]">&gt;&gt;</a>&nbsp;&nbsp;&nbsp;drv_rtc_init
</UL>

<P><STRONG><a name="[d3]"></a>bkp_write_data</STRONG> (Thumb, 46 bytes, Stack size 0 bytes, gd32f30x_bkp.o(i.bkp_write_data))
<BR><BR>[Called By]<UL><LI><a href="#[c4]">&gt;&gt;</a>&nbsp;&nbsp;&nbsp;drv_rtc_init
</UL>

<P><STRONG><a name="[ea]"></a>delay_init</STRONG> (Thumb, 50 bytes, Stack size 0 bytes, delay.o(i.delay_init))
<BR><BR>[Called By]<UL><LI><a href="#[e3]">&gt;&gt;</a>&nbsp;&nbsp;&nbsp;sys_init
</UL>

<P><STRONG><a name="[77]"></a>delay_us</STRONG> (Thumb, 36 bytes, Stack size 16 bytes, delay.o(i.delay_us))
<BR><BR>[Stack]<UL><LI>Max Depth = 100<LI>Call Chain = delay_us &rArr; rcu_clock_freq_get
</UL>
<BR>[Calls]<UL><LI><a href="#[b5]">&gt;&gt;</a>&nbsp;&nbsp;&nbsp;rcu_clock_freq_get
</UL>
<BR>[Called By]<UL><LI><a href="#[79]">&gt;&gt;</a>&nbsp;&nbsp;&nbsp;AdcInit
<LI><a href="#[6c]">&gt;&gt;</a>&nbsp;&nbsp;&nbsp;AdcInit
</UL>

<P><STRONG><a name="[b6]"></a>drv_Humi_Sensor_Proc</STRONG> (Thumb, 38 bytes, Stack size 48 bytes, drv_hum.o(i.drv_Humi_Sensor_Proc))
<BR><BR>[Stack]<UL><LI>Max Depth = 92<LI>Call Chain = drv_Humi_Sensor_Proc &rArr; AdcToHumi &rArr; AsceBinarySearch
</UL>
<BR>[Calls]<UL><LI><a href="#[7f]">&gt;&gt;</a>&nbsp;&nbsp;&nbsp;CalcHumiAdcByTemp
<LI><a href="#[7d]">&gt;&gt;</a>&nbsp;&nbsp;&nbsp;AdcToHumi
</UL>
<BR>[Called By]<UL><LI><a href="#[aa]">&gt;&gt;</a>&nbsp;&nbsp;&nbsp;drv_sensor_proc
</UL>

<P><STRONG><a name="[b7]"></a>drv_capture_init</STRONG> (Thumb, 12 bytes, Stack size 8 bytes, drv_capture.o(i.drv_capture_init))
<BR><BR>[Stack]<UL><LI>Max Depth = 64<LI>Call Chain = drv_capture_init &rArr; timerinit &rArr; nvic_irq_enable
</UL>
<BR>[Calls]<UL><LI><a href="#[b8]">&gt;&gt;</a>&nbsp;&nbsp;&nbsp;timerinit
<LI><a href="#[83]">&gt;&gt;</a>&nbsp;&nbsp;&nbsp;GPIO_Init
</UL>
<BR>[Called By]<UL><LI><a href="#[bf]">&gt;&gt;</a>&nbsp;&nbsp;&nbsp;drv_init
</UL>

<P><STRONG><a name="[b9]"></a>drv_dgt_init</STRONG> (Thumb, 18 bytes, Stack size 8 bytes, drv_dgt.o(i.drv_dgt_init))
<BR><BR>[Stack]<UL><LI>Max Depth = 20<LI>Call Chain = drv_dgt_init &rArr; fwdgt_config
</UL>
<BR>[Calls]<UL><LI><a href="#[bb]">&gt;&gt;</a>&nbsp;&nbsp;&nbsp;fwdgt_enable
<LI><a href="#[ba]">&gt;&gt;</a>&nbsp;&nbsp;&nbsp;fwdgt_config
</UL>
<BR>[Called By]<UL><LI><a href="#[bf]">&gt;&gt;</a>&nbsp;&nbsp;&nbsp;drv_init
</UL>

<P><STRONG><a name="[d5]"></a>drv_get_humiData</STRONG> (Thumb, 14 bytes, Stack size 0 bytes, drv_hum.o(i.drv_get_humiData))
<BR><BR>[Called By]<UL><LI><a href="#[a8]">&gt;&gt;</a>&nbsp;&nbsp;&nbsp;drv_sensor_get_data
</UL>

<P><STRONG><a name="[a6]"></a>drv_get_key_val</STRONG> (Thumb, 34 bytes, Stack size 16 bytes, drv_key.o(i.drv_get_key_val))
<BR><BR>[Stack]<UL><LI>Max Depth = 40<LI>Call Chain = drv_get_key_val &rArr; key_scan
</UL>
<BR>[Calls]<UL><LI><a href="#[bc]">&gt;&gt;</a>&nbsp;&nbsp;&nbsp;key_scan
</UL>
<BR>[Called By]<UL><LI><a href="#[4e]">&gt;&gt;</a>&nbsp;&nbsp;&nbsp;app_key_task
</UL>

<P><STRONG><a name="[bd]"></a>drv_get_rtc_time</STRONG> (Thumb, 58 bytes, Stack size 16 bytes, drv_rtc.o(i.drv_get_rtc_time))
<BR><BR>[Stack]<UL><LI>Max Depth = 24<LI>Call Chain = drv_get_rtc_time &rArr; localtime &rArr; _localtime
</UL>
<BR>[Calls]<UL><LI><a href="#[be]">&gt;&gt;</a>&nbsp;&nbsp;&nbsp;rtc_counter_get
<LI><a href="#[5e]">&gt;&gt;</a>&nbsp;&nbsp;&nbsp;localtime
</UL>
<BR>[Called By]<UL><LI><a href="#[4f]">&gt;&gt;</a>&nbsp;&nbsp;&nbsp;rtc_task
</UL>

<P><STRONG><a name="[d4]"></a>drv_get_temp</STRONG> (Thumb, 8 bytes, Stack size 0 bytes, drv_temp.o(i.drv_get_temp))
<BR><BR>[Called By]<UL><LI><a href="#[aa]">&gt;&gt;</a>&nbsp;&nbsp;&nbsp;drv_sensor_proc
<LI><a href="#[a8]">&gt;&gt;</a>&nbsp;&nbsp;&nbsp;drv_sensor_get_data
</UL>

<P><STRONG><a name="[c1]"></a>drv_key_init</STRONG> (Thumb, 8 bytes, Stack size 8 bytes, drv_key.o(i.drv_key_init))
<BR><BR>[Stack]<UL><LI>Max Depth = 36<LI>Call Chain = drv_key_init &rArr; key_gpio_init &rArr; gpio_init
</UL>
<BR>[Calls]<UL><LI><a href="#[c6]">&gt;&gt;</a>&nbsp;&nbsp;&nbsp;key_gpio_init
</UL>
<BR>[Called By]<UL><LI><a href="#[bf]">&gt;&gt;</a>&nbsp;&nbsp;&nbsp;drv_init
</UL>

<P><STRONG><a name="[c0]"></a>drv_led_init</STRONG> (Thumb, 86 bytes, Stack size 8 bytes, drv_led.o(i.drv_led_init))
<BR><BR>[Stack]<UL><LI>Max Depth = 28<LI>Call Chain = drv_led_init &rArr; gpio_init
</UL>
<BR>[Calls]<UL><LI><a href="#[6d]">&gt;&gt;</a>&nbsp;&nbsp;&nbsp;rcu_periph_clock_enable
<LI><a href="#[82]">&gt;&gt;</a>&nbsp;&nbsp;&nbsp;gpio_init
<LI><a href="#[c7]">&gt;&gt;</a>&nbsp;&nbsp;&nbsp;gpio_bit_reset
</UL>
<BR>[Called By]<UL><LI><a href="#[bf]">&gt;&gt;</a>&nbsp;&nbsp;&nbsp;drv_init
</UL>

<P><STRONG><a name="[b4]"></a>drv_led_off</STRONG> (Thumb, 40 bytes, Stack size 8 bytes, drv_led.o(i.drv_led_off))
<BR><BR>[Stack]<UL><LI>Max Depth = 8<LI>Call Chain = drv_led_off
</UL>
<BR>[Calls]<UL><LI><a href="#[c7]">&gt;&gt;</a>&nbsp;&nbsp;&nbsp;gpio_bit_reset
</UL>
<BR>[Called By]<UL><LI><a href="#[ae]">&gt;&gt;</a>&nbsp;&nbsp;&nbsp;ctrl_led
</UL>

<P><STRONG><a name="[b3]"></a>drv_led_on</STRONG> (Thumb, 40 bytes, Stack size 8 bytes, drv_led.o(i.drv_led_on))
<BR><BR>[Stack]<UL><LI>Max Depth = 8<LI>Call Chain = drv_led_on
</UL>
<BR>[Calls]<UL><LI><a href="#[c8]">&gt;&gt;</a>&nbsp;&nbsp;&nbsp;gpio_bit_set
</UL>
<BR>[Called By]<UL><LI><a href="#[ae]">&gt;&gt;</a>&nbsp;&nbsp;&nbsp;ctrl_led
</UL>

<P><STRONG><a name="[c3]"></a>drv_pwm_init</STRONG> (Thumb, 12 bytes, Stack size 8 bytes, drv_pwm.o(i.drv_pwm_init))
<BR><BR>[Stack]<UL><LI>Max Depth = 48<LI>Call Chain = drv_pwm_init &rArr; timerinit &rArr; timer_deinit
</UL>
<BR>[Calls]<UL><LI><a href="#[c9]">&gt;&gt;</a>&nbsp;&nbsp;&nbsp;timerinit
<LI><a href="#[81]">&gt;&gt;</a>&nbsp;&nbsp;&nbsp;GPIO_Init
</UL>
<BR>[Called By]<UL><LI><a href="#[bf]">&gt;&gt;</a>&nbsp;&nbsp;&nbsp;drv_init
</UL>

<P><STRONG><a name="[c4]"></a>drv_rtc_init</STRONG> (Thumb, 150 bytes, Stack size 16 bytes, drv_rtc.o(i.drv_rtc_init))
<BR><BR>[Stack]<UL><LI>Max Depth = 96<LI>Call Chain = drv_rtc_init &rArr; drv_set_rtc_time &rArr; mktime &rArr; _localtime
</UL>
<BR>[Calls]<UL><LI><a href="#[6d]">&gt;&gt;</a>&nbsp;&nbsp;&nbsp;rcu_periph_clock_enable
<LI><a href="#[cf]">&gt;&gt;</a>&nbsp;&nbsp;&nbsp;rtc_register_sync_wait
<LI><a href="#[d1]">&gt;&gt;</a>&nbsp;&nbsp;&nbsp;rtc_prescaler_set
<LI><a href="#[d0]">&gt;&gt;</a>&nbsp;&nbsp;&nbsp;rtc_lwoff_wait
<LI><a href="#[ce]">&gt;&gt;</a>&nbsp;&nbsp;&nbsp;rcu_rtc_clock_config
<LI><a href="#[cd]">&gt;&gt;</a>&nbsp;&nbsp;&nbsp;rcu_osci_stab_wait
<LI><a href="#[cc]">&gt;&gt;</a>&nbsp;&nbsp;&nbsp;rcu_osci_on
<LI><a href="#[cb]">&gt;&gt;</a>&nbsp;&nbsp;&nbsp;pmu_backup_write_enable
<LI><a href="#[d3]">&gt;&gt;</a>&nbsp;&nbsp;&nbsp;bkp_write_data
<LI><a href="#[ca]">&gt;&gt;</a>&nbsp;&nbsp;&nbsp;bkp_read_data
<LI><a href="#[b0]">&gt;&gt;</a>&nbsp;&nbsp;&nbsp;bkp_deinit
<LI><a href="#[d2]">&gt;&gt;</a>&nbsp;&nbsp;&nbsp;drv_set_rtc_time
</UL>
<BR>[Called By]<UL><LI><a href="#[bf]">&gt;&gt;</a>&nbsp;&nbsp;&nbsp;drv_init
</UL>

<P><STRONG><a name="[a8]"></a>drv_sensor_get_data</STRONG> (Thumb, 28 bytes, Stack size 8 bytes, drv_sensor.o(i.drv_sensor_get_data))
<BR><BR>[Stack]<UL><LI>Max Depth = 8<LI>Call Chain = drv_sensor_get_data
</UL>
<BR>[Calls]<UL><LI><a href="#[d4]">&gt;&gt;</a>&nbsp;&nbsp;&nbsp;drv_get_temp
<LI><a href="#[d5]">&gt;&gt;</a>&nbsp;&nbsp;&nbsp;drv_get_humiData
</UL>
<BR>[Called By]<UL><LI><a href="#[51]">&gt;&gt;</a>&nbsp;&nbsp;&nbsp;app_sensor_printf_task
</UL>

<P><STRONG><a name="[c5]"></a>drv_sensor_init</STRONG> (Thumb, 12 bytes, Stack size 8 bytes, drv_sensor.o(i.drv_sensor_init))
<BR><BR>[Stack]<UL><LI>Max Depth = 124<LI>Call Chain = drv_sensor_init &rArr; drv_temp_init &rArr; AdcInit &rArr; delay_us &rArr; rcu_clock_freq_get
</UL>
<BR>[Calls]<UL><LI><a href="#[d6]">&gt;&gt;</a>&nbsp;&nbsp;&nbsp;drv_temp_init
<LI><a href="#[89]">&gt;&gt;</a>&nbsp;&nbsp;&nbsp;HumiDrvInit
</UL>
<BR>[Called By]<UL><LI><a href="#[bf]">&gt;&gt;</a>&nbsp;&nbsp;&nbsp;drv_init
</UL>

<P><STRONG><a name="[aa]"></a>drv_sensor_proc</STRONG> (Thumb, 28 bytes, Stack size 8 bytes, drv_sensor.o(i.drv_sensor_proc))
<BR><BR>[Stack]<UL><LI>Max Depth = 100<LI>Call Chain = drv_sensor_proc &rArr; drv_Humi_Sensor_Proc &rArr; AdcToHumi &rArr; AsceBinarySearch
</UL>
<BR>[Calls]<UL><LI><a href="#[d7]">&gt;&gt;</a>&nbsp;&nbsp;&nbsp;drv_tempsensor_proc
<LI><a href="#[d4]">&gt;&gt;</a>&nbsp;&nbsp;&nbsp;drv_get_temp
<LI><a href="#[b6]">&gt;&gt;</a>&nbsp;&nbsp;&nbsp;drv_Humi_Sensor_Proc
</UL>
<BR>[Called By]<UL><LI><a href="#[52]">&gt;&gt;</a>&nbsp;&nbsp;&nbsp;app_sensor_task
</UL>

<P><STRONG><a name="[d2]"></a>drv_set_rtc_time</STRONG> (Thumb, 70 bytes, Stack size 56 bytes, drv_rtc.o(i.drv_set_rtc_time))
<BR><BR>[Stack]<UL><LI>Max Depth = 80<LI>Call Chain = drv_set_rtc_time &rArr; mktime &rArr; _localtime
</UL>
<BR>[Calls]<UL><LI><a href="#[d0]">&gt;&gt;</a>&nbsp;&nbsp;&nbsp;rtc_lwoff_wait
<LI><a href="#[d9]">&gt;&gt;</a>&nbsp;&nbsp;&nbsp;rtc_counter_set
<LI><a href="#[d8]">&gt;&gt;</a>&nbsp;&nbsp;&nbsp;__aeabi_memclr4
<LI><a href="#[56]">&gt;&gt;</a>&nbsp;&nbsp;&nbsp;mktime
</UL>
<BR>[Called By]<UL><LI><a href="#[c4]">&gt;&gt;</a>&nbsp;&nbsp;&nbsp;drv_rtc_init
</UL>

<P><STRONG><a name="[d6]"></a>drv_temp_init</STRONG> (Thumb, 12 bytes, Stack size 8 bytes, drv_temp.o(i.drv_temp_init))
<BR><BR>[Stack]<UL><LI>Max Depth = 116<LI>Call Chain = drv_temp_init &rArr; AdcInit &rArr; delay_us &rArr; rcu_clock_freq_get
</UL>
<BR>[Calls]<UL><LI><a href="#[88]">&gt;&gt;</a>&nbsp;&nbsp;&nbsp;GpioInit
<LI><a href="#[79]">&gt;&gt;</a>&nbsp;&nbsp;&nbsp;AdcInit
</UL>
<BR>[Called By]<UL><LI><a href="#[c5]">&gt;&gt;</a>&nbsp;&nbsp;&nbsp;drv_sensor_init
</UL>

<P><STRONG><a name="[d7]"></a>drv_tempsensor_proc</STRONG> (Thumb, 122 bytes, Stack size 16 bytes, drv_temp.o(i.drv_tempsensor_proc))
<BR><BR>[Stack]<UL><LI>Max Depth = 72<LI>Call Chain = drv_tempsensor_proc &rArr; MedianAvgFltr &rArr; qsort &rArr;  qsort (Cycle)
</UL>
<BR>[Calls]<UL><LI><a href="#[db]">&gt;&gt;</a>&nbsp;&nbsp;&nbsp;push_data_buff
<LI><a href="#[da]">&gt;&gt;</a>&nbsp;&nbsp;&nbsp;get_adcval
<LI><a href="#[a2]">&gt;&gt;</a>&nbsp;&nbsp;&nbsp;adc_temp_10mpl
<LI><a href="#[8b]">&gt;&gt;</a>&nbsp;&nbsp;&nbsp;MedianAvgFltr
</UL>
<BR>[Called By]<UL><LI><a href="#[aa]">&gt;&gt;</a>&nbsp;&nbsp;&nbsp;drv_sensor_proc
</UL>

<P><STRONG><a name="[c2]"></a>drv_uart_init</STRONG> (Thumb, 16 bytes, Stack size 8 bytes, drv_uart.o(i.drv_uart_init))
<BR><BR>[Stack]<UL><LI>Max Depth = 132<LI>Call Chain = drv_uart_init &rArr; uart_init &rArr; usart_baudrate_set &rArr; rcu_clock_freq_get
</UL>
<BR>[Calls]<UL><LI><a href="#[dd]">&gt;&gt;</a>&nbsp;&nbsp;&nbsp;uart_init
<LI><a href="#[dc]">&gt;&gt;</a>&nbsp;&nbsp;&nbsp;uart_gpio_init
</UL>
<BR>[Called By]<UL><LI><a href="#[bf]">&gt;&gt;</a>&nbsp;&nbsp;&nbsp;drv_init
</UL>

<P><STRONG><a name="[50]"></a>feed_dog</STRONG> (Thumb, 14 bytes, Stack size 8 bytes, drv_dgt.o(i.feed_dog))
<BR><BR>[Stack]<UL><LI>Max Depth = 32<LI>Call Chain = feed_dog &rArr; __2printf
</UL>
<BR>[Calls]<UL><LI><a href="#[de]">&gt;&gt;</a>&nbsp;&nbsp;&nbsp;fwdgt_counter_reload
<LI><a href="#[a7]">&gt;&gt;</a>&nbsp;&nbsp;&nbsp;__2printf
</UL>
<BR>[Address Reference Count : 1]<UL><LI> task.o(.data)
</UL>
<P><STRONG><a name="[4a]"></a>fputc</STRONG> (Thumb, 16 bytes, Stack size 16 bytes, drv_uart.o(i.fputc))
<BR><BR>[Stack]<UL><LI>Max Depth = 32<LI>Call Chain = fputc &rArr; uart_send_char &rArr; usart_flag_get
</UL>
<BR>[Calls]<UL><LI><a href="#[df]">&gt;&gt;</a>&nbsp;&nbsp;&nbsp;uart_send_char
</UL>
<BR>[Address Reference Count : 1]<UL><LI> printfa.o(i.__0printf)
</UL>
<P><STRONG><a name="[ba]"></a>fwdgt_config</STRONG> (Thumb, 94 bytes, Stack size 12 bytes, gd32f30x_fwdgt.o(i.fwdgt_config))
<BR><BR>[Stack]<UL><LI>Max Depth = 12<LI>Call Chain = fwdgt_config
</UL>
<BR>[Called By]<UL><LI><a href="#[b9]">&gt;&gt;</a>&nbsp;&nbsp;&nbsp;drv_dgt_init
</UL>

<P><STRONG><a name="[de]"></a>fwdgt_counter_reload</STRONG> (Thumb, 10 bytes, Stack size 0 bytes, gd32f30x_fwdgt.o(i.fwdgt_counter_reload))
<BR><BR>[Called By]<UL><LI><a href="#[50]">&gt;&gt;</a>&nbsp;&nbsp;&nbsp;feed_dog
</UL>

<P><STRONG><a name="[bb]"></a>fwdgt_enable</STRONG> (Thumb, 10 bytes, Stack size 0 bytes, gd32f30x_fwdgt.o(i.fwdgt_enable))
<BR><BR>[Called By]<UL><LI><a href="#[b9]">&gt;&gt;</a>&nbsp;&nbsp;&nbsp;drv_dgt_init
</UL>

<P><STRONG><a name="[c7]"></a>gpio_bit_reset</STRONG> (Thumb, 4 bytes, Stack size 0 bytes, gd32f30x_gpio.o(i.gpio_bit_reset))
<BR><BR>[Called By]<UL><LI><a href="#[b4]">&gt;&gt;</a>&nbsp;&nbsp;&nbsp;drv_led_off
<LI><a href="#[c0]">&gt;&gt;</a>&nbsp;&nbsp;&nbsp;drv_led_init
</UL>

<P><STRONG><a name="[c8]"></a>gpio_bit_set</STRONG> (Thumb, 4 bytes, Stack size 0 bytes, gd32f30x_gpio.o(i.gpio_bit_set))
<BR><BR>[Called By]<UL><LI><a href="#[b3]">&gt;&gt;</a>&nbsp;&nbsp;&nbsp;drv_led_on
</UL>

<P><STRONG><a name="[6b]"></a>gpio_bit_write</STRONG> (Thumb, 10 bytes, Stack size 0 bytes, gd32f30x_gpio.o(i.gpio_bit_write))
<BR><BR>[Called By]<UL><LI><a href="#[69]">&gt;&gt;</a>&nbsp;&nbsp;&nbsp;AcPowerProc
</UL>

<P><STRONG><a name="[82]"></a>gpio_init</STRONG> (Thumb, 188 bytes, Stack size 20 bytes, gd32f30x_gpio.o(i.gpio_init))
<BR><BR>[Stack]<UL><LI>Max Depth = 20<LI>Call Chain = gpio_init
</UL>
<BR>[Called By]<UL><LI><a href="#[81]">&gt;&gt;</a>&nbsp;&nbsp;&nbsp;GPIO_Init
<LI><a href="#[dc]">&gt;&gt;</a>&nbsp;&nbsp;&nbsp;uart_gpio_init
<LI><a href="#[c6]">&gt;&gt;</a>&nbsp;&nbsp;&nbsp;key_gpio_init
<LI><a href="#[c0]">&gt;&gt;</a>&nbsp;&nbsp;&nbsp;drv_led_init
<LI><a href="#[88]">&gt;&gt;</a>&nbsp;&nbsp;&nbsp;GpioInit
<LI><a href="#[87]">&gt;&gt;</a>&nbsp;&nbsp;&nbsp;GpioInit
<LI><a href="#[83]">&gt;&gt;</a>&nbsp;&nbsp;&nbsp;GPIO_Init
</UL>

<P><STRONG><a name="[e0]"></a>gpio_input_bit_get</STRONG> (Thumb, 16 bytes, Stack size 0 bytes, gd32f30x_gpio.o(i.gpio_input_bit_get))
<BR><BR>[Called By]<UL><LI><a href="#[bc]">&gt;&gt;</a>&nbsp;&nbsp;&nbsp;key_scan
</UL>

<P><STRONG><a name="[6a]"></a>gpio_output_bit_get</STRONG> (Thumb, 16 bytes, Stack size 0 bytes, gd32f30x_gpio.o(i.gpio_output_bit_get))
<BR><BR>[Called By]<UL><LI><a href="#[69]">&gt;&gt;</a>&nbsp;&nbsp;&nbsp;AcPowerProc
</UL>

<P><STRONG><a name="[46]"></a>main</STRONG> (Thumb, 24 bytes, Stack size 0 bytes, main.o(i.main))
<BR><BR>[Stack]<UL><LI>Max Depth = 140<LI>Call Chain = main &rArr; drv_init &rArr; drv_uart_init &rArr; uart_init &rArr; usart_baudrate_set &rArr; rcu_clock_freq_get
</UL>
<BR>[Calls]<UL><LI><a href="#[e4]">&gt;&gt;</a>&nbsp;&nbsp;&nbsp;task_loop
<LI><a href="#[e2]">&gt;&gt;</a>&nbsp;&nbsp;&nbsp;task_init
<LI><a href="#[e3]">&gt;&gt;</a>&nbsp;&nbsp;&nbsp;sys_init
<LI><a href="#[bf]">&gt;&gt;</a>&nbsp;&nbsp;&nbsp;drv_init
<LI><a href="#[a4]">&gt;&gt;</a>&nbsp;&nbsp;&nbsp;app_init
</UL>
<BR>[Address Reference Count : 1]<UL><LI> entry9a.o(.ARM.Collect$$$$0000000B)
</UL>
<P><STRONG><a name="[96]"></a>nvic_irq_enable</STRONG> (Thumb, 186 bytes, Stack size 24 bytes, gd32f30x_misc.o(i.nvic_irq_enable))
<BR><BR>[Stack]<UL><LI>Max Depth = 24<LI>Call Chain = nvic_irq_enable
</UL>
<BR>[Calls]<UL><LI><a href="#[e5]">&gt;&gt;</a>&nbsp;&nbsp;&nbsp;nvic_priority_group_set
</UL>
<BR>[Called By]<UL><LI><a href="#[dd]">&gt;&gt;</a>&nbsp;&nbsp;&nbsp;uart_init
<LI><a href="#[8a]">&gt;&gt;</a>&nbsp;&nbsp;&nbsp;TimerInit
<LI><a href="#[b8]">&gt;&gt;</a>&nbsp;&nbsp;&nbsp;timerinit
</UL>

<P><STRONG><a name="[e5]"></a>nvic_priority_group_set</STRONG> (Thumb, 10 bytes, Stack size 0 bytes, gd32f30x_misc.o(i.nvic_priority_group_set))
<BR><BR>[Called By]<UL><LI><a href="#[96]">&gt;&gt;</a>&nbsp;&nbsp;&nbsp;nvic_irq_enable
</UL>

<P><STRONG><a name="[cb]"></a>pmu_backup_write_enable</STRONG> (Thumb, 14 bytes, Stack size 0 bytes, gd32f30x_pmu.o(i.pmu_backup_write_enable))
<BR><BR>[Called By]<UL><LI><a href="#[c4]">&gt;&gt;</a>&nbsp;&nbsp;&nbsp;drv_rtc_init
</UL>

<P><STRONG><a name="[6e]"></a>rcu_adc_clock_config</STRONG> (Thumb, 98 bytes, Stack size 0 bytes, gd32f30x_rcu.o(i.rcu_adc_clock_config))
<BR><BR>[Called By]<UL><LI><a href="#[79]">&gt;&gt;</a>&nbsp;&nbsp;&nbsp;AdcInit
<LI><a href="#[6c]">&gt;&gt;</a>&nbsp;&nbsp;&nbsp;AdcInit
</UL>

<P><STRONG><a name="[b2]"></a>rcu_bkp_reset_disable</STRONG> (Thumb, 14 bytes, Stack size 0 bytes, gd32f30x_rcu.o(i.rcu_bkp_reset_disable))
<BR><BR>[Called By]<UL><LI><a href="#[b0]">&gt;&gt;</a>&nbsp;&nbsp;&nbsp;bkp_deinit
</UL>

<P><STRONG><a name="[b1]"></a>rcu_bkp_reset_enable</STRONG> (Thumb, 14 bytes, Stack size 0 bytes, gd32f30x_rcu.o(i.rcu_bkp_reset_enable))
<BR><BR>[Called By]<UL><LI><a href="#[b0]">&gt;&gt;</a>&nbsp;&nbsp;&nbsp;bkp_deinit
</UL>

<P><STRONG><a name="[b5]"></a>rcu_clock_freq_get</STRONG> (Thumb, 310 bytes, Stack size 84 bytes, gd32f30x_rcu.o(i.rcu_clock_freq_get))
<BR><BR>[Stack]<UL><LI>Max Depth = 84<LI>Call Chain = rcu_clock_freq_get
</UL>
<BR>[Called By]<UL><LI><a href="#[fe]">&gt;&gt;</a>&nbsp;&nbsp;&nbsp;usart_baudrate_set
<LI><a href="#[eb]">&gt;&gt;</a>&nbsp;&nbsp;&nbsp;sys_tick_init
<LI><a href="#[77]">&gt;&gt;</a>&nbsp;&nbsp;&nbsp;delay_us
</UL>

<P><STRONG><a name="[e7]"></a>rcu_flag_get</STRONG> (Thumb, 30 bytes, Stack size 0 bytes, gd32f30x_rcu.o(i.rcu_flag_get))
<BR><BR>[Called By]<UL><LI><a href="#[cd]">&gt;&gt;</a>&nbsp;&nbsp;&nbsp;rcu_osci_stab_wait
</UL>

<P><STRONG><a name="[cc]"></a>rcu_osci_on</STRONG> (Thumb, 28 bytes, Stack size 0 bytes, gd32f30x_rcu.o(i.rcu_osci_on))
<BR><BR>[Called By]<UL><LI><a href="#[c4]">&gt;&gt;</a>&nbsp;&nbsp;&nbsp;drv_rtc_init
</UL>

<P><STRONG><a name="[cd]"></a>rcu_osci_stab_wait</STRONG> (Thumb, 268 bytes, Stack size 20 bytes, gd32f30x_rcu.o(i.rcu_osci_stab_wait))
<BR><BR>[Stack]<UL><LI>Max Depth = 20<LI>Call Chain = rcu_osci_stab_wait
</UL>
<BR>[Calls]<UL><LI><a href="#[e7]">&gt;&gt;</a>&nbsp;&nbsp;&nbsp;rcu_flag_get
</UL>
<BR>[Called By]<UL><LI><a href="#[c4]">&gt;&gt;</a>&nbsp;&nbsp;&nbsp;drv_rtc_init
</UL>

<P><STRONG><a name="[6d]"></a>rcu_periph_clock_enable</STRONG> (Thumb, 28 bytes, Stack size 0 bytes, gd32f30x_rcu.o(i.rcu_periph_clock_enable))
<BR><BR>[Called By]<UL><LI><a href="#[c9]">&gt;&gt;</a>&nbsp;&nbsp;&nbsp;timerinit
<LI><a href="#[81]">&gt;&gt;</a>&nbsp;&nbsp;&nbsp;GPIO_Init
<LI><a href="#[dd]">&gt;&gt;</a>&nbsp;&nbsp;&nbsp;uart_init
<LI><a href="#[dc]">&gt;&gt;</a>&nbsp;&nbsp;&nbsp;uart_gpio_init
<LI><a href="#[c6]">&gt;&gt;</a>&nbsp;&nbsp;&nbsp;key_gpio_init
<LI><a href="#[c4]">&gt;&gt;</a>&nbsp;&nbsp;&nbsp;drv_rtc_init
<LI><a href="#[c0]">&gt;&gt;</a>&nbsp;&nbsp;&nbsp;drv_led_init
<LI><a href="#[88]">&gt;&gt;</a>&nbsp;&nbsp;&nbsp;GpioInit
<LI><a href="#[79]">&gt;&gt;</a>&nbsp;&nbsp;&nbsp;AdcInit
<LI><a href="#[8a]">&gt;&gt;</a>&nbsp;&nbsp;&nbsp;TimerInit
<LI><a href="#[87]">&gt;&gt;</a>&nbsp;&nbsp;&nbsp;GpioInit
<LI><a href="#[6c]">&gt;&gt;</a>&nbsp;&nbsp;&nbsp;AdcInit
<LI><a href="#[b8]">&gt;&gt;</a>&nbsp;&nbsp;&nbsp;timerinit
<LI><a href="#[83]">&gt;&gt;</a>&nbsp;&nbsp;&nbsp;GPIO_Init
</UL>

<P><STRONG><a name="[ef]"></a>rcu_periph_reset_disable</STRONG> (Thumb, 28 bytes, Stack size 0 bytes, gd32f30x_rcu.o(i.rcu_periph_reset_disable))
<BR><BR>[Called By]<UL><LI><a href="#[fa]">&gt;&gt;</a>&nbsp;&nbsp;&nbsp;usart_deinit
<LI><a href="#[92]">&gt;&gt;</a>&nbsp;&nbsp;&nbsp;timer_deinit
</UL>

<P><STRONG><a name="[ee]"></a>rcu_periph_reset_enable</STRONG> (Thumb, 28 bytes, Stack size 0 bytes, gd32f30x_rcu.o(i.rcu_periph_reset_enable))
<BR><BR>[Called By]<UL><LI><a href="#[fa]">&gt;&gt;</a>&nbsp;&nbsp;&nbsp;usart_deinit
<LI><a href="#[92]">&gt;&gt;</a>&nbsp;&nbsp;&nbsp;timer_deinit
</UL>

<P><STRONG><a name="[ce]"></a>rcu_rtc_clock_config</STRONG> (Thumb, 18 bytes, Stack size 0 bytes, gd32f30x_rcu.o(i.rcu_rtc_clock_config))
<BR><BR>[Called By]<UL><LI><a href="#[c4]">&gt;&gt;</a>&nbsp;&nbsp;&nbsp;drv_rtc_init
</UL>

<P><STRONG><a name="[e8]"></a>rtc_configuration_mode_enter</STRONG> (Thumb, 14 bytes, Stack size 0 bytes, gd32f30x_rtc.o(i.rtc_configuration_mode_enter))
<BR><BR>[Called By]<UL><LI><a href="#[d1]">&gt;&gt;</a>&nbsp;&nbsp;&nbsp;rtc_prescaler_set
<LI><a href="#[d9]">&gt;&gt;</a>&nbsp;&nbsp;&nbsp;rtc_counter_set
</UL>

<P><STRONG><a name="[e9]"></a>rtc_configuration_mode_exit</STRONG> (Thumb, 14 bytes, Stack size 0 bytes, gd32f30x_rtc.o(i.rtc_configuration_mode_exit))
<BR><BR>[Called By]<UL><LI><a href="#[d1]">&gt;&gt;</a>&nbsp;&nbsp;&nbsp;rtc_prescaler_set
<LI><a href="#[d9]">&gt;&gt;</a>&nbsp;&nbsp;&nbsp;rtc_counter_set
</UL>

<P><STRONG><a name="[be]"></a>rtc_counter_get</STRONG> (Thumb, 16 bytes, Stack size 0 bytes, gd32f30x_rtc.o(i.rtc_counter_get))
<BR><BR>[Called By]<UL><LI><a href="#[bd]">&gt;&gt;</a>&nbsp;&nbsp;&nbsp;drv_get_rtc_time
</UL>

<P><STRONG><a name="[d9]"></a>rtc_counter_set</STRONG> (Thumb, 26 bytes, Stack size 4 bytes, gd32f30x_rtc.o(i.rtc_counter_set))
<BR><BR>[Stack]<UL><LI>Max Depth = 4<LI>Call Chain = rtc_counter_set
</UL>
<BR>[Calls]<UL><LI><a href="#[e9]">&gt;&gt;</a>&nbsp;&nbsp;&nbsp;rtc_configuration_mode_exit
<LI><a href="#[e8]">&gt;&gt;</a>&nbsp;&nbsp;&nbsp;rtc_configuration_mode_enter
</UL>
<BR>[Called By]<UL><LI><a href="#[d2]">&gt;&gt;</a>&nbsp;&nbsp;&nbsp;drv_set_rtc_time
</UL>

<P><STRONG><a name="[d0]"></a>rtc_lwoff_wait</STRONG> (Thumb, 16 bytes, Stack size 0 bytes, gd32f30x_rtc.o(i.rtc_lwoff_wait))
<BR><BR>[Called By]<UL><LI><a href="#[c4]">&gt;&gt;</a>&nbsp;&nbsp;&nbsp;drv_rtc_init
<LI><a href="#[d2]">&gt;&gt;</a>&nbsp;&nbsp;&nbsp;drv_set_rtc_time
</UL>

<P><STRONG><a name="[d1]"></a>rtc_prescaler_set</STRONG> (Thumb, 28 bytes, Stack size 4 bytes, gd32f30x_rtc.o(i.rtc_prescaler_set))
<BR><BR>[Stack]<UL><LI>Max Depth = 4<LI>Call Chain = rtc_prescaler_set
</UL>
<BR>[Calls]<UL><LI><a href="#[e9]">&gt;&gt;</a>&nbsp;&nbsp;&nbsp;rtc_configuration_mode_exit
<LI><a href="#[e8]">&gt;&gt;</a>&nbsp;&nbsp;&nbsp;rtc_configuration_mode_enter
</UL>
<BR>[Called By]<UL><LI><a href="#[c4]">&gt;&gt;</a>&nbsp;&nbsp;&nbsp;drv_rtc_init
</UL>

<P><STRONG><a name="[cf]"></a>rtc_register_sync_wait</STRONG> (Thumb, 28 bytes, Stack size 0 bytes, gd32f30x_rtc.o(i.rtc_register_sync_wait))
<BR><BR>[Called By]<UL><LI><a href="#[c4]">&gt;&gt;</a>&nbsp;&nbsp;&nbsp;drv_rtc_init
</UL>

<P><STRONG><a name="[4f]"></a>rtc_task</STRONG> (Thumb, 50 bytes, Stack size 24 bytes, app_key.o(i.rtc_task))
<BR><BR>[Stack]<UL><LI>Max Depth = 48<LI>Call Chain = rtc_task &rArr; drv_get_rtc_time &rArr; localtime &rArr; _localtime
</UL>
<BR>[Calls]<UL><LI><a href="#[bd]">&gt;&gt;</a>&nbsp;&nbsp;&nbsp;drv_get_rtc_time
<LI><a href="#[a7]">&gt;&gt;</a>&nbsp;&nbsp;&nbsp;__2printf
</UL>
<BR>[Address Reference Count : 1]<UL><LI> task.o(.data)
</UL>
<P><STRONG><a name="[ed]"></a>sys_callback</STRONG> (Thumb, 6 bytes, Stack size 0 bytes, sys_tick.o(i.sys_callback))
<BR><BR>[Called By]<UL><LI><a href="#[e2]">&gt;&gt;</a>&nbsp;&nbsp;&nbsp;task_init
</UL>

<P><STRONG><a name="[e1]"></a>sys_tick_get_runtime</STRONG> (Thumb, 8 bytes, Stack size 0 bytes, sys_tick.o(i.sys_tick_get_runtime))
<BR><BR>[Called By]<UL><LI><a href="#[bc]">&gt;&gt;</a>&nbsp;&nbsp;&nbsp;key_scan
</UL>

<P><STRONG><a name="[eb]"></a>sys_tick_init</STRONG> (Thumb, 92 bytes, Stack size 16 bytes, sys_tick.o(i.sys_tick_init))
<BR><BR>[Stack]<UL><LI>Max Depth = 100<LI>Call Chain = sys_tick_init &rArr; rcu_clock_freq_get
</UL>
<BR>[Calls]<UL><LI><a href="#[b5]">&gt;&gt;</a>&nbsp;&nbsp;&nbsp;rcu_clock_freq_get
</UL>
<BR>[Called By]<UL><LI><a href="#[e3]">&gt;&gt;</a>&nbsp;&nbsp;&nbsp;sys_init
</UL>

<P><STRONG><a name="[e2]"></a>task_init</STRONG> (Thumb, 10 bytes, Stack size 8 bytes, task.o(i.task_init))
<BR><BR>[Stack]<UL><LI>Max Depth = 8<LI>Call Chain = task_init
</UL>
<BR>[Calls]<UL><LI><a href="#[ed]">&gt;&gt;</a>&nbsp;&nbsp;&nbsp;sys_callback
</UL>
<BR>[Called By]<UL><LI><a href="#[46]">&gt;&gt;</a>&nbsp;&nbsp;&nbsp;main
</UL>

<P><STRONG><a name="[e4]"></a>task_loop</STRONG> (Thumb, 56 bytes, Stack size 8 bytes, task.o(i.task_loop))
<BR><BR>[Stack]<UL><LI>Max Depth = 8<LI>Call Chain = task_loop
</UL>
<BR>[Called By]<UL><LI><a href="#[46]">&gt;&gt;</a>&nbsp;&nbsp;&nbsp;main
</UL>

<P><STRONG><a name="[8f]"></a>timer_channel_capture_value_register_read</STRONG> (Thumb, 42 bytes, Stack size 0 bytes, gd32f30x_timer.o(i.timer_channel_capture_value_register_read))
<BR><BR>[Called By]<UL><LI><a href="#[26]">&gt;&gt;</a>&nbsp;&nbsp;&nbsp;TIMER1_IRQHandler
</UL>

<P><STRONG><a name="[f1]"></a>timer_channel_input_capture_prescaler_config</STRONG> (Thumb, 90 bytes, Stack size 0 bytes, gd32f30x_timer.o(i.timer_channel_input_capture_prescaler_config))
<BR><BR>[Called By]<UL><LI><a href="#[f2]">&gt;&gt;</a>&nbsp;&nbsp;&nbsp;timer_input_pwm_capture_config
<LI><a href="#[f0]">&gt;&gt;</a>&nbsp;&nbsp;&nbsp;timer_input_capture_config
</UL>

<P><STRONG><a name="[f9]"></a>timer_channel_input_struct_para_init</STRONG> (Thumb, 16 bytes, Stack size 0 bytes, gd32f30x_timer.o(i.timer_channel_input_struct_para_init))
<BR><BR>[Called By]<UL><LI><a href="#[b8]">&gt;&gt;</a>&nbsp;&nbsp;&nbsp;timerinit
</UL>

<P><STRONG><a name="[f4]"></a>timer_channel_output_config</STRONG> (Thumb, 484 bytes, Stack size 8 bytes, gd32f30x_timer.o(i.timer_channel_output_config))
<BR><BR>[Stack]<UL><LI>Max Depth = 8<LI>Call Chain = timer_channel_output_config
</UL>
<BR>[Called By]<UL><LI><a href="#[c9]">&gt;&gt;</a>&nbsp;&nbsp;&nbsp;timerinit
</UL>

<P><STRONG><a name="[f5]"></a>timer_channel_output_mode_config</STRONG> (Thumb, 90 bytes, Stack size 0 bytes, gd32f30x_timer.o(i.timer_channel_output_mode_config))
<BR><BR>[Called By]<UL><LI><a href="#[c9]">&gt;&gt;</a>&nbsp;&nbsp;&nbsp;timerinit
</UL>

<P><STRONG><a name="[f6]"></a>timer_channel_output_pulse_value_config</STRONG> (Thumb, 38 bytes, Stack size 0 bytes, gd32f30x_timer.o(i.timer_channel_output_pulse_value_config))
<BR><BR>[Called By]<UL><LI><a href="#[c9]">&gt;&gt;</a>&nbsp;&nbsp;&nbsp;timerinit
</UL>

<P><STRONG><a name="[f7]"></a>timer_channel_output_shadow_config</STRONG> (Thumb, 90 bytes, Stack size 0 bytes, gd32f30x_timer.o(i.timer_channel_output_shadow_config))
<BR><BR>[Called By]<UL><LI><a href="#[c9]">&gt;&gt;</a>&nbsp;&nbsp;&nbsp;timerinit
</UL>

<P><STRONG><a name="[f3]"></a>timer_channel_output_struct_para_init</STRONG> (Thumb, 16 bytes, Stack size 0 bytes, gd32f30x_timer.o(i.timer_channel_output_struct_para_init))
<BR><BR>[Called By]<UL><LI><a href="#[c9]">&gt;&gt;</a>&nbsp;&nbsp;&nbsp;timerinit
</UL>

<P><STRONG><a name="[90]"></a>timer_counter_value_config</STRONG> (Thumb, 4 bytes, Stack size 0 bytes, gd32f30x_timer.o(i.timer_counter_value_config))
<BR><BR>[Called By]<UL><LI><a href="#[26]">&gt;&gt;</a>&nbsp;&nbsp;&nbsp;TIMER1_IRQHandler
</UL>

<P><STRONG><a name="[92]"></a>timer_deinit</STRONG> (Thumb, 210 bytes, Stack size 8 bytes, gd32f30x_timer.o(i.timer_deinit))
<BR><BR>[Stack]<UL><LI>Max Depth = 8<LI>Call Chain = timer_deinit
</UL>
<BR>[Calls]<UL><LI><a href="#[ee]">&gt;&gt;</a>&nbsp;&nbsp;&nbsp;rcu_periph_reset_enable
<LI><a href="#[ef]">&gt;&gt;</a>&nbsp;&nbsp;&nbsp;rcu_periph_reset_disable
</UL>
<BR>[Called By]<UL><LI><a href="#[c9]">&gt;&gt;</a>&nbsp;&nbsp;&nbsp;timerinit
<LI><a href="#[8a]">&gt;&gt;</a>&nbsp;&nbsp;&nbsp;TimerInit
<LI><a href="#[b8]">&gt;&gt;</a>&nbsp;&nbsp;&nbsp;timerinit
</UL>

<P><STRONG><a name="[97]"></a>timer_enable</STRONG> (Thumb, 10 bytes, Stack size 0 bytes, gd32f30x_timer.o(i.timer_enable))
<BR><BR>[Called By]<UL><LI><a href="#[c9]">&gt;&gt;</a>&nbsp;&nbsp;&nbsp;timerinit
<LI><a href="#[8a]">&gt;&gt;</a>&nbsp;&nbsp;&nbsp;TimerInit
<LI><a href="#[b8]">&gt;&gt;</a>&nbsp;&nbsp;&nbsp;timerinit
</UL>

<P><STRONG><a name="[94]"></a>timer_init</STRONG> (Thumb, 122 bytes, Stack size 0 bytes, gd32f30x_timer.o(i.timer_init))
<BR><BR>[Called By]<UL><LI><a href="#[c9]">&gt;&gt;</a>&nbsp;&nbsp;&nbsp;timerinit
<LI><a href="#[8a]">&gt;&gt;</a>&nbsp;&nbsp;&nbsp;TimerInit
<LI><a href="#[b8]">&gt;&gt;</a>&nbsp;&nbsp;&nbsp;timerinit
</UL>

<P><STRONG><a name="[f0]"></a>timer_input_capture_config</STRONG> (Thumb, 326 bytes, Stack size 16 bytes, gd32f30x_timer.o(i.timer_input_capture_config))
<BR><BR>[Stack]<UL><LI>Max Depth = 16<LI>Call Chain = timer_input_capture_config
</UL>
<BR>[Calls]<UL><LI><a href="#[f1]">&gt;&gt;</a>&nbsp;&nbsp;&nbsp;timer_channel_input_capture_prescaler_config
</UL>
<BR>[Called By]<UL><LI><a href="#[b8]">&gt;&gt;</a>&nbsp;&nbsp;&nbsp;timerinit
</UL>

<P><STRONG><a name="[f2]"></a>timer_input_pwm_capture_config</STRONG> (Thumb, 356 bytes, Stack size 24 bytes, gd32f30x_timer.o(i.timer_input_pwm_capture_config))
<BR><BR>[Stack]<UL><LI>Max Depth = 24<LI>Call Chain = timer_input_pwm_capture_config
</UL>
<BR>[Calls]<UL><LI><a href="#[f1]">&gt;&gt;</a>&nbsp;&nbsp;&nbsp;timer_channel_input_capture_prescaler_config
</UL>
<BR>[Called By]<UL><LI><a href="#[b8]">&gt;&gt;</a>&nbsp;&nbsp;&nbsp;timerinit
</UL>

<P><STRONG><a name="[95]"></a>timer_interrupt_enable</STRONG> (Thumb, 8 bytes, Stack size 0 bytes, gd32f30x_timer.o(i.timer_interrupt_enable))
<BR><BR>[Called By]<UL><LI><a href="#[8a]">&gt;&gt;</a>&nbsp;&nbsp;&nbsp;TimerInit
<LI><a href="#[b8]">&gt;&gt;</a>&nbsp;&nbsp;&nbsp;timerinit
</UL>

<P><STRONG><a name="[91]"></a>timer_interrupt_flag_clear</STRONG> (Thumb, 6 bytes, Stack size 0 bytes, gd32f30x_timer.o(i.timer_interrupt_flag_clear))
<BR><BR>[Called By]<UL><LI><a href="#[3c]">&gt;&gt;</a>&nbsp;&nbsp;&nbsp;TIMER4_IRQHandler
<LI><a href="#[26]">&gt;&gt;</a>&nbsp;&nbsp;&nbsp;TIMER1_IRQHandler
<LI><a href="#[b8]">&gt;&gt;</a>&nbsp;&nbsp;&nbsp;timerinit
</UL>

<P><STRONG><a name="[8e]"></a>timer_interrupt_flag_get</STRONG> (Thumb, 24 bytes, Stack size 0 bytes, gd32f30x_timer.o(i.timer_interrupt_flag_get))
<BR><BR>[Called By]<UL><LI><a href="#[3c]">&gt;&gt;</a>&nbsp;&nbsp;&nbsp;TIMER4_IRQHandler
<LI><a href="#[26]">&gt;&gt;</a>&nbsp;&nbsp;&nbsp;TIMER1_IRQHandler
</UL>

<P><STRONG><a name="[f8]"></a>timer_primary_output_config</STRONG> (Thumb, 24 bytes, Stack size 0 bytes, gd32f30x_timer.o(i.timer_primary_output_config))
<BR><BR>[Called By]<UL><LI><a href="#[c9]">&gt;&gt;</a>&nbsp;&nbsp;&nbsp;timerinit
</UL>

[...]
</UL>

<P><STRONG><a name="[fb]"></a>usart_word_length_set</STRONG> (Thumb, 16 bytes, Stack size 0 bytes, gd32f30x_usart.o(i.usart_word_length_set))
<BR><BR>[Called By]<UL><LI><a href="#[dd]">&gt;&gt;</a>&nbsp;&nbsp;&nbsp;uart_init
</UL>
<P>
<H3>
Local Symbols
</H3>
<P><STRONG><a name="[ec]"></a>system_clock_120m_hxtal</STRONG> (Thumb, 258 bytes, Stack size 0 bytes, system_gd32f30x.o(i.system_clock_120m_hxtal))
<BR><BR>[Called By]<UL><LI><a href="#[8d]">&gt;&gt;</a>&nbsp;&nbsp;&nbsp;system_clock_config
</UL>

<P><STRONG><a name="[8d]"></a>system_clock_config</STRONG> (Thumb, 8 bytes, Stack size 8 bytes, system_gd32f30x.o(i.system_clock_config))
<BR><BR>[Stack]<UL><LI>Max Depth = 8<LI>Call Chain = system_clock_config
</UL>
<BR>[Calls]<UL><LI><a href="#[ec]">&gt;&gt;</a>&nbsp;&nbsp;&nbsp;system_clock_120m_hxtal
</UL>
<BR>[Called By]<UL><LI><a href="#[47]">&gt;&gt;</a>&nbsp;&nbsp;&nbsp;SystemInit
</UL>

<P><STRONG><a name="[a4]"></a>app_init</STRONG> (Thumb, 8 bytes, Stack size 8 bytes, main.o(i.app_init))
<BR><BR>[Stack]<UL><LI>Max Depth = 16<LI>Call Chain = app_init &rArr; app_uart_init
</UL>
<BR>[Calls]<UL><LI><a href="#[a5]">&gt;&gt;</a>&nbsp;&nbsp;&nbsp;app_uart_init
</UL>
<BR>[Called By]<UL><LI><a href="#[46]">&gt;&gt;</a>&nbsp;&nbsp;&nbsp;main
</UL>

<P><STRONG><a name="[bf]"></a>drv_init</STRONG> (Thumb, 40 bytes, Stack size 8 bytes, main.o(i.drv_init))
<BR><BR>[Stack]<UL><LI>Max Depth = 140<LI>Call Chain = drv_init &rArr; drv_uart_init &rArr; uart_init &rArr; usart_baudrate_set &rArr; rcu_clock_freq_get
</UL>
<BR>[Calls]<UL><LI><a href="#[c2]">&gt;&gt;</a>&nbsp;&nbsp;&nbsp;drv_uart_init
<LI><a href="#[c5]">&gt;&gt;</a>&nbsp;&nbsp;&nbsp;drv_sensor_init
<LI><a href="#[c4]">&gt;&gt;</a>&nbsp;&nbsp;&nbsp;drv_rtc_init
<LI><a href="#[c3]">&gt;&gt;</a>&nbsp;&nbsp;&nbsp;drv_pwm_init
<LI><a href="#[c0]">&gt;&gt;</a>&nbsp;&nbsp;&nbsp;drv_led_init
<LI><a href="#[c1]">&gt;&gt;</a>&nbsp;&nbsp;&nbsp;drv_key_init
<LI><a href="#[b9]">&gt;&gt;</a>&nbsp;&nbsp;&nbsp;drv_dgt_init
<LI><a href="#[b7]">&gt;&gt;</a>&nbsp;&nbsp;&nbsp;drv_capture_init
</UL>
<BR>[Called By]<UL><LI><a href="#[46]">&gt;&gt;</a>&nbsp;&nbsp;&nbsp;main
</UL>

<P><STRONG><a name="[e3]"></a>sys_init</STRONG> (Thumb, 12 bytes, Stack size 8 bytes, main.o(i.sys_init))
<BR><BR>[Stack]<UL><LI>Max Depth = 108<LI>Call Chain = sys_init &rArr; sys_tick_init &rArr; rcu_clock_freq_get
</UL>
<BR>[Calls]<UL><LI><a href="#[eb]">&gt;&gt;</a>&nbsp;&nbsp;&nbsp;sys_tick_init
<LI><a href="#[ea]">&gt;&gt;</a>&nbsp;&nbsp;&nbsp;delay_init
</UL>
<BR>[Called By]<UL><LI><a href="#[46]">&gt;&gt;</a>&nbsp;&nbsp;&nbsp;main
</UL>

<P><STRONG><a name="[4c]"></a>task_tick_hook</STRONG> (Thumb, 136 bytes, Stack size 8 bytes, task.o(i.task_tick_hook))
<BR><BR>[Stack]<UL><LI>Max Depth = 8<LI>Call Chain = task_tick_hook
</UL>
<BR>[Address Reference Count : 1]<UL><LI> task.o(i.task_init)
</UL>
<P><STRONG><a name="[ad]"></a>cal_xor_sum</STRONG> (Thumb, 26 bytes, Stack size 8 bytes, app_uart.o(i.cal_xor_sum))
<BR><BR>[Stack]<UL><LI>Max Depth = 8<LI>Call Chain = cal_xor_sum
</UL>
<BR>[Called By]<UL><LI><a href="#[4d]">&gt;&gt;</a>&nbsp;&nbsp;&nbsp;app_uart_task
</UL>

<P><STRONG><a name="[ae]"></a>ctrl_led</STRONG> (Thumb, 24 bytes, Stack size 8 bytes, app_uart.o(i.ctrl_led))
<BR><BR>[Stack]<UL><LI>Max Depth = 16<LI>Call Chain = ctrl_led &rArr; drv_led_on
</UL>
<BR>[Calls]<UL><LI><a href="#[b3]">&gt;&gt;</a>&nbsp;&nbsp;&nbsp;drv_led_on
<LI><a href="#[b4]">&gt;&gt;</a>&nbsp;&nbsp;&nbsp;drv_led_off
</UL>
<BR>[Called By]<UL><LI><a href="#[4d]">&gt;&gt;</a>&nbsp;&nbsp;&nbsp;app_uart_task
</UL>

<P><STRONG><a name="[4b]"></a>pro_uart_data</STRONG> (Thumb, 14 bytes, Stack size 8 bytes, app_uart.o(i.pro_uart_data))
<BR><BR>[Stack]<UL><LI>Max Depth = 20<LI>Call Chain = pro_uart_data &rArr; QueuePush
</UL>
<BR>[Calls]<UL><LI><a href="#[e6]">&gt;&gt;</a>&nbsp;&nbsp;&nbsp;QueuePush
</UL>
<BR>[Address Reference Count : 1]<UL><LI> app_uart.o(i.app_uart_init)
</UL>
<P><STRONG><a name="[c6]"></a>key_gpio_init</STRONG> (Thumb, 60 bytes, Stack size 8 bytes, drv_key.o(i.key_gpio_init))
<BR><BR>[Stack]<UL><LI>Max Depth = 28<LI>Call Chain = key_gpio_init &rArr; gpio_init
</UL>
<BR>[Calls]<UL><LI><a href="#[6d]">&gt;&gt;</a>&nbsp;&nbsp;&nbsp;rcu_periph_clock_enable
<LI><a href="#[82]">&gt;&gt;</a>&nbsp;&nbsp;&nbsp;gpio_init
</UL>
<BR>[Called By]<UL><LI><a href="#[c1]">&gt;&gt;</a>&nbsp;&nbsp;&nbsp;drv_key_init
</UL>

<P><STRONG><a name="[bc]"></a>key_scan</STRONG> (Thumb, 522 bytes, Stack size 24 bytes, drv_key.o(i.key_scan))
<BR><BR>[Stack]<UL><LI>Max Depth = 24<LI>Call Chain = key_scan
</UL>
<BR>[Calls]<UL><LI><a href="#[e0]">&gt;&gt;</a>&nbsp;&nbsp;&nbsp;gpio_input_bit_get
<LI><a href="#[e1]">&gt;&gt;</a>&nbsp;&nbsp;&nbsp;sys_tick_get_runtime
</UL>
<BR>[Called By]<UL><LI><a href="#[a6]">&gt;&gt;</a>&nbsp;&nbsp;&nbsp;drv_get_key_val
</UL>

<P><STRONG><a name="[dc]"></a>uart_gpio_init</STRONG> (Thumb, 40 bytes, Stack size 8 bytes, drv_uart.o(i.uart_gpio_init))
<BR><BR>[Stack]<UL><LI>Max Depth = 28<LI>Call Chain = uart_gpio_init &rArr; gpio_init
</UL>
<BR>[Calls]<UL><LI><a href="#[6d]">&gt;&gt;</a>&nbsp;&nbsp;&nbsp;rcu_periph_clock_enable
<LI><a href="#[82]">&gt;&gt;</a>&nbsp;&nbsp;&nbsp;gpio_init
</UL>
<BR>[Called By]<UL><LI><a href="#[c2]">&gt;&gt;</a>&nbsp;&nbsp;&nbsp;drv_uart_init
</UL>

<P><STRONG><a name="[dd]"></a>uart_init</STRONG> (Thumb, 114 bytes, Stack size 8 bytes, drv_uart.o(i.uart_init))
<BR><BR>[Stack]<UL><LI>Max Depth = 124<LI>Call Chain = uart_init &rArr; usart_baudrate_set &rArr; rcu_clock_freq_get
</UL>
<BR>[Calls]<UL><LI><a href="#[fb]">&gt;&gt;</a>&nbsp;&nbsp;&nbsp;usart_word_length_set
<LI><a href="#[ff]">&gt;&gt;</a>&nbsp;&nbsp;&nbsp;usart_transmit_config
<LI><a href="#[fd]">&gt;&gt;</a>&nbsp;&nbsp;&nbsp;usart_stop_bit_set
<LI><a href="#[100]">&gt;&gt;</a>&nbsp;&nbsp;&nbsp;usart_receive_config
<LI><a href="#[fc]">&gt;&gt;</a>&nbsp;&nbsp;&nbsp;usart_parity_config
<LI><a href="#[101]">&gt;&gt;</a>&nbsp;&nbsp;&nbsp;usart_interrupt_enable
<LI><a href="#[102]">&gt;&gt;</a>&nbsp;&nbsp;&nbsp;usart_enable
<LI><a href="#[fa]">&gt;&gt;</a>&nbsp;&nbsp;&nbsp;usart_deinit
<LI><a href="#[fe]">&gt;&gt;</a>&nbsp;&nbsp;&nbsp;usart_baudrate_set
<LI><a href="#[96]">&gt;&gt;</a>&nbsp;&nbsp;&nbsp;nvic_irq_enable
<LI><a href="#[6d]">&gt;&gt;</a>&nbsp;&nbsp;&nbsp;rcu_periph_clock_enable
</UL>
<BR>[Called By]<UL><LI><a href="#[c2]">&gt;&gt;</a>&nbsp;&nbsp;&nbsp;drv_uart_init
</UL>

<P><STRONG><a name="[81]"></a>GPIO_Init</STRONG> (Thumb, 26 bytes, Stack size 8 bytes, drv_pwm.o(i.GPIO_Init))
<BR><BR>[Stack]<UL><LI>Max Depth = 28<LI>Call Chain = GPIO_Init &rArr; gpio_init
</UL>
<BR>[Calls]<UL><LI><a href="#[6d]">&gt;&gt;</a>&nbsp;&nbsp;&nbsp;rcu_periph_clock_enable
<LI><a href="#[82]">&gt;&gt;</a>&nbsp;&nbsp;&nbsp;gpio_init
</UL>
<BR>[Called By]<UL><LI><a href="#[c3]">&gt;&gt;</a>&nbsp;&nbsp;&nbsp;drv_pwm_init
</UL>

<P><STRONG><a name="[c9]"></a>timerinit</STRONG> (Thumb, 124 bytes, Stack size 32 bytes, drv_pwm.o(i.timerinit))
<BR><BR>[Stack]<UL><LI>Max Depth = 40<LI>Call Chain = timerinit &rArr; timer_deinit
</UL>
<BR>[Calls]<UL><LI><a href="#[6d]">&gt;&gt;</a>&nbsp;&nbsp;&nbsp;rcu_periph_clock_enable
<LI><a href="#[93]">&gt;&gt;</a>&nbsp;&nbsp;&nbsp;timer_struct_para_init
<LI><a href="#[f8]">&gt;&gt;</a>&nbsp;&nbsp;&nbsp;timer_primary_output_config
<LI><a href="#[94]">&gt;&gt;</a>&nbsp;&nbsp;&nbsp;timer_init
<LI><a href="#[97]">&gt;&gt;</a>&nbsp;&nbsp;&nbsp;timer_enable
<LI><a href="#[92]">&gt;&gt;</a>&nbsp;&nbsp;&nbsp;timer_deinit
<LI><a href="#[f3]">&gt;&gt;</a>&nbsp;&nbsp;&nbsp;timer_channel_output_struct_para_init
<LI><a href="#[f7]">&gt;&gt;</a>&nbsp;&nbsp;&nbsp;timer_channel_output_shadow_config
<LI><a href="#[f6]">&gt;&gt;</a>&nbsp;&nbsp;&nbsp;timer_channel_output_pulse_value_config
<LI><a href="#[f5]">&gt;&gt;</a>&nbsp;&nbsp;&nbsp;timer_channel_output_mode_config
<LI><a href="#[f4]">&gt;&gt;</a>&nbsp;&nbsp;&nbsp;timer_channel_output_config
</UL>
<BR>[Called By]<UL><LI><a href="#[c3]">&gt;&gt;</a>&nbsp;&nbsp;&nbsp;drv_pwm_init
</UL>

<P><STRONG><a name="[83]"></a>GPIO_Init</STRONG> (Thumb, 24 bytes, Stack size 8 bytes, drv_capture.o(i.GPIO_Init))
<BR><BR>[Stack]<UL><LI>Max Depth = 28<LI>Call Chain = GPIO_Init &rArr; gpio_init
</UL>
<BR>[Calls]<UL><LI><a href="#[6d]">&gt;&gt;</a>&nbsp;&nbsp;&nbsp;rcu_periph_clock_enable
<LI><a href="#[82]">&gt;&gt;</a>&nbsp;&nbsp;&nbsp;gpio_init
</UL>
<BR>[Called By]<UL><LI><a href="#[b7]">&gt;&gt;</a>&nbsp;&nbsp;&nbsp;drv_capture_init
</UL>

<P><STRONG><a name="[b8]"></a>timerinit</STRONG> (Thumb, 126 bytes, Stack size 32 bytes, drv_capture.o(i.timerinit))
<BR><BR>[Stack]<UL><LI>Max Depth = 56<LI>Call Chain = timerinit &rArr; nvic_irq_enable
</UL>
<BR>[Calls]<UL><LI><a href="#[96]">&gt;&gt;</a>&nbsp;&nbsp;&nbsp;nvic_irq_enable
<LI><a href="#[6d]">&gt;&gt;</a>&nbsp;&nbsp;&nbsp;rcu_periph_clock_enable
<LI><a href="#[91]">&gt;&gt;</a>&nbsp;&nbsp;&nbsp;timer_interrupt_flag_clear
<LI><a href="#[95]">&gt;&gt;</a>&nbsp;&nbsp;&nbsp;timer_interrupt_enable
<LI><a href="#[f2]">&gt;&gt;</a>&nbsp;&nbsp;&nbsp;timer_input_pwm_capture_config
<LI><a href="#[f0]">&gt;&gt;</a>&nbsp;&nbsp;&nbsp;timer_input_capture_config
<LI><a href="#[f9]">&gt;&gt;</a>&nbsp;&nbsp;&nbsp;timer_channel_input_struct_para_init
<LI><a href="#[93]">&gt;&gt;</a>&nbsp;&nbsp;&nbsp;timer_struct_para_init
<LI><a href="#[94]">&gt;&gt;</a>&nbsp;&nbsp;&nbsp;timer_init
<LI><a href="#[97]">&gt;&gt;</a>&nbsp;&nbsp;&nbsp;timer_enable
<LI><a href="#[92]">&gt;&gt;</a>&nbsp;&nbsp;&nbsp;timer_deinit
</UL>
<BR>[Called By]<UL><LI><a href="#[b7]">&gt;&gt;</a>&nbsp;&nbsp;&nbsp;drv_capture_init
</UL>

<P><STRONG><a name="[69]"></a>AcPowerProc</STRONG> (Thumb, 60 bytes, Stack size 8 bytes, drv_hum.o(i.AcPowerProc))
<BR><BR>[Stack]<UL><LI>Max Depth = 8<LI>Call Chain = AcPowerProc
</UL>
<BR>[Calls]<UL><LI><a href="#[6a]">&gt;&gt;</a>&nbsp;&nbsp;&nbsp;gpio_output_bit_get
<LI><a href="#[6b]">&gt;&gt;</a>&nbsp;&nbsp;&nbsp;gpio_bit_write
</UL>
<BR>[Called By]<UL><LI><a href="#[3c]">&gt;&gt;</a>&nbsp;&nbsp;&nbsp;TIMER4_IRQHandler
</UL>

<P><STRONG><a name="[6c]"></a>AdcInit</STRONG> (Thumb, 104 bytes, Stack size 8 bytes, drv_hum.o(i.AdcInit))
<BR><BR>[Stack]<UL><LI>Max Depth = 108<LI>Call Chain = AdcInit &rArr; delay_us &rArr; rcu_clock_freq_get
</UL>
<BR>[Calls]<UL><LI><a href="#[6d]">&gt;&gt;</a>&nbsp;&nbsp;&nbsp;rcu_periph_clock_enable
<LI><a href="#[77]">&gt;&gt;</a>&nbsp;&nbsp;&nbsp;delay_us
<LI><a href="#[6e]">&gt;&gt;</a>&nbsp;&nbsp;&nbsp;rcu_adc_clock_config
<LI><a href="#[70]">&gt;&gt;</a>&nbsp;&nbsp;&nbsp;adc_special_function_config
<LI><a href="#[73]">&gt;&gt;</a>&nbsp;&nbsp;&nbsp;adc_regular_channel_config
<LI><a href="#[6f]">&gt;&gt;</a>&nbsp;&nbsp;&nbsp;adc_mode_config
<LI><a href="#[74]">&gt;&gt;</a>&nbsp;&nbsp;&nbsp;adc_external_trigger_source_config
<LI><a href="#[75]">&gt;&gt;</a>&nbsp;&nbsp;&nbsp;adc_external_trigger_config
<LI><a href="#[76]">&gt;&gt;</a>&nbsp;&nbsp;&nbsp;adc_enable
<LI><a href="#[71]">&gt;&gt;</a>&nbsp;&nbsp;&nbsp;adc_data_alignment_config
<LI><a href="#[72]">&gt;&gt;</a>&nbsp;&nbsp;&nbsp;adc_channel_length_config
<LI><a href="#[78]">&gt;&gt;</a>&nbsp;&nbsp;&nbsp;adc_calibration_enable
</UL>
<BR>[Called By]<UL><LI><a href="#[89]">&gt;&gt;</a>&nbsp;&nbsp;&nbsp;HumiDrvInit
</UL>

<P><STRONG><a name="[7d]"></a>AdcToHumi</STRONG> (Thumb, 74 bytes, Stack size 24 bytes, drv_hum.o(i.AdcToHumi))
<BR><BR>[Stack]<UL><LI>Max Depth = 44<LI>Call Chain = AdcToHumi &rArr; AsceBinarySearch
</UL>
<BR>[Calls]<UL><LI><a href="#[7e]">&gt;&gt;</a>&nbsp;&nbsp;&nbsp;AsceBinarySearch
</UL>
<BR>[Called By]<UL><LI><a href="#[b6]">&gt;&gt;</a>&nbsp;&nbsp;&nbsp;drv_Humi_Sensor_Proc
</UL>

<P><STRONG><a name="[7e]"></a>AsceBinarySearch</STRONG> (Thumb, 48 bytes, Stack size 20 bytes, drv_hum.o(i.AsceBinarySearch))
<BR><BR>[Stack]<UL><LI>Max Depth = 20<LI>Call Chain = AsceBinarySearch
</UL>
<BR>[Called By]<UL><LI><a href="#[7d]">&gt;&gt;</a>&nbsp;&nbsp;&nbsp;AdcToHumi
</UL>

<P><STRONG><a name="[7f]"></a>CalcHumiAdcByTemp</STRONG> (Thumb, 136 bytes, Stack size 24 bytes, drv_hum.o(i.CalcHumiAdcByTemp))
<BR><BR>[Stack]<UL><LI>Max Depth = 32<LI>Call Chain = CalcHumiAdcByTemp &rArr; __aeabi_memcpy
</UL>
<BR>[Calls]<UL><LI><a href="#[80]">&gt;&gt;</a>&nbsp;&nbsp;&nbsp;__aeabi_memcpy
</UL>
<BR>[Called By]<UL><LI><a href="#[b6]">&gt;&gt;</a>&nbsp;&nbsp;&nbsp;drv_Humi_Sensor_Proc
</UL>

<P><STRONG><a name="[84]"></a>GetAdcVal</STRONG> (Thumb, 32 bytes, Stack size 8 bytes, drv_hum.o(i.GetAdcVal))
<BR><BR>[Stack]<UL><LI>Max Depth = 8<LI>Call Chain = GetAdcVal
</UL>
<BR>[Calls]<UL><LI><a href="#[7c]">&gt;&gt;</a>&nbsp;&nbsp;&nbsp;adc_software_trigger_enable
<LI><a href="#[86]">&gt;&gt;</a>&nbsp;&nbsp;&nbsp;adc_regular_data_read
<LI><a href="#[85]">&gt;&gt;</a>&nbsp;&nbsp;&nbsp;adc_flag_get
</UL>
<BR>[Called By]<UL><LI><a href="#[3c]">&gt;&gt;</a>&nbsp;&nbsp;&nbsp;TIMER4_IRQHandler
</UL>

<P><STRONG><a name="[87]"></a>GpioInit</STRONG> (Thumb, 44 bytes, Stack size 8 bytes, drv_hum.o(i.GpioInit))
<BR><BR>[Stack]<UL><LI>Max Depth = 28<LI>Call Chain = GpioInit &rArr; gpio_init
</UL>
<BR>[Calls]<UL><LI><a href="#[6d]">&gt;&gt;</a>&nbsp;&nbsp;&nbsp;rcu_periph_clock_enable
<LI><a href="#[82]">&gt;&gt;</a>&nbsp;&nbsp;&nbsp;gpio_init
</UL>
<BR>[Called By]<UL><LI><a href="#[89]">&gt;&gt;</a>&nbsp;&nbsp;&nbsp;HumiDrvInit
</UL>

<P><STRONG><a name="[8a]"></a>TimerInit</STRONG> (Thumb, 68 bytes, Stack size 24 bytes, drv_hum.o(i.TimerInit))
<BR><BR>[Stack]<UL><LI>Max Depth = 48<LI>Call Chain = TimerInit &rArr; nvic_irq_enable
</UL>
<BR>[Calls]<UL><LI><a href="#[96]">&gt;&gt;</a>&nbsp;&nbsp;&nbsp;nvic_irq_enable
<LI><a href="#[6d]">&gt;&gt;</a>&nbsp;&nbsp;&nbsp;rcu_periph_clock_enable
<LI><a href="#[95]">&gt;&gt;</a>&nbsp;&nbsp;&nbsp;timer_interrupt_enable
<LI><a href="#[93]">&gt;&gt;</a>&nbsp;&nbsp;&nbsp;timer_struct_para_init
<LI><a href="#[94]">&gt;&gt;</a>&nbsp;&nbsp;&nbsp;timer_init
<LI><a href="#[97]">&gt;&gt;</a>&nbsp;&nbsp;&nbsp;timer_enable
<LI><a href="#[92]">&gt;&gt;</a>&nbsp;&nbsp;&nbsp;timer_deinit
</UL>
<BR>[Called By]<UL><LI><a href="#[89]">&gt;&gt;</a>&nbsp;&nbsp;&nbsp;HumiDrvInit
</UL>

<P><STRONG><a name="[79]"></a>AdcInit</STRONG> (Thumb, 130 bytes, Stack size 8 bytes, drv_temp.o(i.AdcInit))
<BR><BR>[Stack]<UL><LI>Max Depth = 108<LI>Call Chain = AdcInit &rArr; delay_us &rArr; rcu_clock_freq_get
</UL>
<BR>[Calls]<UL><LI><a href="#[6d]">&gt;&gt;</a>&nbsp;&nbsp;&nbsp;rcu_periph_clock_enable
<LI><a href="#[77]">&gt;&gt;</a>&nbsp;&nbsp;&nbsp;delay_us
<LI><a href="#[7b]">&gt;&gt;</a>&nbsp;&nbsp;&nbsp;adc_oversample_mode_enable
<LI><a href="#[7a]">&gt;&gt;</a>&nbsp;&nbsp;&nbsp;adc_oversample_mode_config
<LI><a href="#[6e]">&gt;&gt;</a>&nbsp;&nbsp;&nbsp;rcu_adc_clock_config
<LI><a href="#[70]">&gt;&gt;</a>&nbsp;&nbsp;&nbsp;adc_special_function_config
<LI><a href="#[7c]">&gt;&gt;</a>&nbsp;&nbsp;&nbsp;adc_software_trigger_enable
<LI><a href="#[73]">&gt;&gt;</a>&nbsp;&nbsp;&nbsp;adc_regular_channel_config
<LI><a href="#[6f]">&gt;&gt;</a>&nbsp;&nbsp;&nbsp;adc_mode_config
<LI><a href="#[74]">&gt;&gt;</a>&nbsp;&nbsp;&nbsp;adc_external_trigger_source_config
<LI><a href="#[75]">&gt;&gt;</a>&nbsp;&nbsp;&nbsp;adc_external_trigger_config
<LI><a href="#[76]">&gt;&gt;</a>&nbsp;&nbsp;&nbsp;adc_enable
<LI><a href="#[71]">&gt;&gt;</a>&nbsp;&nbsp;&nbsp;adc_data_alignment_config
<LI><a href="#[72]">&gt;&gt;</a>&nbsp;&nbsp;&nbsp;adc_channel_length_config
<LI><a href="#[78]">&gt;&gt;</a>&nbsp;&nbsp;&nbsp;adc_calibration_enable
</UL>
<BR>[Called By]<UL><LI><a href="#[d6]">&gt;&gt;</a>&nbsp;&nbsp;&nbsp;drv_temp_init
</UL>

<P><STRONG><a name="[8c]"></a>ArithAvgFltr</STRONG> (Thumb, 30 bytes, Stack size 8 bytes, drv_temp.o(i.ArithAvgFltr))
<BR><BR>[Stack]<UL><LI>Max Depth = 8<LI>Call Chain = ArithAvgFltr
</UL>
<BR>[Called By]<UL><LI><a href="#[8b]">&gt;&gt;</a>&nbsp;&nbsp;&nbsp;MedianAvgFltr
</UL>

<P><STRONG><a name="[49]"></a>CmpCb</STRONG> (Thumb, 38 bytes, Stack size 12 bytes, drv_temp.o(i.CmpCb))
<BR><BR>[Stack]<UL><LI>Max Depth = 12<LI>Call Chain = CmpCb
</UL>
<BR>[Address Reference Count : 1]<UL><LI> drv_temp.o(i.MedianAvgFltr)
</UL>
<P><STRONG><a name="[a3]"></a>DescBinarySearch</STRONG> (Thumb, 48 bytes, Stack size 20 bytes, drv_temp.o(i.DescBinarySearch))
<BR><BR>[Stack]<UL><LI>Max Depth = 20<LI>Call Chain = DescBinarySearch
</UL>
<BR>[Called By]<UL><LI><a href="#[a2]">&gt;&gt;</a>&nbsp;&nbsp;&nbsp;adc_temp_10mpl
</UL>

<P><STRONG><a name="[88]"></a>GpioInit</STRONG> (Thumb, 24 bytes, Stack size 8 bytes, drv_temp.o(i.GpioInit))
<BR><BR>[Stack]<UL><LI>Max Depth = 28<LI>Call Chain = GpioInit &rArr; gpio_init
</UL>
<BR>[Calls]<UL><LI><a href="#[6d]">&gt;&gt;</a>&nbsp;&nbsp;&nbsp;rcu_periph_clock_enable
<LI><a href="#[82]">&gt;&gt;</a>&nbsp;&nbsp;&nbsp;gpio_init
</UL>
<BR>[Called By]<UL><LI><a href="#[d6]">&gt;&gt;</a>&nbsp;&nbsp;&nbsp;drv_temp_init
</UL>

<P><STRONG><a name="[8b]"></a>MedianAvgFltr</STRONG> (Thumb, 28 bytes, Stack size 16 bytes, drv_temp.o(i.MedianAvgFltr))
<BR><BR>[Stack]<UL><LI>Max Depth = 56<LI>Call Chain = MedianAvgFltr &rArr; qsort &rArr;  qsort (Cycle)
</UL>
<BR>[Calls]<UL><LI><a href="#[8c]">&gt;&gt;</a>&nbsp;&nbsp;&nbsp;ArithAvgFltr
<LI><a href="#[55]">&gt;&gt;</a>&nbsp;&nbsp;&nbsp;qsort
</UL>
<BR>[Called By]<UL><LI><a href="#[d7]">&gt;&gt;</a>&nbsp;&nbsp;&nbsp;drv_tempsensor_proc
</UL>

<P><STRONG><a name="[a2]"></a>adc_temp_10mpl</STRONG> (Thumb, 72 bytes, Stack size 16 bytes, drv_temp.o(i.adc_temp_10mpl))
<BR><BR>[Stack]<UL><LI>Max Depth = 36<LI>Call Chain = adc_temp_10mpl &rArr; DescBinarySearch
</UL>
<BR>[Calls]<UL><LI><a href="#[a3]">&gt;&gt;</a>&nbsp;&nbsp;&nbsp;DescBinarySearch
</UL>
<BR>[Called By]<UL><LI><a href="#[d7]">&gt;&gt;</a>&nbsp;&nbsp;&nbsp;drv_tempsensor_proc
</UL>

<P><STRONG><a name="[da]"></a>get_adcval</STRONG> (Thumb, 24 bytes, Stack size 8 bytes, drv_temp.o(i.get_adcval))
<BR><BR>[Stack]<UL><LI>Max Depth = 8<LI>Call Chain = get_adcval
</UL>
<BR>[Calls]<UL><LI><a href="#[86]">&gt;&gt;</a>&nbsp;&nbsp;&nbsp;adc_regular_data_read
<LI><a href="#[85]">&gt;&gt;</a>&nbsp;&nbsp;&nbsp;adc_flag_get
</UL>
<BR>[Called By]<UL><LI><a href="#[d7]">&gt;&gt;</a>&nbsp;&nbsp;&nbsp;drv_tempsensor_proc
</UL>

<P><STRONG><a name="[db]"></a>push_data_buff</STRONG> (Thumb, 40 bytes, Stack size 0 bytes, drv_temp.o(i.push_data_buff))
<BR><BR>[Called By]<UL><LI><a href="#[d7]">&gt;&gt;</a>&nbsp;&nbsp;&nbsp;drv_tempsensor_proc
</UL>

<P><STRONG><a name="[9d]"></a>_fp_digits</STRONG> (Thumb, 366 bytes, Stack size 64 bytes, printfa.o(i._fp_digits), UNUSED)
<BR><BR>[Calls]<UL><LI><a href="#[5b]">&gt;&gt;</a>&nbsp;&nbsp;&nbsp;__aeabi_uldivmod
<LI><a href="#[65]">&gt;&gt;</a>&nbsp;&nbsp;&nbsp;__aeabi_dmul
<LI><a href="#[66]">&gt;&gt;</a>&nbsp;&nbsp;&nbsp;__aeabi_ddiv
<LI><a href="#[5f]">&gt;&gt;</a>&nbsp;&nbsp;&nbsp;__aeabi_dadd
<LI><a href="#[67]">&gt;&gt;</a>&nbsp;&nbsp;&nbsp;__aeabi_d2ulz
<LI><a href="#[9e]">&gt;&gt;</a>&nbsp;&nbsp;&nbsp;__aeabi_cdrcmple
</UL>
<BR>[Called By]<UL><LI><a href="#[9c]">&gt;&gt;</a>&nbsp;&nbsp;&nbsp;_printf_core
</UL>

<P><STRONG><a name="[9c]"></a>_printf_core</STRONG> (Thumb, 1744 bytes, Stack size 136 bytes, printfa.o(i._printf_core), UNUSED)
<BR><BR>[Calls]<UL><LI><a href="#[5b]">&gt;&gt;</a>&nbsp;&nbsp;&nbsp;__aeabi_uldivmod
<LI><a href="#[a1]">&gt;&gt;</a>&nbsp;&nbsp;&nbsp;__aeabi_uidivmod
<LI><a href="#[9f]">&gt;&gt;</a>&nbsp;&nbsp;&nbsp;_printf_pre_padding
<LI><a href="#[a0]">&gt;&gt;</a>&nbsp;&nbsp;&nbsp;_printf_post_padding
<LI><a href="#[9d]">&gt;&gt;</a>&nbsp;&nbsp;&nbsp;_fp_digits
</UL>
<BR>[Called By]<UL><LI><a href="#[9b]">&gt;&gt;</a>&nbsp;&nbsp;&nbsp;__0printf
</UL>

<P><STRONG><a name="[a0]"></a>_printf_post_padding</STRONG> (Thumb, 36 bytes, Stack size 24 bytes, printfa.o(i._printf_post_padding), UNUSED)
<BR><BR>[Called By]<UL><LI><a href="#[9c]">&gt;&gt;</a>&nbsp;&nbsp;&nbsp;_printf_core
</UL>

<P><STRONG><a name="[9f]"></a>_printf_pre_padding</STRONG> (Thumb, 46 bytes, Stack size 24 bytes, printfa.o(i._printf_pre_padding), UNUSED)
<BR><BR>[Called By]<UL><LI><a href="#[9c]">&gt;&gt;</a>&nbsp;&nbsp;&nbsp;_printf_core
</UL>
<P>
<H3>
Undefined Global Symbols
</H3><HR></body></html>
