Component: ARM Compiler 5.06 update 6 (build 750) Tool: armlink [4d35ed]

==============================================================================

Section Cross References

    startup_gd32f30x_hd.o(RESET) refers to startup_gd32f30x_hd.o(STACK) for __initial_sp
    startup_gd32f30x_hd.o(RESET) refers to startup_gd32f30x_hd.o(.text) for Reset_Handler
    startup_gd32f30x_hd.o(RESET) refers to sys_tick.o(i.SysTick_Handler) for SysTick_Handler
    startup_gd32f30x_hd.o(RESET) refers to drv_capture.o(i.TIMER1_IRQHandler) for TIMER1_IRQHandler
    startup_gd32f30x_hd.o(RESET) refers to porttimer.o(i.TIMER3_IRQHandler) for TIMER3_IRQHandler
    startup_gd32f30x_hd.o(RESET) refers to drv_uart.o(i.USART0_IRQHandler) for USART0_IRQHandler
    startup_gd32f30x_hd.o(RESET) refers to portserial.o(i.USART1_IRQHandler) for USART1_IRQHandler
    startup_gd32f30x_hd.o(RESET) refers to drv_hum.o(i.TIMER4_IRQHandler) for TIMER4_IRQHandler
    startup_gd32f30x_hd.o(.text) refers to system_gd32f30x.o(i.SystemInit) for SystemInit
    startup_gd32f30x_hd.o(.text) refers to entry.o(.ARM.Collect$$$$00000000) for __main
    system_gd32f30x.o(i.SystemCoreClockUpdate) refers to system_gd32f30x.o(.data) for SystemCoreClock
    system_gd32f30x.o(i.SystemInit) refers to system_gd32f30x.o(i.system_clock_config) for system_clock_config
    system_gd32f30x.o(i.system_clock_config) refers to system_gd32f30x.o(i.system_clock_120m_hxtal) for system_clock_120m_hxtal
    delay.o(i.delay_ms) refers to delay.o(i.delay_us) for delay_us
    delay.o(i.delay_us) refers to gd32f30x_rcu.o(i.rcu_clock_freq_get) for rcu_clock_freq_get
    sys_tick.o(i.SysTick_Handler) refers to sys_tick.o(.data) for g_sys_tick_count
    sys_tick.o(i.sys_callback) refers to sys_tick.o(.data) for psys_callback
    sys_tick.o(i.sys_tick_get_runtime) refers to sys_tick.o(.data) for g_sys_tick_count
    sys_tick.o(i.sys_tick_init) refers to gd32f30x_rcu.o(i.rcu_clock_freq_get) for rcu_clock_freq_get
    main.o(i.app_init) refers to app_uart.o(i.app_uart_init) for app_uart_init
    main.o(i.app_init) refers to modbus_app.o(i.ModbusAppInit) for ModbusAppInit
    main.o(i.drv_init) refers to drv_led.o(i.drv_led_init) for drv_led_init
    main.o(i.drv_init) refers to drv_key.o(i.drv_key_init) for drv_key_init
    main.o(i.drv_init) refers to drv_uart.o(i.drv_uart_init) for drv_uart_init
    main.o(i.drv_init) refers to drv_pwm.o(i.drv_pwm_init) for drv_pwm_init
    main.o(i.drv_init) refers to drv_capture.o(i.drv_capture_init) for drv_capture_init
    main.o(i.drv_init) refers to drv_rtc.o(i.drv_rtc_init) for drv_rtc_init
    main.o(i.drv_init) refers to drv_dgt.o(i.drv_dgt_init) for drv_dgt_init
    main.o(i.drv_init) refers to drv_sensor.o(i.drv_sensor_init) for drv_sensor_init
    main.o(i.main) refers to task.o(i.task_init) for task_init
    main.o(i.main) refers to main.o(i.sys_init) for sys_init
    main.o(i.main) refers to main.o(i.drv_init) for drv_init
    main.o(i.main) refers to main.o(i.app_init) for app_init
    main.o(i.main) refers to task.o(i.task_loop) for task_loop
    main.o(i.sys_init) refers to delay.o(i.delay_init) for delay_init
    main.o(i.sys_init) refers to sys_tick.o(i.sys_tick_init) for sys_tick_init
    task.o(i.task_init) refers to sys_tick.o(i.sys_callback) for sys_callback
    task.o(i.task_init) refers to task.o(i.task_tick_hook) for task_tick_hook
    task.o(i.task_loop) refers to task.o(.data) for g_task_table
    task.o(i.task_tick_hook) refers to task.o(.data) for g_task_table
    task.o(i.test_led_task) refers to drv_led.o(i.drv_led_toggle) for drv_led_toggle
    task.o(.data) refers to app_uart.o(i.app_uart_task) for app_uart_task
    task.o(.data) refers to app_key.o(i.app_key_task) for app_key_task
    task.o(.data) refers to app_key.o(i.rtc_task) for rtc_task
    task.o(.data) refers to drv_dgt.o(i.feed_dog) for feed_dog
    task.o(.data) refers to app_sensor.o(i.app_sensor_printf_task) for app_sensor_printf_task
    task.o(.data) refers to app_sensor.o(i.app_sensor_task) for app_sensor_task
    task.o(.data) refers to modbus_app.o(i.ModbusTask) for ModbusTask
    task.o(.data) refers to task.o(i.test_led_task) for test_led_task
    app_uart.o(i.app_uart_init) refers to drv_uart.o(i.uart_callback) for uart_callback
    app_uart.o(i.app_uart_init) refers to queue.o(i.QueueInit) for QueueInit
    app_uart.o(i.app_uart_init) refers to app_uart.o(i.pro_uart_data) for pro_uart_data
    app_uart.o(i.app_uart_init) refers to app_uart.o(.bss) for g_rc_buf
    app_uart.o(i.app_uart_task) refers to app_uart.o(i.cal_xor_sum) for cal_xor_sum
    app_uart.o(i.app_uart_task) refers to app_uart.o(i.ctrl_led) for ctrl_led
    app_uart.o(i.app_uart_task) refers to printfa.o(i.__0printf) for __2printf
    app_uart.o(i.app_uart_task) refers to queue.o(i.QueuePop) for QueuePop
    app_uart.o(i.app_uart_task) refers to app_uart.o(.data) for st
    app_uart.o(i.app_uart_task) refers to app_uart.o(.bss) for frame
[...]
    push_data_buff                           0x080032fd   Thumb Code    40  drv_temp.o(i.push_data_buff)
    i.rcu_adc_clock_config                   0x0800332c   Section        0  gd32f30x_rcu.o(i.rcu_adc_clock_config)
    i.rcu_bkp_reset_disable                  0x08003398   Section        0  gd32f30x_rcu.o(i.rcu_bkp_reset_disable)
    i.rcu_bkp_reset_enable                   0x080033ac   Section        0  gd32f30x_rcu.o(i.rcu_bkp_reset_enable)
    i.rcu_clock_freq_get                     0x080033c0   Section        0  gd32f30x_rcu.o(i.rcu_clock_freq_get)
    i.rcu_flag_get                           0x08003518   Section        0  gd32f30x_rcu.o(i.rcu_flag_get)
    i.rcu_osci_on                            0x0800353c   Section        0  gd32f30x_rcu.o(i.rcu_osci_on)
    i.rcu_osci_stab_wait                     0x0800355c   Section        0  gd32f30x_rcu.o(i.rcu_osci_stab_wait)
    i.rcu_periph_clock_enable                0x0800366c   Section        0  gd32f30x_rcu.o(i.rcu_periph_clock_enable)
    i.rcu_periph_reset_disable               0x0800368c   Section        0  gd32f30x_rcu.o(i.rcu_periph_reset_disable)
    i.rcu_periph_reset_enable                0x080036ac   Section        0  gd32f30x_rcu.o(i.rcu_periph_reset_enable)
    i.rcu_rtc_clock_config                   0x080036cc   Section        0  gd32f30x_rcu.o(i.rcu_rtc_clock_config)
    i.rtc_configuration_mode_enter           0x080036e4   Section        0  gd32f30x_rtc.o(i.rtc_configuration_mode_enter)
    i.rtc_configuration_mode_exit            0x080036f8   Section        0  gd32f30x_rtc.o(i.rtc_configuration_mode_exit)
    i.rtc_counter_get                        0x0800370c   Section        0  gd32f30x_rtc.o(i.rtc_counter_get)
    i.rtc_counter_set                        0x08003720   Section        0  gd32f30x_rtc.o(i.rtc_counter_set)
    i.rtc_lwoff_wait                         0x08003740   Section        0  gd32f30x_rtc.o(i.rtc_lwoff_wait)
    i.rtc_prescaler_set                      0x08003754   Section        0  gd32f30x_rtc.o(i.rtc_prescaler_set)
    i.rtc_register_sync_wait                 0x08003774   Section        0  gd32f30x_rtc.o(i.rtc_register_sync_wait)
    i.rtc_task                               0x08003794   Section        0  app_key.o(i.rtc_task)
    i.sys_callback                           0x080037e8   Section        0  sys_tick.o(i.sys_callback)
    i.sys_init                               0x080037f4   Section        0  main.o(i.sys_init)
    sys_init                                 0x080037f5   Thumb Code    12  main.o(i.sys_init)
    i.sys_tick_get_runtime                   0x08003800   Section        0  sys_tick.o(i.sys_tick_get_runtime)
    i.sys_tick_init                          0x0800380c   Section        0  sys_tick.o(i.sys_tick_init)
    i.system_clock_120m_hxtal                0x08003870   Section        0  system_gd32f30x.o(i.system_clock_120m_hxtal)
    system_clock_120m_hxtal                  0x08003871   Thumb Code   258  system_gd32f30x.o(i.system_clock_120m_hxtal)
    i.system_clock_config                    0x08003984   Section        0  system_gd32f30x.o(i.system_clock_config)
    system_clock_config                      0x08003985   Thumb Code     8  system_gd32f30x.o(i.system_clock_config)
    i.task_init                              0x0800398c   Section        0  task.o(i.task_init)
    i.task_loop                              0x0800399c   Section        0  task.o(i.task_loop)
    i.task_tick_hook                         0x080039d8   Section        0  task.o(i.task_tick_hook)
    task_tick_hook                           0x080039d9   Thumb Code   136  task.o(i.task_tick_hook)
    i.test_led_task                          0x08003a64   Section        0  task.o(i.test_led_task)
    test_led_task                            0x08003a65   Thumb Code    10  task.o(i.test_led_task)
    i.timer_channel_capture_value_register_read 0x08003a6e   Section        0  gd32f30x_timer.o(i.timer_channel_capture_value_register_read)
    i.timer_channel_input_capture_prescaler_config 0x08003a98   Section        0  gd32f30x_timer.o(i.timer_channel_input_capture_prescaler_config)
    i.timer_channel_input_struct_para_init   0x08003af2   Section        0  gd32f30x_timer.o(i.timer_channel_input_struct_para_init)
    i.timer_channel_output_config            0x08003b04   Section        0  gd32f30x_timer.o(i.timer_channel_output_config)
    i.timer_channel_output_mode_config       0x08003cf0   Section        0  gd32f30x_timer.o(i.timer_channel_output_mode_config)
    i.timer_channel_output_pulse_value_config 0x08003d4a   Section        0  gd32f30x_timer.o(i.timer_channel_output_pulse_value_config)
    i.timer_channel_output_shadow_config     0x08003d70   Section        0  gd32f30x_timer.o(i.timer_channel_output_shadow_config)
    i.timer_channel_output_struct_para_init  0x08003dca   Section        0  gd32f30x_timer.o(i.timer_channel_output_struct_para_init)
    i.timer_counter_value_config             0x08003dda   Section        0  gd32f30x_timer.o(i.timer_counter_value_config)
    i.timer_deinit                           0x08003de0   Section        0  gd32f30x_timer.o(i.timer_deinit)
    i.timer_disable                          0x08003ebc   Section        0  gd32f30x_timer.o(i.timer_disable)
    i.timer_enable                           0x08003ec6   Section        0  gd32f30x_timer.o(i.timer_enable)
    i.timer_init                             0x08003ed0   Section        0  gd32f30x_timer.o(i.timer_init)
    i.timer_input_capture_config             0x08003f68   Section        0  gd32f30x_timer.o(i.timer_input_capture_config)
    i.timer_input_pwm_capture_config         0x080040ae   Section        0  gd32f30x_timer.o(i.timer_input_pwm_capture_config)
    i.timer_interrupt_disable                0x08004212   Section        0  gd32f30x_timer.o(i.timer_interrupt_disable)
    i.timer_interrupt_enable                 0x0800421a   Section        0  gd32f30x_timer.o(i.timer_interrupt_enable)
    i.timer_interrupt_flag_clear             0x08004222   Section        0  gd32f30x_timer.o(i.timer_interrupt_flag_clear)
    i.timer_interrupt_flag_get               0x08004228   Section        0  gd32f30x_timer.o(i.timer_interrupt_flag_get)
    i.timer_primary_output_config            0x08004240   Section        0  gd32f30x_timer.o(i.timer_primary_output_config)
    i.timer_struct_para_init                 0x08004258   Section        0  gd32f30x_timer.o(i.timer_struct_para_init)
    i.timerinit                              0x08004270   Section        0  drv_pwm.o(i.timerinit)
    timerinit                                0x08004271   Thumb Code   124  drv_pwm.o(i.timerinit)
    i.timerinit                              0x080042f0   Section        0  drv_capture.o(i.timerinit)
    timerinit                                0x080042f1   Thumb Code   126  drv_capture.o(i.timerinit)
    i.uart_callback                          0x08004370   Section        0  drv_uart.o(i.uart_callback)
    i.uart_gpio_init                         0x0800437c   Section        0  drv_uart.o(i.uart_gpio_init)
    uart_gpio_init                           0x0800437d   Thumb Code    40  drv_uart.o(i.uart_gpio_init)
    i.uart_init                              0x080043a8   Section        0  drv_uart.o(i.uart_init)
    uart_init                                0x080043a9   Thumb Code   114  drv_uart.o(i.uart_init)
    i.uart_send_char                         0x08004420   Section        0  drv_uart.o(i.uart_send_char)
    i.usMBCRC16                              0x08004444   Section        0  mbcrc.o(i.usMBCRC16)
    i.usart_baudrate_set                     0x0800447c   Section        0  gd32f30x_usart.o(i.usart_baudrate_set)
    i.usart_data_receive                     0x0800450c   Section        0  gd32f30x_usart.o(i.usart_data_receive)
    i.usart_data_transmit                    0x08004516   Section        0  gd32f30x_usart.o(i.usart_data_transmit)
    i.usart_deinit                           0x08004520   Section        0  gd32f30x_usart.o(i.usart_deinit)
    i.usart_enable                           0x080045b0   Section        0  gd32f30x_usart.o(i.usart_enable)
    i.usart_flag_get                         0x080045ba   Section        0  gd32f30x_usart.o(i.usart_flag_get)
    i.usart_interrupt_disable                0x080045d8   Section        0  gd32f30x_usart.o(i.usart_interrupt_disable)
    i.usart_interrupt_enable                 0x080045f2   Section        0  gd32f30x_usart.o(i.usart_interrupt_enable)
    i.usart_interrupt_flag_clear             0x0800460c   Section        0  gd32f30x_usart.o(i.usart_interrupt_flag_clear)
    i.usart_interrupt_flag_get               0x0800461e   Section        0  gd32f30x_usart.o(i.usart_interrupt_flag_get)
    i.usart_parity_config                    0x08004656   Section        0  gd32f30x_usart.o(i.usart_parity_config)
    i.usart_receive_config                   0x08004666   Section        0  gd32f30x_usart.o(i.usart_receive_config)
    i.usart_stop_bit_set                     0x0800467a   Section        0  gd32f30x_usart.o(i.usart_stop_bit_set)
    i.usart_transmit_config                  0x0800468a   Section        0  gd32f30x_usart.o(i.usart_transmit_config)
    i.usart_word_length_set                  0x0800469e   Section        0  gd32f30x_usart.o(i.usart_word_length_set)
    i.vMBPortSerialEnable                    0x080046b0   Section        0  portserial.o(i.vMBPortSerialEnable)
    i.vMBPortTimersDisable                   0x0800471c   Section        0  porttimer.o(i.vMBPortTimersDisable)
    i.vMBPortTimersEnable                    0x08004744   Section        0  porttimer.o(i.vMBPortTimersEnable)
    i.xMBPortEventGet                        0x0800476c   Section        0  portevent.o(i.xMBPortEventGet)
    i.xMBPortEventInit                       0x08004790   Section        0  portevent.o(i.xMBPortEventInit)
    i.xMBPortEventPost                       0x080047a0   Section        0  portevent.o(i.xMBPortEventPost)
    i.xMBPortSerialGetByte                   0x080047b8   Section        0  portserial.o(i.xMBPortSerialGetByte)
    i.xMBPortSerialInit                      0x080047d0   Section        0  portserial.o(i.xMBPortSerialInit)
    i.xMBPortSerialPutByte                   0x080047f0   Section        0  portserial.o(i.xMBPortSerialPutByte)
    i.xMBPortTimersInit                      0x08004808   Section        0  porttimer.o(i.xMBPortTimersInit)
    i.xMBRTUReceiveFSM                       0x08004850   Section        0  mbrtu.o(i.xMBRTUReceiveFSM)
    i.xMBRTUTimerT35Expired                  0x08004924   Section        0  mbrtu.o(i.xMBRTUTimerT35Expired)
    i.xMBRTUTransmitFSM                      0x080049a8   Section        0  mbrtu.o(i.xMBRTUTransmitFSM)
    .constdata                               0x08004a64   Section       36  drv_led.o(.constdata)
    g_gpio_list                              0x08004a64   Data          36  drv_led.o(.constdata)
    .constdata                               0x08004a88   Section       48  drv_key.o(.constdata)
    g_gpio_list                              0x08004a88   Data          48  drv_key.o(.constdata)
    .constdata                               0x08004ab8   Section       24  drv_uart.o(.constdata)
    g_uart_hwinfo                            0x08004ab8   Data          24  drv_uart.o(.constdata)
    .constdata                               0x08004ad0   Section        8  drv_rtc.o(.constdata)
    .constdata                               0x08004ad8   Section      468  drv_hum.o(.constdata)
    g_rhADCVal                               0x08004ad8   Data         468  drv_hum.o(.constdata)
    .constdata                               0x08004cac   Section      200  drv_temp.o(.constdata)
    g_ntcAdcTable                            0x08004cac   Data         200  drv_temp.o(.constdata)
    .constdata                               0x08004d74   Section       16  modbus_app.o(.constdata)
    .constdata                               0x08004d84   Section      512  mbcrc.o(.constdata)
    aucCRCHi                                 0x08004d84   Data         256  mbcrc.o(.constdata)
    aucCRCLo                                 0x08004e84   Data         256  mbcrc.o(.constdata)
    .constdata                               0x08004f84   Section       12  mktime.o(.constdata)
    monlen                                   0x08004f84   Data          12  mktime.o(.constdata)
    .constdata                               0x08004f90   Section       12  localtime_i.o(.constdata)
    monlen                                   0x08004f90   Data          12  localtime_i.o(.constdata)
    .conststring                             0x08004f9c   Section       99  mbrtu.o(.conststring)
    .data                                    0x20000000   Section       12  sys_tick.o(.data)
    g_sys_tick_count                         0x20000000   Data           8  sys_tick.o(.data)
    .data                                    0x20000010   Section      256  task.o(.data)
    g_task_table                             0x20000010   Data         256  task.o(.data)
    .data                                    0x20000110   Section        6  app_uart.o(.data)
    st                                       0x20000110   Data           1  app_uart.o(.data)
    idx                                      0x20000111   Data           1  app_uart.o(.data)
    len                                      0x20000112   Data           1  app_uart.o(.data)
    need                                     0x20000113   Data           1  app_uart.o(.data)
    stream_len                               0x20000114   Data           2  app_uart.o(.data)
    .data                                    0x20000118   Section        4  drv_uart.o(.data)
    callback                                 0x20000118   Data           4  drv_uart.o(.data)
    .data                                    0x2000011c   Section        8  drv_capture.o(.data)
    g_period_us                              0x2000011c   Data           4  drv_capture.o(.data)
    g_pulse_us                               0x20000120   Data           4  drv_capture.o(.data)
    .data                                    0x20000124   Section        6  drv_hum.o(.data)
    g_humiData                               0x20000124   Data           1  drv_hum.o(.data)
    g_adcVal                                 0x20000126   Data           2  drv_hum.o(.data)
    tick                                     0x20000128   Data           2  drv_hum.o(.data)
    .data                                    0x2000012c   Section        8  drv_temp.o(.data)
    g_temp_data                              0x2000012c   Data           4  drv_temp.o(.data)
    s_index                                  0x20000130   Data           2  drv_temp.o(.data)
    s_counverNUm                             0x20000132   Data           2  drv_temp.o(.data)
    .data                                    0x20000134   Section       64  modbus_app.o(.data)
    g_regInstanceTab                         0x20000134   Data          64  modbus_app.o(.data)
    .data                                    0x20000174   Section        2  portevent.o(.data)
    eQueuedEvent                             0x20000174   Data           1  portevent.o(.data)
    xEventInQueue                            0x20000175   Data           1  portevent.o(.data)
    .data                                    0x20000178   Section       24  portserial.o(.data)
    g_uartHwInfo                             0x20000178   Data          24  portserial.o(.data)
    .data                                    0x20000190   Section        8  modbus_slave.o(.data)
    g_modbusFuncCb                           0x20000190   Data           8  modbus_slave.o(.data)
    .data                                    0x20000198   Section      181  mb.o(.data)
    ucMBAddress                              0x20000198   Data           1  mb.o(.data)
    eMBCurrentMode                           0x20000199   Data           1  mb.o(.data)
    eMBState                                 0x2000019a   Data           1  mb.o(.data)
    peMBFrameSendCur                         0x2000019c   Data           4  mb.o(.data)
    pvMBFrameStartCur                        0x200001a0   Data           4  mb.o(.data)
    pvMBFrameStopCur                         0x200001a4   Data           4  mb.o(.data)
    peMBFrameReceiveCur                      0x200001a8   Data           4  mb.o(.data)
    pvMBFrameCloseCur                        0x200001ac   Data           4  mb.o(.data)
    xFuncHandlers                            0x200001c4   Data         128  mb.o(.data)
    ucMBFrame                                0x20000244   Data           4  mb.o(.data)
    ucRcvAddress                             0x20000248   Data           1  mb.o(.data)
    ucFunctionCode                           0x20000249   Data           1  mb.o(.data)
    usLength                                 0x2000024a   Data           2  mb.o(.data)
    eException                               0x2000024c   Data           1  mb.o(.data)
    .data                                    0x20000250   Section       12  mbrtu.o(.data)
    eSndState                                0x20000250   Data           1  mbrtu.o(.data)
    eRcvState                                0x20000251   Data           1  mbrtu.o(.data)
    pucSndBufferCur                          0x20000254   Data           4  mbrtu.o(.data)
    usSndBufferCount                         0x20000258   Data           2  mbrtu.o(.data)
    usRcvBufferPos                           0x2000025a   Data           2  mbrtu.o(.data)
    .data                                    0x2000025c   Section        4  stdout.o(.data)
    .bss                                     0x20000260   Section      258  app_uart.o(.bss)
    g_rcv_queue                              0x20000260   Data          16  app_uart.o(.bss)
    g_rc_buf                                 0x20000270   Data          77  app_uart.o(.bss)
    frame                                    0x200002bd   Data          11  app_uart.o(.bss)
    stream                                   0x200002c8   Data         154  app_uart.o(.bss)
    .bss                                     0x20000368   Section       96  drv_key.o(.bss)
    g_key_info                               0x20000368   Data          96  drv_key.o(.bss)
    .bss                                     0x200003c8   Section       20  drv_temp.o(.bss)
    g_Temp_10mpl_buf                         0x200003c8   Data          20  drv_temp.o(.bss)
    .bss                                     0x200003dc   Section      256  mbrtu.o(.bss)
    .bss                                     0x200004dc   Section       44  localtime_w.o(.bss)
    _tms                                     0x200004dc   Data          44  localtime_w.o(.bss)
    STACK                                    0x20000508   Section     1024  startup_gd32f30x_hd.o(STACK)

    Global Symbols

    Symbol Name                              Value     Ov Type        Size  Object(Section)

    BuildAttributes$$THM_ISAv4$E$P$D$K$B$S$7EM$VFPi3$EXTD16$VFPS$VFMA$PE$A:L22UL41UL21$X:L11$S22US41US21$IEEE1$IW$USESV6$~STKCKD$USESV7$~SHL$OSPACE$ROPI$EBA8$MICROLIB$REQ8$PRES8$EABIv2 0x00000000   Number         0  anon$$obj.o ABSOLUTE
    __ARM_use_no_argv                        0x00000000   Number         0  main.o ABSOLUTE
    _printf_a                                0x00000000   Number         0  stubs.o ABSOLUTE
    _printf_c                                0x00000000   Number         0  stubs.o ABSOLUTE
    _printf_charcount                        0x00000000   Number         0  stubs.o ABSOLUTE
    _printf_d                                0x00000000   Number         0  stubs.o ABSOLUTE
    _printf_e                                0x00000000   Number         0  stubs.o ABSOLUTE
    _printf_f                                0x00000000   Number         0  stubs.o ABSOLUTE
    _printf_flags                            0x00000000   Number         0  stubs.o ABSOLUTE
    _printf_fp_dec                           0x00000000   Number         0  stubs.o ABSOLUTE
    _printf_fp_hex                           0x00000000   Number         0  stubs.o ABSOLUTE
    _printf_g                                0x00000000   Number         0  stubs.o ABSOLUTE
    _printf_i                                0x00000000   Number         0  stubs.o ABSOLUTE
    _printf_int_dec                          0x00000000   Number         0  stubs.o ABSOLUTE
    _printf_l                                0x00000000   Number         0  stubs.o ABSOLUTE
    _printf_lc                               0x00000000   Number         0  stubs.o ABSOLUTE
    _printf_ll                               0x00000000   Number         0  stubs.o ABSOLUTE
    _printf_lld                              0x00000000   Number         0  stubs.o ABSOLUTE
    _printf_lli                              0x00000000   Number         0  stubs.o ABSOLUTE
    _printf_llo                              0x00000000   Number         0  stubs.o ABSOLUTE
    _printf_llu                              0x00000000   Number         0  stubs.o ABSOLUTE
    _printf_llx                              0x00000000   Number         0  stubs.o ABSOLUTE
    _printf_longlong_dec                     0x00000000   Number         0  stubs.o ABSOLUTE
    _printf_longlong_hex                     0x00000000   Number         0  stubs.o ABSOLUTE
    _printf_longlong_oct                     0x00000000   Number         0  stubs.o ABSOLUTE
    _printf_ls                               0x00000000   Number         0  stubs.o ABSOLUTE
    _printf_mbtowc                           0x00000000   Number         0  stubs.o ABSOLUTE
    _printf_n                                0x00000000   Number         0  stubs.o ABSOLUTE
    _printf_o                                0x00000000   Number         0  stubs.o ABSOLUTE
    _printf_p                                0x00000000   Number         0  stubs.o ABSOLUTE
    _printf_percent                          0x00000000   Number         0  stubs.o ABSOLUTE
    _printf_pre_padding                      0x00000000   Number         0  stubs.o ABSOLUTE
    _printf_return_value                     0x00000000   Number         0  stubs.o ABSOLUTE
    _printf_s                                0x00000000   Number         0  stubs.o ABSOLUTE
    _printf_sizespec                         0x00000000   Number         0  stubs.o ABSOLUTE
    _printf_str                              0x00000000   Number         0  stubs.o ABSOLUTE
    _printf_truncate_signed                  0x00000000   Number         0  stubs.o ABSOLUTE
    _printf_truncate_unsigned                0x00000000   Number         0  stubs.o ABSOLUTE
    _printf_u                                0x00000000   Number         0  stubs.o ABSOLUTE
    _printf_wc                               0x00000000   Number         0  stubs.o ABSOLUTE
    _printf_wctomb                           0x00000000   Number         0  stubs.o ABSOLUTE
    _printf_widthprec                        0x00000000   Number         0  stubs.o ABSOLUTE
    _printf_x                                0x00000000   Number         0  stubs.o ABSOLUTE
    __cpp_initialize__aeabi_                  - Undefined Weak Reference
    __cxa_finalize                            - Undefined Weak Reference
    _clock_init                               - Undefined Weak Reference
    _microlib_exit                            - Undefined Weak Reference
    __Vectors_Size                           0x00000130   Number         0  startup_gd32f30x_hd.o ABSOLUTE
    __Vectors                                0x08000000   Data           4  startup_gd32f30x_hd.o(RESET)
    __Vectors_End                            0x08000130   Data           0  startup_gd32f30x_hd.o(RESET)
    __main                                   0x08000131   Thumb Code     0  entry.o(.ARM.Collect$$$$00000000)
    _main_stk                                0x08000131   Thumb Code     0  entry2.o(.ARM.Collect$$$$00000001)
    _main_scatterload                        0x08000135   Thumb Code     0  entry5.o(.ARM.Collect$$$$00000004)
    __main_after_scatterload                 0x08000139   Thumb Code     0  entry5.o(.ARM.Collect$$$$00000004)
    _main_clock                              0x08000139   Thumb Code     0  entry7b.o(.ARM.Collect$$$$00000008)
    _main_cpp_init                           0x08000139   Thumb Code     0  entry8b.o(.ARM.Collect$$$$0000000A)
    _main_init                               0x08000139   Thumb Code     0  entry9a.o(.ARM.Collect$$$$0000000B)
    __rt_final_cpp                           0x08000141   Thumb Code     0  entry10a.o(.ARM.Collect$$$$0000000D)
    __rt_final_exit                          0x08000141   Thumb Code     0  entry11a.o(.ARM.Collect$$$$0000000F)
    Reset_Handler                            0x08000145   Thumb Code     8  startup_gd32f30x_hd.o(.text)
    NMI_Handler                              0x0800014d   Thumb Code     2  startup_gd32f30x_hd.o(.text)
    HardFault_Handler                        0x0800014f   Thumb Code     2  startup_gd32f30x_hd.o(.text)
    MemManage_Handler                        0x08000151   Thumb Code     2  startup_gd32f30x_hd.o(.text)
    BusFault_Handler                         0x08000153   Thumb Code     2  startup_gd32f30x_hd.o(.text)
    UsageFault_Handler                       0x08000155   Thumb Code     2  startup_gd32f30x_hd.o(.text)
    SVC_Handler                              0x08000157   Thumb Code     2  startup_gd32f30x_hd.o(.text)
    DebugMon_Handler                         0x08000159   Thumb Code     2  startup_gd32f30x_hd.o(.text)
    PendSV_Handler                           0x0800015b   Thumb Code     2  startup_gd32f30x_hd.o(.text)
    ADC0_1_IRQHandler                        0x0800015f   Thumb Code     0  startup_gd32f30x_hd.o(.text)
    ADC2_IRQHandler                          0x0800015f   Thumb Code     0  startup_gd32f30x_hd.o(.text)
    CAN0_EWMC_IRQHandler                     0x0800015f   Thumb Code     0  startup_gd32f30x_hd.o(.text)
    CAN0_RX1_IRQHandler                      0x0800015f   Thumb Code     0  startup_gd32f30x_hd.o(.text)
    DMA0_Channel0_IRQHandler                 0x0800015f   Thumb Code     0  startup_gd32f30x_hd.o(.text)
    DMA0_Channel1_IRQHandler                 0x0800015f   Thumb Code     0  startup_gd32f30x_hd.o(.text)
    DMA0_Channel2_IRQHandler                 0x0800015f   Thumb Code     0  startup_gd32f30x_hd.o(.text)
    DMA0_Channel3_IRQHandler                 0x0800015f   Thumb Code     0  startup_gd32f30x_hd.o(.text)
    DMA0_Channel4_IRQHandler                 0x0800015f   Thumb Code     0  startup_gd32f30x_hd.o(.text)
    DMA0_Channel5_IRQHandler                 0x0800015f   Thumb Code     0  startup_gd32f30x_hd.o(.text)
    DMA0_Channel6_IRQHandler                 0x0800015f   Thumb Code     0  startup_gd32f30x_hd.o(.text)
    DMA1_Channel0_IRQHandler                 0x0800015f   Thumb Code     0  startup_gd32f30x_hd.o(.text)
    DMA1_Channel1_IRQHandler                 0x0800015f   Thumb Code     0  startup_gd32f30x_hd.o(.text)
    DMA1_Channel2_IRQHandler                 0x0800015f   Thumb Code     0  startup_gd32f30x_hd.o(.text)
    DMA1_Channel3_4_IRQHandler               0x0800015f   Thumb Code     0  startup_gd32f30x_hd.o(.text)
    EXMC_IRQHandler                          0x0800015f   Thumb Code     0  startup_gd32f30x_hd.o(.text)
    EXTI0_IRQHandler                         0x0800015f   Thumb Code     0  startup_gd32f30x_hd.o(.text)
    EXTI10_15_IRQHandler                     0x0800015f   Thumb Code     0  startup_gd32f30x_hd.o(.text)
    EXTI1_IRQHandler                         0x0800015f   Thumb Code     0  startup_gd32f30x_hd.o(.text)
    EXTI2_IRQHandler                         0x0800015f   Thumb Code     0  startup_gd32f30x_hd.o(.text)
    EXTI3_IRQHandler                         0x0800015f   Thumb Code     0  startup_gd32f30x_hd.o(.text)
    EXTI4_IRQHandler                         0x0800015f   Thumb Code     0  startup_gd32f30x_hd.o(.text)
    EXTI5_9_IRQHandler                       0x0800015f   Thumb Code     0  startup_gd32f30x_hd.o(.text)
    FMC_IRQHandler                           0x0800015f   Thumb Code     0  startup_gd32f30x_hd.o(.text)
    I2C0_ER_IRQHandler                       0x0800015f   Thumb Code     0  startup_gd32f30x_hd.o(.text)
    I2C0_EV_IRQHandler                       0x0800015f   Thumb Code     0  startup_gd32f30x_hd.o(.text)
    I2C1_ER_IRQHandler                       0x0800015f   Thumb Code     0  startup_gd32f30x_hd.o(.text)
    I2C1_EV_IRQHandler                       0x0800015f   Thumb Code     0  startup_gd32f30x_hd.o(.text)
    LVD_IRQHandler                           0x0800015f   Thumb Code     0  startup_gd32f30x_hd.o(.text)
    RCU_CTC_IRQHandler                       0x0800015f   Thumb Code     0  startup_gd32f30x_hd.o(.text)
    RTC_Alarm_IRQHandler                     0x0800015f   Thumb Code     0  startup_gd32f30x_hd.o(.text)
    RTC_IRQHandler                           0x0800015f   Thumb Code     0  startup_gd32f30x_hd.o(.text)
    SDIO_IRQHandler                          0x0800015f   Thumb Code     0  startup_gd32f30x_hd.o(.text)
    SPI0_IRQHandler                          0x0800015f   Thumb Code     0  startup_gd32f30x_hd.o(.text)
    SPI1_IRQHandler                          0x0800015f   Thumb Code     0  startup_gd32f30x_hd.o(.text)
    SPI2_IRQHandler                          0x0800015f   Thumb Code     0  startup_gd32f30x_hd.o(.text)
    TAMPER_IRQHandler                        0x0800015f   Thumb Code     0  startup_gd32f30x_hd.o(.text)
    TIMER0_BRK_IRQHandler                    0x0800015f   Thumb Code     0  startup_gd32f30x_hd.o(.text)
    TIMER0_Channel_IRQHandler                0x0800015f   Thumb Code     0  startup_gd32f30x_hd.o(.text)
    TIMER0_TRG_CMT_IRQHandler                0x0800015f   Thumb Code     0  startup_gd32f30x_hd.o(.text)
    TIMER0_UP_IRQHandler                     0x0800015f   Thumb Code     0  startup_gd32f30x_hd.o(.text)
    TIMER2_IRQHandler                        0x0800015f   Thumb Code     0  startup_gd32f30x_hd.o(.text)
    TIMER5_IRQHandler                        0x0800015f   Thumb Code     0  startup_gd32f30x_hd.o(.text)
    TIMER6_IRQHandler                        0x0800015f   Thumb Code     0  startup_gd32f30x_hd.o(.text)
    TIMER7_BRK_IRQHandler                    0x0800015f   Thumb Code     0  startup_gd32f30x_hd.o(.text)
    TIMER7_Channel_IRQHandler                0x0800015f   Thumb Code     0  startup_gd32f30x_hd.o(.text)
    TIMER7_TRG_CMT_IRQHandler                0x0800015f   Thumb Code     0  startup_gd32f30x_hd.o(.text)
    TIMER7_UP_IRQHandler                     0x0800015f   Thumb Code     0  startup_gd32f30x_hd.o(.text)
    UART3_IRQHandler                         0x0800015f   Thumb Code     0  startup_gd32f30x_hd.o(.text)
    UART4_IRQHandler                         0x0800015f   Thumb Code     0  startup_gd32f30x_hd.o(.text)
    USART2_IRQHandler                        0x0800015f   Thumb Code     0  startup_gd32f30x_hd.o(.text)
    USBD_HP_CAN0_TX_IRQHandler               0x0800015f   Thumb Code     0  startup_gd32f30x_hd.o(.text)
    USBD_LP_CAN0_RX0_IRQHandler              0x0800015f   Thumb Code     0  startup_gd32f30x_hd.o(.text)
    USBD_WKUP_IRQHandler                     0x0800015f   Thumb Code     0  startup_gd32f30x_hd.o(.text)
    WWDGT_IRQHandler                         0x0800015f   Thumb Code     0  startup_gd32f30x_hd.o(.text)
    qsort                                    0x08000169   Thumb Code   156  qsort.o(.text)
    mktime                                   0x08000205   Thumb Code   150  mktime.o(.text)
    ___aeabi_memcpy4$move                    0x080002ad   Thumb Code     0  memmovea.o(.text)
    ___aeabi_memcpy8$move                    0x080002ad   Thumb Code     0  memmovea.o(.text)
    __aeabi_memcpy                           0x080002ad   Thumb Code    64  memmovea.o(.text)
    __aeabi_memmove                          0x080002ad   Thumb Code     0  memmovea.o(.text)
    __aeabi_memmove4                         0x080002ad   Thumb Code     0  memmovea.o(.text)
    __aeabi_memmove8                         0x080002ad   Thumb Code     0  memmovea.o(.text)
    __aeabi_memset                           0x080002ed   Thumb Code    14  memseta.o(.text)
    __aeabi_memset4                          0x080002ed   Thumb Code     0  memseta.o(.text)
    __aeabi_memset8                          0x080002ed   Thumb Code     0  memseta.o(.text)
    __aeabi_memclr                           0x080002fb   Thumb Code     4  memseta.o(.text)
    __aeabi_memclr4                          0x080002fb   Thumb Code     0  memseta.o(.text)
    __aeabi_memclr8                          0x080002fb   Thumb Code     0  memseta.o(.text)
    _memset$wrapper                          0x080002ff   Thumb Code    18  memseta.o(.text)
    __aeabi_f2d                              0x08000311   Thumb Code    38  f2d.o(.text)
    __aeabi_uidiv                            0x08000337   Thumb Code     0  uidiv.o(.text)
    __aeabi_uidivmod                         0x08000337   Thumb Code    44  uidiv.o(.text)
    __aeabi_uldivmod                         0x08000363   Thumb Code    98  uldiv.o(.text)
    localtime                                0x080003c5   Thumb Code     6  localtime_w.o(.text)
    _localtime                               0x080003d1   Thumb Code   134  localtime_i.o(.text)
    __I$use$fp                               0x0800045d   Thumb Code     0  iusefp.o(.text)
    __aeabi_dadd                             0x0800045d   Thumb Code   322  dadd.o(.text)
    __aeabi_dsub                             0x0800059f   Thumb Code     6  dadd.o(.text)
    __aeabi_drsub                            0x080005a5   Thumb Code     6  dadd.o(.text)
    __aeabi_dmul                             0x080005ab   Thumb Code   228  dmul.o(.text)
    __aeabi_ddiv                             0x0800068f   Thumb Code   222  ddiv.o(.text)
    __aeabi_d2ulz                            0x0800076d   Thumb Code    48  dfixul.o(.text)
    __aeabi_cdrcmple                         0x0800079d   Thumb Code    48  cdrcmple.o(.text)
    __scatterload                            0x080007cd   Thumb Code    28  init.o(.text)
    __scatterload_rt2                        0x080007cd   Thumb Code     0  init.o(.text)
    __aeabi_llsl                             0x080007f1   Thumb Code    30  llshl.o(.text)
    _ll_shift_l                              0x080007f1   Thumb Code     0  llshl.o(.text)
    __aeabi_llsr                             0x0800080f   Thumb Code    32  llushr.o(.text)
    _ll_ushift_r                             0x0800080f   Thumb Code     0  llushr.o(.text)
    __aeabi_lasr                             0x0800082f   Thumb Code    36  llsshr.o(.text)
    _ll_sshift_r                             0x0800082f   Thumb Code     0  llsshr.o(.text)
    _double_round                            0x08000853   Thumb Code    30  depilogue.o(.text)
    _double_epilogue                         0x08000871   Thumb Code   156  depilogue.o(.text)
    __decompress                             0x0800090d   Thumb Code     0  __dczerorl2.o(.text)
    __decompress1                            0x0800090d   Thumb Code    86  __dczerorl2.o(.text)
    HumiDrvInit                              0x08000cdd   Thumb Code    20  drv_hum.o(i.HumiDrvInit)
    ModbusAppInit                            0x08000d11   Thumb Code    18  modbus_app.o(i.ModbusAppInit)
    ModbusSlaveInit                          0x08000d91   Thumb Code    32  modbus_slave.o(i.ModbusSlaveInit)
    ModbusTask                               0x08000db5   Thumb Code     8  modbus_app.o(i.ModbusTask)
    QueueInit                                0x08000dbd   Thumb Code    12  queue.o(i.QueueInit)
    QueuePop                                 0x08000dc9   Thumb Code    44  queue.o(i.QueuePop)
    QueuePush                                0x08000df5   Thumb Code    40  queue.o(i.QueuePush)
    SysTick_Handler                          0x08000ebd   Thumb Code    30  sys_tick.o(i.SysTick_Handler)
    SystemInit                               0x08000ee5   Thumb Code   156  system_gd32f30x.o(i.SystemInit)
    TIMER1_IRQHandler                        0x08000f8d   Thumb Code    62  drv_capture.o(i.TIMER1_IRQHandler)
    TIMER3_IRQHandler                        0x08000fd5   Thumb Code    36  porttimer.o(i.TIMER3_IRQHandler)
    TIMER4_IRQHandler                        0x08000ffd   Thumb Code    76  drv_hum.o(i.TIMER4_IRQHandler)
    USART0_IRQHandler                        0x0800109d   Thumb Code    52  drv_uart.o(i.USART0_IRQHandler)
    USART1_IRQHandler                        0x080010dd   Thumb Code    56  portserial.o(i.USART1_IRQHandler)
    __0printf                                0x080011fd   Thumb Code    22  printfa.o(i.__0printf)
    __1printf                                0x080011fd   Thumb Code     0  printfa.o(i.__0printf)
    __2printf                                0x080011fd   Thumb Code     0  printfa.o(i.__0printf)
    __c89printf                              0x080011fd   Thumb Code     0  printfa.o(i.__0printf)
    printf                                   0x080011fd   Thumb Code     0  printfa.o(i.__0printf)
    __aeabi_assert                           0x0800121d   Thumb Code    54  port.o(i.__aeabi_assert)
    __scatterload_copy                       0x080012cd   Thumb Code    14  handlers.o(i.__scatterload_copy)
    __scatterload_null                       0x080012db   Thumb Code     2  handlers.o(i.__scatterload_null)
    __scatterload_zeroinit                   0x080012dd   Thumb Code    14  handlers.o(i.__scatterload_zeroinit)
    adc_calibration_enable                   0x08001b9f   Thumb Code    42  gd32f30x_adc.o(i.adc_calibration_enable)
    adc_channel_length_config                0x08001bc9   Thumb Code    70  gd32f30x_adc.o(i.adc_channel_length_config)
    adc_data_alignment_config                0x08001c0f   Thumb Code    22  gd32f30x_adc.o(i.adc_data_alignment_config)
    adc_enable                               0x08001c25   Thumb Code    18  gd32f30x_adc.o(i.adc_enable)
    adc_external_trigger_config              0x08001c37   Thumb Code    62  gd32f30x_adc.o(i.adc_external_trigger_config)
    adc_external_trigger_source_config       0x08001c75   Thumb Code    48  gd32f30x_adc.o(i.adc_external_trigger_source_config)
    adc_flag_get                             0x08001ca5   Thumb Code    14  gd32f30x_adc.o(i.adc_flag_get)
    adc_mode_config                          0x08001cb5   Thumb Code    22  gd32f30x_adc.o(i.adc_mode_config)
    adc_oversample_mode_config               0x08001cd1   Thumb Code    58  gd32f30x_adc.o(i.adc_oversample_mode_config)
    adc_oversample_mode_enable               0x08001d0b   Thumb Code    14  gd32f30x_adc.o(i.adc_oversample_mode_enable)
    adc_regular_channel_config               0x08001d19   Thumb Code   172  gd32f30x_adc.o(i.adc_regular_channel_config)
    adc_regular_data_read                    0x08001dc5   Thumb Code     8  gd32f30x_adc.o(i.adc_regular_data_read)
    adc_software_trigger_enable              0x08001dcd   Thumb Code    30  gd32f30x_adc.o(i.adc_software_trigger_enable)
    adc_special_function_config              0x08001deb   Thumb Code    90  gd32f30x_adc.o(i.adc_special_function_config)
    app_key_task                             0x08001e9d   Thumb Code   198  app_key.o(i.app_key_task)
    app_sensor_printf_task                   0x080020d9   Thumb Code    56  app_sensor.o(i.app_sensor_printf_task)
    app_sensor_task                          0x0800212d   Thumb Code     8  app_sensor.o(i.app_sensor_task)
    app_uart_init                            0x08002135   Thumb Code    20  app_uart.o(i.app_uart_init)
    app_uart_task                            0x08002155   Thumb Code   388  app_uart.o(i.app_uart_task)
    bkp_deinit                               0x080022fd   Thumb Code    12  gd32f30x_bkp.o(i.bkp_deinit)
    bkp_read_data                            0x08002309   Thumb Code    50  gd32f30x_bkp.o(i.bkp_read_data)
    bkp_write_data                           0x08002341   Thumb Code    46  gd32f30x_bkp.o(i.bkp_write_data)
    delay_init                               0x080023a9   Thumb Code    50  delay.o(i.delay_init)
    delay_us                                 0x080023e5   Thumb Code    36  delay.o(i.delay_us)
    drv_Humi_Sensor_Proc                     0x08002411   Thumb Code    38  drv_hum.o(i.drv_Humi_Sensor_Proc)
    drv_capture_init                         0x08002441   Thumb Code    12  drv_capture.o(i.drv_capture_init)
    drv_dgt_init                             0x0800244d   Thumb Code    18  drv_dgt.o(i.drv_dgt_init)
    drv_get_humiData                         0x08002461   Thumb Code    14  drv_hum.o(i.drv_get_humiData)
    drv_get_key_val                          0x08002475   Thumb Code    34  drv_key.o(i.drv_get_key_val)
    drv_get_rtc_time                         0x08002497   Thumb Code    58  drv_rtc.o(i.drv_get_rtc_time)
    drv_get_temp                             0x080024d1   Thumb Code     8  drv_temp.o(i.drv_get_temp)
    drv_key_init                             0x08002505   Thumb Code     8  drv_key.o(i.drv_key_init)
    drv_led_init                             0x0800250d   Thumb Code    86  drv_led.o(i.drv_led_init)
    drv_led_off                              0x08002569   Thumb Code    40  drv_led.o(i.drv_led_off)
    drv_led_on                               0x08002595   Thumb Code    40  drv_led.o(i.drv_led_on)
    drv_led_toggle                           0x080025c1   Thumb Code    98  drv_led.o(i.drv_led_toggle)
    drv_pwm_init                             0x08002629   Thumb Code    12  drv_pwm.o(i.drv_pwm_init)
    drv_rtc_init                             0x08002635   Thumb Code   150  drv_rtc.o(i.drv_rtc_init)
    drv_sensor_get_data                      0x080026d1   Thumb Code    28  drv_sensor.o(i.drv_sensor_get_data)
    drv_sensor_init                          0x080026ed   Thumb Code    12  drv_sensor.o(i.drv_sensor_init)
    drv_sensor_proc                          0x080026f9   Thumb Code    28  drv_sensor.o(i.drv_sensor_proc)
    drv_set_rtc_time                         0x08002715   Thumb Code    70  drv_rtc.o(i.drv_set_rtc_time)
    drv_temp_init                            0x0800275b   Thumb Code    12  drv_temp.o(i.drv_temp_init)
    drv_tempsensor_proc                      0x08002769   Thumb Code   122  drv_temp.o(i.drv_tempsensor_proc)
    drv_uart_init                            0x080027f1   Thumb Code    16  drv_uart.o(i.drv_uart_init)
    eMBEnable                                0x08002801   Thumb Code    32  mb.o(i.eMBEnable)
    eMBFuncReadHoldingRegister               0x08002829   Thumb Code   134  mbfuncholding.o(i.eMBFuncReadHoldingRegister)
    eMBFuncWriteHoldingRegister              0x080028af   Thumb Code    62  mbfuncholding.o(i.eMBFuncWriteHoldingRegister)
    eMBFuncWriteMultipleHoldingRegister      0x080028ed   Thumb Code   106  mbfuncholding.o(i.eMBFuncWriteMultipleHoldingRegister)
    eMBInit                                  0x08002959   Thumb Code   150  mb.o(i.eMBInit)
    eMBPoll                                  0x08002a39   Thumb Code   268  mb.o(i.eMBPoll)
    eMBRTUInit                               0x08002b71   Thumb Code    76  mbrtu.o(i.eMBRTUInit)
    eMBRTUReceive                            0x08002bc1   Thumb Code    90  mbrtu.o(i.eMBRTUReceive)
    eMBRTUSend                               0x08002c69   Thumb Code   146  mbrtu.o(i.eMBRTUSend)
    eMBRTUStart                              0x08002d11   Thumb Code    22  mbrtu.o(i.eMBRTUStart)
    eMBRTUStop                               0x08002d2d   Thumb Code    16  mbrtu.o(i.eMBRTUStop)
    eMBRegHoldingCB                          0x08002d3d   Thumb Code    54  modbus_slave.o(i.eMBRegHoldingCB)
    feed_dog                                 0x08002d79   Thumb Code    14  drv_dgt.o(i.feed_dog)
    fputc                                    0x08002d99   Thumb Code    16  drv_uart.o(i.fputc)
    fwdgt_config                             0x08002da9   Thumb Code    94  gd32f30x_fwdgt.o(i.fwdgt_config)
    fwdgt_counter_reload                     0x08002e11   Thumb Code    10  gd32f30x_fwdgt.o(i.fwdgt_counter_reload)
    fwdgt_enable                             0x08002e21   Thumb Code    10  gd32f30x_fwdgt.o(i.fwdgt_enable)
    gpio_bit_reset                           0x08002e4d   Thumb Code     4  gd32f30x_gpio.o(i.gpio_bit_reset)
    gpio_bit_set                             0x08002e51   Thumb Code     4  gd32f30x_gpio.o(i.gpio_bit_set)
    gpio_bit_write                           0x08002e55   Thumb Code    10  gd32f30x_gpio.o(i.gpio_bit_write)
    gpio_init                                0x08002e5f   Thumb Code   188  gd32f30x_gpio.o(i.gpio_init)
    gpio_input_bit_get                       0x08002f1b   Thumb Code    16  gd32f30x_gpio.o(i.gpio_input_bit_get)
    gpio_output_bit_get                      0x08002f2b   Thumb Code    16  gd32f30x_gpio.o(i.gpio_output_bit_get)
    main                                     0x08003191   Thumb Code    24  main.o(i.main)
    nvic_irq_enable                          0x080031a9   Thumb Code   186  gd32f30x_misc.o(i.nvic_irq_enable)
    nvic_priority_group_set                  0x0800326d   Thumb Code    10  gd32f30x_misc.o(i.nvic_priority_group_set)
    pmu_backup_write_enable                  0x08003281   Thumb Code    14  gd32f30x_pmu.o(i.pmu_backup_write_enable)
    prveMBError2Exception                    0x080032a9   Thumb Code    34  mbutils.o(i.prveMBError2Exception)
    rcu_adc_clock_config                     0x0800332d   Thumb Code    98  gd32f30x_rcu.o(i.rcu_adc_clock_config)
    rcu_bkp_reset_disable                    0x08003399   Thumb Code    14  gd32f30x_rcu.o(i.rcu_bkp_reset_disable)
    rcu_bkp_reset_enable                     0x080033ad   Thumb Code    14  gd32f30x_rcu.o(i.rcu_bkp_reset_enable)
    rcu_clock_freq_get                       0x080033c1   Thumb Code   310  gd32f30x_rcu.o(i.rcu_clock_freq_get)
    rcu_flag_get                             0x08003519   Thumb Code    30  gd32f30x_rcu.o(i.rcu_flag_get)
    rcu_osci_on                              0x0800353d   Thumb Code    28  gd32f30x_rcu.o(i.rcu_osci_on)
    rcu_osci_stab_wait                       0x0800355d   Thumb Code   268  gd32f30x_rcu.o(i.rcu_osci_stab_wait)
    rcu_periph_clock_enable                  0x0800366d   Thumb Code    28  gd32f30x_rcu.o(i.rcu_periph_clock_enable)
    rcu_periph_reset_disable                 0x0800368d   Thumb Code    28  gd32f30x_rcu.o(i.rcu_periph_reset_disable)
    rcu_periph_reset_enable                  0x080036ad   Thumb Code    28  gd32f30x_rcu.o(i.rcu_periph_reset_enable)
    rcu_rtc_clock_config                     0x080036cd   Thumb Code    18  gd32f30x_rcu.o(i.rcu_rtc_clock_config)
    rtc_configuration_mode_enter             0x080036e5   Thumb Code    14  gd32f30x_rtc.o(i.rtc_configuration_mode_enter)
    rtc_configuration_mode_exit              0x080036f9   Thumb Code    14  gd32f30x_rtc.o(i.rtc_configuration_mode_exit)
    rtc_counter_get                          0x0800370d   Thumb Code    16  gd32f30x_rtc.o(i.rtc_counter_get)
    rtc_counter_set                          0x08003721   Thumb Code    26  gd32f30x_rtc.o(i.rtc_counter_set)
    rtc_lwoff_wait                           0x08003741   Thumb Code    16  gd32f30x_rtc.o(i.rtc_lwoff_wait)
    rtc_prescaler_set                        0x08003755   Thumb Code    28  gd32f30x_rtc.o(i.rtc_prescaler_set)
    rtc_register_sync_wait                   0x08003775   Thumb Code    28  gd32f30x_rtc.o(i.rtc_register_sync_wait)
    rtc_task                                 0x08003795   Thumb Code    50  app_key.o(i.rtc_task)
    sys_callback                             0x080037e9   Thumb Code     6  sys_tick.o(i.sys_callback)
    sys_tick_get_runtime                     0x08003801   Thumb Code     8  sys_tick.o(i.sys_tick_get_runtime)
    sys_tick_init                            0x0800380d   Thumb Code    92  sys_tick.o(i.sys_tick_init)
    task_init                                0x0800398d   Thumb Code    10  task.o(i.task_init)
    task_loop                                0x0800399d   Thumb Code    56  task.o(i.task_loop)
    timer_channel_capture_value_register_read 0x08003a6f   Thumb Code    42  gd32f30x_timer.o(i.timer_channel_capture_value_register_read)
    timer_channel_input_capture_prescaler_config 0x08003a99   Thumb Code    90  gd32f30x_timer.o(i.timer_channel_input_capture_prescaler_config)
    timer_channel_input_struct_para_init     0x08003af3   Thumb Code    16  gd32f30x_timer.o(i.timer_channel_input_struct_para_init)
    timer_channel_output_config              0x08003b05   Thumb Code   484  gd32f30x_timer.o(i.timer_channel_output_config)
    timer_channel_output_mode_config         0x08003cf1   Thumb Code    90  gd32f30x_timer.o(i.timer_channel_output_mode_config)
    timer_channel_output_pulse_value_config  0x08003d4b   Thumb Code    38  gd32f30x_timer.o(i.timer_channel_output_pulse_value_config)
    timer_channel_output_shadow_config       0x08003d71   Thumb Code    90  gd32f30x_timer.o(i.timer_channel_output_shadow_config)
    timer_channel_output_struct_para_init    0x08003dcb   Thumb Code    16  gd32f30x_timer.o(i.timer_channel_output_struct_para_init)
    timer_counter_value_config               0x08003ddb   Thumb Code     4  gd32f30x_timer.o(i.timer_counter_value_config)
    timer_deinit                             0x08003de1   Thumb Code   210  gd32f30x_timer.o(i.timer_deinit)
    timer_disable                            0x08003ebd   Thumb Code    10  gd32f30x_timer.o(i.timer_disable)
    timer_enable                             0x08003ec7   Thumb Code    10  gd32f30x_timer.o(i.timer_enable)
    timer_init                               0x08003ed1   Thumb Code   122  gd32f30x_timer.o(i.timer_init)
    timer_input_capture_config               0x08003f69   Thumb Code   326  gd32f30x_timer.o(i.timer_input_capture_config)
    timer_input_pwm_capture_config           0x080040af   Thumb Code   356  gd32f30x_timer.o(i.timer_input_pwm_capture_config)
    timer_interrupt_disable                  0x08004213   Thumb Code     8  gd32f30x_timer.o(i.timer_interrupt_disable)
    timer_interrupt_enable                   0x0800421b   Thumb Code     8  gd32f30x_timer.o(i.timer_interrupt_enable)
    timer_interrupt_flag_clear               0x08004223   Thumb Code     6  gd32f30x_timer.o(i.timer_interrupt_flag_clear)
    timer_interrupt_flag_get                 0x08004229   Thumb Code    24  gd32f30x_timer.o(i.timer_interrupt_flag_get)
    timer_primary_output_config              0x08004241   Thumb Code    24  gd32f30x_timer.o(i.timer_primary_output_config)
    timer_struct_para_init                   0x08004259   Thumb Code    22  gd32f30x_timer.o(i.timer_struct_para_init)
    uart_callback                            0x08004371   Thumb Code     6  drv_uart.o(i.uart_callback)
    uart_send_char                           0x08004421   Thumb Code    32  drv_uart.o(i.uart_send_char)
    usMBCRC16                                0x08004445   Thumb Code    48  mbcrc.o(i.usMBCRC16)
    usart_baudrate_set                       0x0800447d   Thumb Code   136  gd32f30x_usart.o(i.usart_baudrate_set)
    usart_data_receive                       0x0800450d   Thumb Code    10  gd32f30x_usart.o(i.usart_data_receive)
    usart_data_transmit                      0x08004517   Thumb Code     8  gd32f30x_usart.o(i.usart_data_transmit)
    usart_deinit                             0x08004521   Thumb Code   136  gd32f30x_usart.o(i.usart_deinit)
    usart_enable                             0x080045b1   Thumb Code    10  gd32f30x_usart.o(i.usart_enable)
    usart_flag_get                           0x080045bb   Thumb Code    30  gd32f30x_usart.o(i.usart_flag_get)
    usart_interrupt_disable                  0x080045d9   Thumb Code    26  gd32f30x_usart.o(i.usart_interrupt_disable)
    usart_interrupt_enable                   0x080045f3   Thumb Code    26  gd32f30x_usart.o(i.usart_interrupt_enable)
    usart_interrupt_flag_clear               0x0800460d   Thumb Code    18  gd32f30x_usart.o(i.usart_interrupt_flag_clear)
    usart_interrupt_flag_get                 0x0800461f   Thumb Code    56  gd32f30x_usart.o(i.usart_interrupt_flag_get)
    usart_parity_config                      0x08004657   Thumb Code    16  gd32f30x_usart.o(i.usart_parity_config)
    usart_receive_config                     0x08004667   Thumb Code    20  gd32f30x_usart.o(i.usart_receive_config)
    usart_stop_bit_set                       0x0800467b   Thumb Code    16  gd32f30x_usart.o(i.usart_stop_bit_set)
    usart_transmit_config                    0x0800468b   Thumb Code    20  gd32f30x_usart.o(i.usart_transmit_config)
    usart_word_length_set                    0x0800469f   Thumb Code    16  gd32f30x_usart.o(i.usart_word_length_set)
    vMBPortSerialEnable                      0x080046b1   Thumb Code   100  portserial.o(i.vMBPortSerialEnable)
    vMBPortTimersDisable                     0x0800471d   Thumb Code    34  porttimer.o(i.vMBPortTimersDisable)
    vMBPortTimersEnable                      0x08004745   Thumb Code    34  porttimer.o(i.vMBPortTimersEnable)
    xMBPortEventGet                          0x0800476d   Thumb Code    26  portevent.o(i.xMBPortEventGet)
    xMBPortEventInit                         0x08004791   Thumb Code    10  portevent.o(i.xMBPortEventInit)
    xMBPortEventPost                         0x080047a1   Thumb Code    16  portevent.o(i.xMBPortEventPost)
    xMBPortSerialGetByte                     0x080047b9   Thumb Code    18  portserial.o(i.xMBPortSerialGetByte)
    xMBPortSerialInit                        0x080047d1   Thumb Code    32  portserial.o(i.xMBPortSerialInit)
    xMBPortSerialPutByte                     0x080047f1   Thumb Code    18  portserial.o(i.xMBPortSerialPutByte)
    xMBPortTimersInit                        0x08004809   Thumb Code    68  porttimer.o(i.xMBPortTimersInit)
    xMBRTUReceiveFSM                         0x08004851   Thumb Code   140  mbrtu.o(i.xMBRTUReceiveFSM)
    xMBRTUTimerT35Expired                    0x08004925   Thumb Code    96  mbrtu.o(i.xMBRTUTimerT35Expired)
    xMBRTUTransmitFSM                        0x080049a9   Thumb Code   116  mbrtu.o(i.xMBRTUTransmitFSM)
    Region$$Table$$Base                      0x08005000   Number         0  anon$$obj.o(Region$$Table)
    Region$$Table$$Limit                     0x08005020   Number         0  anon$$obj.o(Region$$Table)
    psys_callback                            0x20000008   Data           4  sys_tick.o(.data)
    pxMBFrameCBByteReceived                  0x200001b0   Data           4  mb.o(.data)
    pxMBFrameCBTransmitterEmpty              0x200001b4   Data           4  mb.o(.data)
    pxMBPortCBTimerExpired                   0x200001b8   Data           4  mb.o(.data)
    pxMBFrameCBReceiveFSMCur                 0x200001bc   Data           4  mb.o(.data)
    pxMBFrameCBTransmitFSMCur                0x200001c0   Data           4  mb.o(.data)
    __stdout                                 0x2000025c   Data           4  stdout.o(.data)
    ucRTUBuf                                 0x200003dc   Data         256  mbrtu.o(.bss)
    __initial_sp                             0x20000908   Data           0  startup_gd32f30x_hd.o(STACK)



==============================================================================

Memory Map of the image

  Image Entry point : 0x08000131

  Load Region LR_IROM1 (Base: 0x08000000, Size: 0x00005280, Max: 0x00080000, ABSOLUTE, COMPRESSED[0x0000509c])

    Execution Region ER_IROM1 (Exec base: 0x08000000, Load base: 0x08000000, Size: 0x00005020, Max: 0x00080000, ABSOLUTE)

    Exec Addr    Load Addr    Size         Type   Attr      Idx    E Section Name        Object

    0x08000000   0x08000000   0x00000130   Data   RO            3    RESET               startup_gd32f30x_hd.o
    0x08000130   0x08000130   0x00000000   Code   RO         5445  * .ARM.Collect$$$$00000000  mc_w.l(entry.o)
    0x08000130   0x08000130   0x00000004   Code   RO         5730    .ARM.Collect$$$$00000001  mc_w.l(entry2.o)
    0x08000134   0x08000134   0x00000004   Code   RO         5733    .ARM.Collect$$$$00000004  mc_w.l(entry5.o)
    0x08000138   0x08000138   0x00000000   Code   RO         5735    .ARM.Collect$$$$00000008  mc_w.l(entry7b.o)
    0x08000138   0x08000138   0x00000000   Code   RO         5737    .ARM.Collect$$$$0000000A  mc_w.l(entry8b.o)
    0x08000138   0x08000138   0x00000008   Code   RO         5738    .ARM.Collect$$$$0000000B  mc_w.l(entry9a.o)
    0x08000140   0x08000140   0x00000000   Code   RO         5740    .ARM.Collect$$$$0000000D  mc_w.l(entry10a.o)
    0x08000140   0x08000140   0x00000000   Code   RO         5742    .ARM.Collect$$$$0000000F  mc_w.l(entry11a.o)
    0x08000140   0x08000140   0x00000004   Code   RO         5731    .ARM.Collect$$$$00002712  mc_w.l(entry2.o)
    0x08000144   0x08000144   0x00000024   Code   RO            4    .text               startup_gd32f30x_hd.o
    0x08000168   0x08000168   0x0000009c   Code   RO         5448    .text               mc_w.l(qsort.o)
    0x08000204   0x08000204   0x000000a8   Code   RO         5454    .text               mc_w.l(mktime.o)
    0x080002ac   0x080002ac   0x00000040   Code   RO         5459    .text               mc_w.l(memmovea.o)
    0x080002ec   0x080002ec   0x00000024   Code   RO         5461    .text               mc_w.l(memseta.o)
    0x08000310   0x08000310   0x00000026   Code   RO         5728    .text               mf_w.l(f2d.o)
    0x08000336   0x08000336   0x0000002c   Code   RO         5745    .text               mc_w.l(uidiv.o)
    0x08000362   0x08000362   0x00000062   Code   RO         5747    .text               mc_w.l(uldiv.o)
    0x080003c4   0x080003c4   0x0000000c   Code   RO         5749    .text               mc_w.l(localtime_w.o)
    0x080003d0   0x080003d0   0x0000008c   Code   RO         5752    .text               mc_w.l(localtime_i.o)
    0x0800045c   0x0800045c   0x00000000   Code   RO         5755    .text               mc_w.l(iusefp.o)
    0x0800045c   0x0800045c   0x0000014e   Code   RO         5756    .text               mf_w.l(dadd.o)
    0x080005aa   0x080005aa   0x000000e4   Code   RO         5758    .text               mf_w.l(dmul.o)
    0x0800068e   0x0800068e   0x000000de   Code   RO         5760    .text               mf_w.l(ddiv.o)
    0x0800076c   0x0800076c   0x00000030   Code   RO         5762    .text               mf_w.l(dfixul.o)
    0x0800079c   0x0800079c   0x00000030   Code   RO         5764    .text               mf_w.l(cdrcmple.o)
    0x080007cc   0x080007cc   0x00000024   Code   RO         5766    .text               mc_w.l(init.o)
    0x080007f0   0x080007f0   0x0000001e   Code   RO         5768    .text               mc_w.l(llshl.o)
    0x0800080e   0x0800080e   0x00000020   Code   RO         5770    .text               mc_w.l(llushr.o)
    0x0800082e   0x0800082e   0x00000024   Code   RO         5772    .text               mc_w.l(llsshr.o)
    0x08000852   0x08000852   0x000000ba   Code   RO         5774    .text               mf_w.l(depilogue.o)
    0x0800090c   0x0800090c   0x00000056   Code   RO         5784    .text               mc_w.l(__dczerorl2.o)
    0x08000962   0x08000962   0x00000002   PAD
    0x08000964   0x08000964   0x00000040   Code   RO          884    i.AcPowerProc       drv_hum.o
    0x080009a4   0x080009a4   0x0000006c   Code   RO          885    i.AdcInit           drv_hum.o
    0x08000a10   0x08000a10   0x00000088   Code   RO          968    i.AdcInit           drv_temp.o
    0x08000a98   0x08000a98   0x0000004a   Code   RO          886    i.AdcToHumi         drv_hum.o
    0x08000ae2   0x08000ae2   0x0000001e   Code   RO          969    i.ArithAvgFltr      drv_temp.o
    0x08000b00   0x08000b00   0x00000030   Code   RO          887    i.AsceBinarySearch  drv_hum.o
    0x08000b30   0x08000b30   0x0000008c   Code   RO          888    i.CalcHumiAdcByTemp  drv_hum.o
    0x08000bbc   0x08000bbc   0x00000026   Code   RO          970    i.CmpCb             drv_temp.o
    0x08000be2   0x08000be2   0x00000030   Code   RO          971    i.DescBinarySearch  drv_temp.o
    0x08000c12   0x08000c12   0x0000000c   Code   RO          657    i.GPIO_Init         drv_pwm.o
    0x08000c1e   0x08000c1e   0x00000002   PAD
    0x08000c20   0x08000c20   0x0000001c   Code   RO          693    i.GPIO_Init         drv_capture.o
    0x08000c3c   0x08000c3c   0x00000024   Code   RO          889    i.GetAdcVal         drv_hum.o
    0x08000c60   0x08000c60   0x00000034   Code   RO          890    i.GpioInit          drv_hum.o
    0x08000c94   0x08000c94   0x0000001c   Code   RO          972    i.GpioInit          drv_temp.o
    0x08000cb0   0x08000cb0   0x0000002c   Code   RO         5098    i.GpioInit          portserial.o
    0x08000cdc   0x08000cdc   0x00000014   Code   RO          891    i.HumiDrvInit       drv_hum.o
    0x08000cf0   0x08000cf0   0x00000020   Code   RO          973    i.MedianAvgFltr     drv_temp.o
    0x08000d10   0x08000d10   0x00000018   Code   RO         4987    i.ModbusAppInit     modbus_app.o
    0x08000d28   0x08000d28   0x00000018   Code   RO         4988    i.ModbusGetHumi     modbus_app.o
    0x08000d40   0x08000d40   0x00000022   Code   RO         4989    i.ModbusGetTemp     modbus_app.o
    0x08000d62   0x08000d62   0x00000016   Code   RO         4990    i.ModbusSetLed1     modbus_app.o
    0x08000d78   0x08000d78   0x00000016   Code   RO         4991    i.ModbusSetLed2     modbus_app.o
    0x08000d8e   0x08000d8e   0x00000002   PAD
    0x08000d90   0x08000d90   0x00000024   Code   RO         5222    i.ModbusSlaveInit   modbus_slave.o
    0x08000db4   0x08000db4   0x00000008   Code   RO         4992    i.ModbusTask        modbus_app.o
    0x08000dbc   0x08000dbc   0x0000000c   Code   RO          614    i.QueueInit         queue.o
    0x08000dc8   0x08000dc8   0x0000002c   Code   RO          615    i.QueuePop          queue.o
    0x08000df4   0x08000df4   0x00000028   Code   RO          617    i.QueuePush         queue.o
    0x08000e1c   0x08000e1c   0x00000084   Code   RO         4993    i.ReadRegsCb        modbus_app.o
    0x08000ea0   0x08000ea0   0x0000001c   Code   RO         5099    i.SwitchInit        portserial.o
    0x08000ebc   0x08000ebc   0x00000028   Code   RO          198    i.SysTick_Handler   sys_tick.o
    0x08000ee4   0x08000ee4   0x000000a8   Code   RO           13    i.SystemInit        system_gd32f30x.o
    0x08000f8c   0x08000f8c   0x00000048   Code   RO          694    i.TIMER1_IRQHandler  drv_capture.o
    0x08000fd4   0x08000fd4   0x00000028   Code   RO         5169    i.TIMER3_IRQHandler  porttimer.o
    0x08000ffc   0x08000ffc   0x00000058   Code   RO          892    i.TIMER4_IRQHandler  drv_hum.o
    0x08001054   0x08001054   0x00000048   Code   RO          893    i.TimerInit         drv_hum.o
    0x0800109c   0x0800109c   0x00000040   Code   RO          552    i.USART0_IRQHandler  drv_uart.o
    0x080010dc   0x080010dc   0x00000048   Code   RO         5100    i.USART1_IRQHandler  portserial.o
    0x08001124   0x08001124   0x0000004c   Code   RO         5101    i.UartInit          portserial.o
    0x08001170   0x08001170   0x0000008c   Code   RO         4994    i.WriteRegsCb       modbus_app.o
    0x080011fc   0x080011fc   0x00000020   Code   RO         5700    i.__0printf         mc_w.l(printfa.o)
    0x0800121c   0x0800121c   0x000000b0   Code   RO         5210    i.__aeabi_assert    port.o
    0x080012cc   0x080012cc   0x0000000e   Code   RO         5778    i.__scatterload_copy  mc_w.l(handlers.o)
    0x080012da   0x080012da   0x00000002   Code   RO         5779    i.__scatterload_null  mc_w.l(handlers.o)
    0x080012dc   0x080012dc   0x0000000e   Code   RO         5780    i.__scatterload_zeroinit  mc_w.l(handlers.o)
    0x080012ea   0x080012ea   0x00000002   PAD
    0x080012ec   0x080012ec   0x00000184   Code   RO         5707    i._fp_digits        mc_w.l(printfa.o)
    0x08001470   0x08001470   0x000006dc   Code   RO         5708    i._printf_core      mc_w.l(printfa.o)
    0x08001b4c   0x08001b4c   0x00000024   Code   RO         5709    i._printf_post_padding  mc_w.l(printfa.o)
    0x08001b70   0x08001b70   0x0000002e   Code   RO         5710    i._printf_pre_padding  mc_w.l(printfa.o)
    0x08001b9e   0x08001b9e   0x0000002a   Code   RO         1084    i.adc_calibration_enable  gd32f30x_adc.o
    0x08001bc8   0x08001bc8   0x00000046   Code   RO         1085    i.adc_channel_length_config  gd32f30x_adc.o
    0x08001c0e   0x08001c0e   0x00000016   Code   RO         1086    i.adc_data_alignment_config  gd32f30x_adc.o
    0x08001c24   0x08001c24   0x00000012   Code   RO         1092    i.adc_enable        gd32f30x_adc.o
    0x08001c36   0x08001c36   0x0000003e   Code   RO         1093    i.adc_external_trigger_config  gd32f30x_adc.o
    0x08001c74   0x08001c74   0x00000030   Code   RO         1094    i.adc_external_trigger_source_config  gd32f30x_adc.o
    0x08001ca4   0x08001ca4   0x0000000e   Code   RO         1096    i.adc_flag_get      gd32f30x_adc.o
    0x08001cb2   0x08001cb2   0x00000002   PAD
    0x08001cb4   0x08001cb4   0x0000001c   Code   RO         1104    i.adc_mode_config   gd32f30x_adc.o
    0x08001cd0   0x08001cd0   0x0000003a   Code   RO         1105    i.adc_oversample_mode_config  gd32f30x_adc.o
    0x08001d0a   0x08001d0a   0x0000000e   Code   RO         1107    i.adc_oversample_mode_enable  gd32f30x_adc.o
    0x08001d18   0x08001d18   0x000000ac   Code   RO         1108    i.adc_regular_channel_config  gd32f30x_adc.o
    0x08001dc4   0x08001dc4   0x00000008   Code   RO         1109    i.adc_regular_data_read  gd32f30x_adc.o
    0x08001dcc   0x08001dcc   0x0000001e   Code   RO         1111    i.adc_software_trigger_enable  gd32f30x_adc.o
    0x08001dea   0x08001dea   0x0000005a   Code   RO         1112    i.adc_special_function_config  gd32f30x_adc.o
    0x08001e44   0x08001e44   0x0000004c   Code   RO          974    i.adc_temp_10mpl    drv_temp.o
    0x08001e90   0x08001e90   0x0000000c   Code   RO          247    i.app_init          main.o
    0x08001e9c   0x08001e9c   0x0000023c   Code   RO          429    i.app_key_task      app_key.o
    0x080020d8   0x080020d8   0x00000054   Code   RO          453    i.app_sensor_printf_task  app_sensor.o
    0x0800212c   0x0800212c   0x00000008   Code   RO          454    i.app_sensor_task   app_sensor.o
    0x08002134   0x08002134   0x00000020   Code   RO          376    i.app_uart_init     app_uart.o
    0x08002154   0x08002154   0x000001a8   Code   RO          377    i.app_uart_task     app_uart.o
    0x080022fc   0x080022fc   0x0000000c   Code   RO         1314    i.bkp_deinit        gd32f30x_bkp.o
    0x08002308   0x08002308   0x00000038   Code   RO         1319    i.bkp_read_data     gd32f30x_bkp.o
    0x08002340   0x08002340   0x00000034   Code   RO         1333    i.bkp_write_data    gd32f30x_bkp.o
    0x08002374   0x08002374   0x0000001a   Code   RO          379    i.cal_xor_sum       app_uart.o
    0x0800238e   0x0800238e   0x00000018   Code   RO          380    i.ctrl_led          app_uart.o
    0x080023a6   0x080023a6   0x00000002   PAD
    0x080023a8   0x080023a8   0x0000003c   Code   RO          149    i.delay_init        delay.o
    0x080023e4   0x080023e4   0x0000002c   Code   RO          151    i.delay_us          delay.o
    0x08002410   0x08002410   0x00000030   Code   RO          894    i.drv_Humi_Sensor_Proc  drv_hum.o
    0x08002440   0x08002440   0x0000000c   Code   RO          696    i.drv_capture_init  drv_capture.o
    0x0800244c   0x0800244c   0x00000012   Code   RO          770    i.drv_dgt_init      drv_dgt.o
    0x0800245e   0x0800245e   0x00000002   PAD
    0x08002460   0x08002460   0x00000014   Code   RO          895    i.drv_get_humiData  drv_hum.o
    0x08002474   0x08002474   0x00000022   Code   RO          513    i.drv_get_key_val   drv_key.o
    0x08002496   0x08002496   0x0000003a   Code   RO          737    i.drv_get_rtc_time  drv_rtc.o
    0x080024d0   0x080024d0   0x0000000c   Code   RO          975    i.drv_get_temp      drv_temp.o
    0x080024dc   0x080024dc   0x00000028   Code   RO          248    i.drv_init          main.o
    0x08002504   0x08002504   0x00000008   Code   RO          514    i.drv_key_init      drv_key.o
    0x0800250c   0x0800250c   0x0000005c   Code   RO          473    i.drv_led_init      drv_led.o
    0x08002568   0x08002568   0x0000002c   Code   RO          474    i.drv_led_off       drv_led.o
    0x08002594   0x08002594   0x0000002c   Code   RO          475    i.drv_led_on        drv_led.o
    0x080025c0   0x080025c0   0x00000068   Code   RO          476    i.drv_led_toggle    drv_led.o
    0x08002628   0x08002628   0x0000000c   Code   RO          658    i.drv_pwm_init      drv_pwm.o
    0x08002634   0x08002634   0x0000009c   Code   RO          738    i.drv_rtc_init      drv_rtc.o
    0x080026d0   0x080026d0   0x0000001c   Code   RO         1052    i.drv_sensor_get_data  drv_sensor.o
    0x080026ec   0x080026ec   0x0000000c   Code   RO         1053    i.drv_sensor_init   drv_sensor.o
    0x080026f8   0x080026f8   0x0000001c   Code   RO         1054    i.drv_sensor_proc   drv_sensor.o
    0x08002714   0x08002714   0x00000046   Code   RO          739    i.drv_set_rtc_time  drv_rtc.o
    0x0800275a   0x0800275a   0x0000000c   Code   RO          976    i.drv_temp_init     drv_temp.o
    0x08002766   0x08002766   0x00000002   PAD
    0x08002768   0x08002768   0x00000088   Code   RO          977    i.drv_tempsensor_proc  drv_temp.o
    0x080027f0   0x080027f0   0x00000010   Code   RO          553    i.drv_uart_init     drv_uart.o
    0x08002800   0x08002800   0x00000028   Code   RO         5260    i.eMBEnable         mb.o
    0x08002828   0x08002828   0x00000086   Code   RO         5421    i.eMBFuncReadHoldingRegister  mbfuncholding.o
    0x080028ae   0x080028ae   0x0000003e   Code   RO         5422    i.eMBFuncWriteHoldingRegister  mbfuncholding.o
    0x080028ec   0x080028ec   0x0000006a   Code   RO         5423    i.eMBFuncWriteMultipleHoldingRegister  mbfuncholding.o
    0x08002956   0x08002956   0x00000002   PAD
    0x08002958   0x08002958   0x000000e0   Code   RO         5261    i.eMBInit           mb.o
    0x08002a38   0x08002a38   0x00000138   Code   RO         5262    i.eMBPoll           mb.o
    0x08002b70   0x08002b70   0x00000050   Code   RO         5321    i.eMBRTUInit        mbrtu.o
    0x08002bc0   0x08002bc0   0x000000a8   Code   RO         5322    i.eMBRTUReceive     mbrtu.o
    0x08002c68   0x08002c68   0x000000a8   Code   RO         5323    i.eMBRTUSend        mbrtu.o
    0x08002d10   0x08002d10   0x0000001c   Code   RO         5324    i.eMBRTUStart       mbrtu.o
    0x08002d2c   0x08002d2c   0x00000010   Code   RO         5325    i.eMBRTUStop        mbrtu.o
    0x08002d3c   0x08002d3c   0x0000003c   Code   RO         5223    i.eMBRegHoldingCB   modbus_slave.o
    0x08002d78   0x08002d78   0x00000020   Code   RO          771    i.feed_dog          drv_dgt.o
    0x08002d98   0x08002d98   0x00000010   Code   RO          554    i.fputc             drv_uart.o
    0x08002da8   0x08002da8   0x00000068   Code   RO         2706    i.fwdgt_config      gd32f30x_fwdgt.o
    0x08002e10   0x08002e10   0x00000010   Code   RO         2707    i.fwdgt_counter_reload  gd32f30x_fwdgt.o
    0x08002e20   0x08002e20   0x00000010   Code   RO         2708    i.fwdgt_enable      gd32f30x_fwdgt.o
    0x08002e30   0x08002e30   0x0000001c   Code   RO          978    i.get_adcval        drv_temp.o
    0x08002e4c   0x08002e4c   0x00000004   Code   RO         2769    i.gpio_bit_reset    gd32f30x_gpio.o
    0x08002e50   0x08002e50   0x00000004   Code   RO         2770    i.gpio_bit_set      gd32f30x_gpio.o
    0x08002e54   0x08002e54   0x0000000a   Code   RO         2771    i.gpio_bit_write    gd32f30x_gpio.o
    0x08002e5e   0x08002e5e   0x000000bc   Code   RO         2779    i.gpio_init         gd32f30x_gpio.o
    0x08002f1a   0x08002f1a   0x00000010   Code   RO         2780    i.gpio_input_bit_get  gd32f30x_gpio.o
    0x08002f2a   0x08002f2a   0x00000010   Code   RO         2782    i.gpio_output_bit_get  gd32f30x_gpio.o
    0x08002f3a   0x08002f3a   0x00000002   PAD
    0x08002f3c   0x08002f3c   0x00000040   Code   RO          515    i.key_gpio_init     drv_key.o
    0x08002f7c   0x08002f7c   0x00000214   Code   RO          516    i.key_scan          drv_key.o
    0x08003190   0x08003190   0x00000018   Code   RO          249    i.main              main.o
    0x080031a8   0x080031a8   0x000000c4   Code   RO         3097    i.nvic_irq_enable   gd32f30x_misc.o
    0x0800326c   0x0800326c   0x00000014   Code   RO         3098    i.nvic_priority_group_set  gd32f30x_misc.o
    0x08003280   0x08003280   0x00000014   Code   RO         3153    i.pmu_backup_write_enable  gd32f30x_pmu.o
    0x08003294   0x08003294   0x00000014   Code   RO          381    i.pro_uart_data     app_uart.o
    0x080032a8   0x080032a8   0x00000022   Code   RO         5397    i.prveMBError2Exception  mbutils.o
    0x080032ca   0x080032ca   0x00000002   PAD
    0x080032cc   0x080032cc   0x00000010   Code   RO         5170    i.prvvTIMERExpiredISR  porttimer.o
    0x080032dc   0x080032dc   0x00000010   Code   RO         5102    i.prvvUARTRxISR     portserial.o
    0x080032ec   0x080032ec   0x00000010   Code   RO         5103    i.prvvUARTTxReadyISR  portserial.o
    0x080032fc   0x080032fc   0x00000030   Code   RO          979    i.push_data_buff    drv_temp.o
    0x0800332c   0x0800332c   0x0000006c   Code   RO         3287    i.rcu_adc_clock_config  gd32f30x_rcu.o
    0x08003398   0x08003398   0x00000014   Code   RO         3292    i.rcu_bkp_reset_disable  gd32f30x_rcu.o
    0x080033ac   0x080033ac   0x00000014   Code   RO         3293    i.rcu_bkp_reset_enable  gd32f30x_rcu.o
    0x080033c0   0x080033c0   0x00000158   Code   RO         3296    i.rcu_clock_freq_get  gd32f30x_rcu.o
    0x08003518   0x08003518   0x00000024   Code   RO         3299    i.rcu_flag_get      gd32f30x_rcu.o
    0x0800353c   0x0800353c   0x00000020   Code   RO         3311    i.rcu_osci_on       gd32f30x_rcu.o
    0x0800355c   0x0800355c   0x00000110   Code   RO         3312    i.rcu_osci_stab_wait  gd32f30x_rcu.o
    0x0800366c   0x0800366c   0x00000020   Code   RO         3314    i.rcu_periph_clock_enable  gd32f30x_rcu.o
    0x0800368c   0x0800368c   0x00000020   Code   RO         3317    i.rcu_periph_reset_disable  gd32f30x_rcu.o
    0x080036ac   0x080036ac   0x00000020   Code   RO         3318    i.rcu_periph_reset_enable  gd32f30x_rcu.o
    0x080036cc   0x080036cc   0x00000018   Code   RO         3322    i.rcu_rtc_clock_config  gd32f30x_rcu.o
    0x080036e4   0x080036e4   0x00000014   Code   RO         3536    i.rtc_configuration_mode_enter  gd32f30x_rtc.o
    0x080036f8   0x080036f8   0x00000014   Code   RO         3537    i.rtc_configuration_mode_exit  gd32f30x_rtc.o
    0x0800370c   0x0800370c   0x00000014   Code   RO         3538    i.rtc_counter_get   gd32f30x_rtc.o
    0x08003720   0x08003720   0x00000020   Code   RO         3539    i.rtc_counter_set   gd32f30x_rtc.o
    0x08003740   0x08003740   0x00000014   Code   RO         3545    i.rtc_lwoff_wait    gd32f30x_rtc.o
    0x08003754   0x08003754   0x00000020   Code   RO         3546    i.rtc_prescaler_set  gd32f30x_rtc.o
    0x08003774   0x08003774   0x00000020   Code   RO         3547    i.rtc_register_sync_wait  gd32f30x_rtc.o
    0x08003794   0x08003794   0x00000054   Code   RO          430    i.rtc_task          app_key.o
    0x080037e8   0x080037e8   0x0000000c   Code   RO          199    i.sys_callback      sys_tick.o
    0x080037f4   0x080037f4   0x0000000c   Code   RO          250    i.sys_init          main.o
    0x08003800   0x08003800   0x0000000c   Code   RO          200    i.sys_tick_get_runtime  sys_tick.o
    0x0800380c   0x0800380c   0x00000064   Code   RO          201    i.sys_tick_init     sys_tick.o
    0x08003870   0x08003870   0x00000114   Code   RO           14    i.system_clock_120m_hxtal  system_gd32f30x.o
    0x08003984   0x08003984   0x00000008   Code   RO           15    i.system_clock_config  system_gd32f30x.o
    0x0800398c   0x0800398c   0x00000010   Code   RO          332    i.task_init         task.o
    0x0800399c   0x0800399c   0x0000003c   Code   RO          333    i.task_loop         task.o
    0x080039d8   0x080039d8   0x0000008c   Code   RO          334    i.task_tick_hook    task.o
    0x08003a64   0x08003a64   0x0000000a   Code   RO          335    i.test_led_task     task.o
    0x08003a6e   0x08003a6e   0x0000002a   Code   RO         4186    i.timer_channel_capture_value_register_read  gd32f30x_timer.o
    0x08003a98   0x08003a98   0x0000005a   Code   RO         4192    i.timer_channel_input_capture_prescaler_config  gd32f30x_timer.o
    0x08003af2   0x08003af2   0x00000010   Code   RO         4193    i.timer_channel_input_struct_para_init  gd32f30x_timer.o
    0x08003b02   0x08003b02   0x00000002   PAD
    0x08003b04   0x08003b04   0x000001ec   Code   RO         4195    i.timer_channel_output_config  gd32f30x_timer.o
    0x08003cf0   0x08003cf0   0x0000005a   Code   RO         4197    i.timer_channel_output_mode_config  gd32f30x_timer.o
    0x08003d4a   0x08003d4a   0x00000026   Code   RO         4199    i.timer_channel_output_pulse_value_config  gd32f30x_timer.o
    0x08003d70   0x08003d70   0x0000005a   Code   RO         4200    i.timer_channel_output_shadow_config  gd32f30x_timer.o
    0x08003dca   0x08003dca   0x00000010   Code   RO         4202    i.timer_channel_output_struct_para_init  gd32f30x_timer.o
    0x08003dda   0x08003dda   0x00000004   Code   RO         4207    i.timer_counter_value_config  gd32f30x_timer.o
    0x08003dde   0x08003dde   0x00000002   PAD
    0x08003de0   0x08003de0   0x000000dc   Code   RO         4208    i.timer_deinit      gd32f30x_timer.o
    0x08003ebc   0x08003ebc   0x0000000a   Code   RO         4209    i.timer_disable     gd32f30x_timer.o
    0x08003ec6   0x08003ec6   0x0000000a   Code   RO         4213    i.timer_enable      gd32f30x_timer.o
    0x08003ed0   0x08003ed0   0x00000098   Code   RO         4223    i.timer_init        gd32f30x_timer.o
    0x08003f68   0x08003f68   0x00000146   Code   RO         4224    i.timer_input_capture_config  gd32f30x_timer.o
    0x080040ae   0x080040ae   0x00000164   Code   RO         4225    i.timer_input_pwm_capture_config  gd32f30x_timer.o
    0x08004212   0x08004212   0x00000008   Code   RO         4229    i.timer_interrupt_disable  gd32f30x_timer.o
    0x0800421a   0x0800421a   0x00000008   Code   RO         4230    i.timer_interrupt_enable  gd32f30x_timer.o
    0x08004222   0x08004222   0x00000006   Code   RO         4231    i.timer_interrupt_flag_clear  gd32f30x_timer.o
    0x08004228   0x08004228   0x00000018   Code   RO         4232    i.timer_interrupt_flag_get  gd32f30x_timer.o
    0x08004240   0x08004240   0x00000018   Code   RO         4238    i.timer_primary_output_config  gd32f30x_timer.o
    0x08004258   0x08004258   0x00000016   Code   RO         4243    i.timer_struct_para_init  gd32f30x_timer.o
    0x0800426e   0x0800426e   0x00000002   PAD
    0x08004270   0x08004270   0x00000080   Code   RO          660    i.timerinit         drv_pwm.o
    0x080042f0   0x080042f0   0x0000007e   Code   RO          697    i.timerinit         drv_capture.o
    0x0800436e   0x0800436e   0x00000002   PAD
    0x08004370   0x08004370   0x0000000c   Code   RO          555    i.uart_callback     drv_uart.o
    0x0800437c   0x0800437c   0x0000002c   Code   RO          556    i.uart_gpio_init    drv_uart.o
    0x080043a8   0x080043a8   0x00000078   Code   RO          557    i.uart_init         drv_uart.o
    0x08004420   0x08004420   0x00000024   Code   RO          558    i.uart_send_char    drv_uart.o
    0x08004444   0x08004444   0x00000038   Code   RO         5383    i.usMBCRC16         mbcrc.o
    0x0800447c   0x0800447c   0x00000090   Code   RO         4618    i.usart_baudrate_set  gd32f30x_usart.o
    0x0800450c   0x0800450c   0x0000000a   Code   RO         4621    i.usart_data_receive  gd32f30x_usart.o
    0x08004516   0x08004516   0x00000008   Code   RO         4622    i.usart_data_transmit  gd32f30x_usart.o
    0x0800451e   0x0800451e   0x00000002   PAD
    0x08004520   0x08004520   0x00000090   Code   RO         4623    i.usart_deinit      gd32f30x_usart.o
    0x080045b0   0x080045b0   0x0000000a   Code   RO         4627    i.usart_enable      gd32f30x_usart.o
    0x080045ba   0x080045ba   0x0000001e   Code   RO         4629    i.usart_flag_get    gd32f30x_usart.o
    0x080045d8   0x080045d8   0x0000001a   Code   RO         4635    i.usart_interrupt_disable  gd32f30x_usart.o
    0x080045f2   0x080045f2   0x0000001a   Code   RO         4636    i.usart_interrupt_enable  gd32f30x_usart.o
    0x0800460c   0x0800460c   0x00000012   Code   RO         4637    i.usart_interrupt_flag_clear  gd32f30x_usart.o
    0x0800461e   0x0800461e   0x00000038   Code   RO         4638    i.usart_interrupt_flag_get  gd32f30x_usart.o
    0x08004656   0x08004656   0x00000010   Code   RO         4649    i.usart_parity_config  gd32f30x_usart.o
    0x08004666   0x08004666   0x00000014   Code   RO         4651    i.usart_receive_config  gd32f30x_usart.o
    0x0800467a   0x0800467a   0x00000010   Code   RO         4661    i.usart_stop_bit_set  gd32f30x_usart.o
    0x0800468a   0x0800468a   0x00000014   Code   RO         4665    i.usart_transmit_config  gd32f30x_usart.o
    0x0800469e   0x0800469e   0x00000010   Code   RO         4666    i.usart_word_length_set  gd32f30x_usart.o
    0x080046ae   0x080046ae   0x00000002   PAD
    0x080046b0   0x080046b0   0x0000006c   Code   RO         5104    i.vMBPortSerialEnable  portserial.o
    0x0800471c   0x0800471c   0x00000028   Code   RO         5201    i.vMBPortTimersDisable  porttimer.o
    0x08004744   0x08004744   0x00000028   Code   RO         5195    i.vMBPortTimersEnable  porttimer.o
    0x0800476c   0x0800476c   0x00000024   Code   RO         5067    i.xMBPortEventGet   portevent.o
    0x08004790   0x08004790   0x00000010   Code   RO         5068    i.xMBPortEventInit  portevent.o
    0x080047a0   0x080047a0   0x00000018   Code   RO         5069    i.xMBPortEventPost  portevent.o
    0x080047b8   0x080047b8   0x00000018   Code   RO         5105    i.xMBPortSerialGetByte  portserial.o
    0x080047d0   0x080047d0   0x00000020   Code   RO         5106    i.xMBPortSerialInit  portserial.o
    0x080047f0   0x080047f0   0x00000018   Code   RO         5107    i.xMBPortSerialPutByte  portserial.o
    0x08004808   0x08004808   0x00000048   Code   RO         5171    i.xMBPortTimersInit  porttimer.o
    0x08004850   0x08004850   0x000000d4   Code   RO         5326    i.xMBRTUReceiveFSM  mbrtu.o
    0x08004924   0x08004924   0x00000084   Code   RO         5327    i.xMBRTUTimerT35Expired  mbrtu.o
    0x080049a8   0x080049a8   0x000000bc   Code   RO         5328    i.xMBRTUTransmitFSM  mbrtu.o
    0x08004a64   0x08004a64   0x00000024   Data   RO          477    .constdata          drv_led.o
    0x08004a88   0x08004a88   0x00000030   Data   RO          518    .constdata          drv_key.o
    0x08004ab8   0x08004ab8   0x00000018   Data   RO          560    .constdata          drv_uart.o
    0x08004ad0   0x08004ad0   0x00000008   Data   RO          740    .constdata          drv_rtc.o
    0x08004ad8   0x08004ad8   0x000001d4   Data   RO          896    .constdata          drv_hum.o
    0x08004cac   0x08004cac   0x000000c8   Data   RO          981    .constdata          drv_temp.o
    0x08004d74   0x08004d74   0x00000010   Data   RO         4995    .constdata          modbus_app.o
    0x08004d84   0x08004d84   0x00000200   Data   RO         5384    .constdata          mbcrc.o
    0x08004f84   0x08004f84   0x0000000c   Data   RO         5455    .constdata          mc_w.l(mktime.o)
    0x08004f90   0x08004f90   0x0000000c   Data   RO         5753    .constdata          mc_w.l(localtime_i.o)
    0x08004f9c   0x08004f9c   0x00000063   Data   RO         5330    .conststring        mbrtu.o
    0x08004fff   0x08004fff   0x00000001   PAD
    0x08005000   0x08005000   0x00000020   Data   RO         5776    Region$$Table       anon$$obj.o


    Execution Region RW_IRAM1 (Exec base: 0x20000000, Load base: 0x08005020, Size: 0x00000908, Max: 0x00010000, ABSOLUTE, COMPRESSED[0x0000007c])

    Exec Addr    Load Addr    Size         Type   Attr      Idx    E Section Name        Object

    0x20000000   COMPRESSED   0x0000000c   Data   RW          202    .data               sys_tick.o
    0x2000000c   COMPRESSED   0x00000004   PAD
    0x20000010   COMPRESSED   0x00000100   Data   RW          336    .data               task.o
    0x20000110   COMPRESSED   0x00000006   Data   RW          383    .data               app_uart.o
    0x20000116   COMPRESSED   0x00000002   PAD
    0x20000118   COMPRESSED   0x00000004   Data   RW          561    .data               drv_uart.o
    0x2000011c   COMPRESSED   0x00000008   Data   RW          698    .data               drv_capture.o
    0x20000124   COMPRESSED   0x00000006   Data   RW          897    .data               drv_hum.o
    0x2000012a   COMPRESSED   0x00000002   PAD
    0x2000012c   COMPRESSED   0x00000008   Data   RW          982    .data               drv_temp.o
    0x20000134   COMPRESSED   0x00000040   Data   RW         4996    .data               modbus_app.o
    0x20000174   COMPRESSED   0x00000002   Data   RW         5070    .data               portevent.o
    0x20000176   COMPRESSED   0x00000002   PAD
    0x20000178   COMPRESSED   0x00000018   Data   RW         5108    .data               portserial.o
    0x20000190   COMPRESSED   0x00000008   Data   RW         5224    .data               modbus_slave.o
    0x20000198   COMPRESSED   0x000000b5   Data   RW         5264    .data               mb.o
    0x2000024d   COMPRESSED   0x00000003   PAD
    0x20000250   COMPRESSED   0x0000000c   Data   RW         5331    .data               mbrtu.o
    0x2000025c   COMPRESSED   0x00000004   Data   RW         5744    .data               mc_w.l(stdout.o)
    0x20000260        -       0x00000102   Zero   RW          382    .bss                app_uart.o
    0x20000362   COMPRESSED   0x00000006   PAD
    0x20000368        -       0x00000060   Zero   RW          517    .bss                drv_key.o
    0x200003c8        -       0x00000014   Zero   RW          980    .bss                drv_temp.o
    0x200003dc        -       0x00000100   Zero   RW         5329    .bss                mbrtu.o
    0x200004dc        -       0x0000002c   Zero   RW         5750    .bss                mc_w.l(localtime_w.o)
    0x20000508        -       0x00000400   Zero   RW            1    STACK               startup_gd32f30x_hd.o


==============================================================================

Image component sizes


      Code (inc. data)   RO Data    RW Data    ZI Data      Debug   Object Name

       656        408          0          0          0       1106   app_key.o
        92         28          0          0          0       1071   app_sensor.o
       526         54          0          6        258       5409   app_uart.o
       104         18          0          0          0       2240   delay.o
       238         14          0          8          0       2659   drv_capture.o
        50         18          0          0          0        946   drv_dgt.o
       770         56        468          6          0       7276   drv_hum.o
       638         14         48          0         96       3317   drv_key.o
       284         20         36          0          0       2763   drv_led.o
       152          4          0          0          0       1479   drv_pwm.o
       284          6          8          0          0       2197   drv_rtc.o
        68          0          0          0          0       1890   drv_sensor.o
       624         48        200          8         20       7521   drv_temp.o
       308         32         24          4          0       4441   drv_uart.o
       676          6          0          0          0       8621   gd32f30x_adc.o
       120         12          0          0          0       1646   gd32f30x_bkp.o
       136         22          0          0          0       1753   gd32f30x_fwdgt.o
       238          0          0          0          0       3736   gd32f30x_gpio.o
       216         20          0          0          0       1356   gd32f30x_misc.o
        20          6          0          0          0        482   gd32f30x_pmu.o
       952        100          0          0          0       6847   gd32f30x_rcu.o
       176         34          0          0          0       3551   gd32f30x_rtc.o
      2044         48          0          0          0      13790   gd32f30x_timer.o
       560         16          0          0          0       8908   gd32f30x_usart.o
        88          0          0          0          0       3507   main.o
       576        126          0        181          0       4536   mb.o
        56          8        512          0          0       1152   mbcrc.o
       302          0          0          0          0       3961   mbfuncholding.o
       992        290         99         12        256       6183   mbrtu.o
        34          0          0          0          0        592   mbutils.o
       406         16         16         64          0       9322   modbus_app.o
        96         10          0          8          0       2984   modbus_slave.o
       176        122          0          0          0        629   port.o
        76         24          0          2          0       2048   portevent.o
       440         60          0         24          0       5932   portserial.o
       208         26          0          0          0       2565   porttimer.o
        96          0          0          0          0       2055   queue.o
        36          8        304          0       1024        844   startup_gd32f30x_hd.o
       164         28          0         12          0      29095   sys_tick.o
       452         30          0          0          0      64969   system_gd32f30x.o
       226         14          0        256          0       2812   task.o

    ----------------------------------------------------------------------
     14386       1746       1748        604       1660     238191   Object Totals
         0          0         32          0          0          0   (incl. Generated)
        30          0          1         13          6          0   (incl. Padding)

    ----------------------------------------------------------------------

      Code (inc. data)   RO Data    RW Data    ZI Data      Debug   Library Member Name

        86          0          0          0          0          0   __dczerorl2.o
         0          0          0          0          0          0   entry.o
         0          0          0          0          0          0   entry10a.o
         0          0          0          0          0          0   entry11a.o
         8          4          0          0          0          0   entry2.o
         4          0          0          0          0          0   entry5.o
         0          0          0          0          0          0   entry7b.o
         0          0          0          0          0          0   entry8b.o
         8          4          0          0          0          0   entry9a.o
        30          0          0          0          0          0   handlers.o
        36          8          0          0          0         68   init.o
         0          0          0          0          0          0   iusefp.o
        30          0          0          0          0         68   llshl.o
        36          0          0          0          0         68   llsshr.o
        32          0          0          0          0         68   llushr.o
       140          6         12          0          0         76   localtime_i.o
        12          6          0          0         44         68   localtime_w.o
        64          0          0          0          0         76   memmovea.o
        36          0          0          0          0        108   memseta.o
       168         18         12          0          0         80   mktime.o
      2258         90          0          0          0        452   printfa.o
       156          0          0          0          0         88   qsort.o
         0          0          0          4          0          0   stdout.o
        44          0          0          0          0         80   uidiv.o
        98          0          0          0          0         92   uldiv.o
        48          0          0          0          0         68   cdrcmple.o
       334          0          0          0          0        148   dadd.o
       222          0          0          0          0        100   ddiv.o
       186          0          0          0          0        176   depilogue.o
        48          0          0          0          0         68   dfixul.o
       228          0          0          0          0         96   dmul.o
        38          0          0          0          0         68   f2d.o

    ----------------------------------------------------------------------
      4354        136         24          4         44       2116   Library Totals
         4          0          0          0          0          0   (incl. Padding)

    ----------------------------------------------------------------------

      Code (inc. data)   RO Data    RW Data    ZI Data      Debug   Library Name

      3246        136         24          4         44       1392   mc_w.l
      1104          0          0          0          0        724   mf_w.l

    ----------------------------------------------------------------------
      4354        136         24          4         44       2116   Library Totals

    ----------------------------------------------------------------------

==============================================================================


      Code (inc. data)   RO Data    RW Data    ZI Data      Debug   

     18740       1882       1772        608       1704     218999   Grand Totals
     18740       1882       1772        124       1704     218999   ELF Image Totals (compressed)
     18740       1882       1772        124          0          0   ROM Totals

==============================================================================

    Total RO  Size (Code + RO Data)                20512 (  20.03kB)
    Total RW  Size (RW Data + ZI Data)              2312 (   2.26kB)
    Total ROM Size (Code + RO Data + RW Data)      20636 (  20.15kB)

==============================================================================

