<html>
<body>
<pre>
<h1>µVision Build Log</h1>
<h2>Tool Versions:</h2>
IDE-Version: ¦ÌVision V5.31.0.0
Copyright (C) 2020 ARM Ltd and ARM Germany GmbH. All rights reserved.
License Information: forget,  , LIC=14HV2-93KKR-56PQ2-9MAR4-V7YGV-APR19
 
Tool Versions:
Toolchain:       MDK-ARM Plus  Version: 5.31.0.0
Toolchain Path:  D:\Keil\ARM\ARMCC\Bin
C Compiler:      Armcc.exe V5.06 update 6 (build 750)
Assembler:       Armasm.exe V5.06 update 6 (build 750)
Linker/Locator:  ArmLink.exe V5.06 update 6 (build 750)
Library Manager: ArmAr.exe V5.06 update 6 (build 750)
Hex Converter:   FromElf.exe V5.06 update 6 (build 750)
CPU DLL:         SARMCM3.DLL V5.31.0.0
Dialog DLL:      DCM.DLL V1.17.3.0
Target DLL:      Segger\JL2CM3.dll V2.99.38.0
Dialog DLL:      TCM.DLL V1.46.0.0
 
<h2>Project:</h2>
F:\GD32CODE\04-KEY_SYSTICK_STATE\Project\KEY_SYSTICK_STATE.uvprojx
Project File Date:  01/19/2026

<h2>Output:</h2>
*** Using Compiler 'V5.06 update 6 (build 750)', folder: 'D:\Keil\ARM\ARMCC\Bin'
Rebuild target 'GD32_Project'
assembling startup_gd32f30x_hd.s...
compiling system_gd32f30x.c...
compiling sys_tick.c...
compiling main.c...
compiling delay.c...
compiling drv_led.c...
compiling drv_key.c...
compiling gd32f30x_crc.c...
compiling gd32f30x_dbg.c...
compiling gd32f30x_ctc.c...
compiling gd32f30x_adc.c...
compiling gd32f30x_enet.c...
compiling gd32f30x_exmc.c...
compiling gd32f30x_dac.c...
compiling gd32f30x_bkp.c...
compiling gd32f30x_dma.c...
compiling gd32f30x_can.c...
compiling gd32f30x_exti.c...
compiling gd32f30x_fwdgt.c...
compiling gd32f30x_gpio.c...
compiling gd32f30x_fmc.c...
compiling gd32f30x_misc.c...
compiling gd32f30x_i2c.c...
compiling gd32f30x_pmu.c...
compiling gd32f30x_rtc.c...
compiling gd32f30x_sdio.c...
compiling gd32f30x_wwdgt.c...
compiling gd32f30x_rcu.c...
compiling gd32f30x_spi.c...
compiling gd32f30x_usart.c...
compiling gd32f30x_timer.c...
linking...
Program Size: Code=2488 RO-data=420 RW-data=12 ZI-data=1124  
FromELF: creating hex file...
".\Objects\Dwt_delay.axf" - 0 Error(s), 0 Warning(s).

<h2>Software Packages used:</h2>

Package Vendor: GigaDevice
                https://gd32mcu.com/data/documents/pack/GigaDevice.GD32F30x_DFP.2.2.3.pack
                GigaDevice.GD32F30x_DFP.2.2.3
                GigaDevice GD32F30x Series Device Support and Examples

<h2>Collection of Component include folders:</h2>
  D:\Keil\Arm\Packs\GigaDevice\GD32F30x_DFP\2.2.3\Device\Include

<h2>Collection of Component Files used:</h2>
Build Time Elapsed:  00:00:01
</pre>
</body>
</html>
