Component: ARM Compiler 5.06 update 6 (build 750) Tool: armlink [4d35ed]

==============================================================================

Section Cross References

    startup_gd32f30x_hd.o(RESET) refers to startup_gd32f30x_hd.o(STACK) for __initial_sp
    startup_gd32f30x_hd.o(RESET) refers to startup_gd32f30x_hd.o(.text) for Reset_Handler
    startup_gd32f30x_hd.o(RESET) refers to sys_tick.o(i.SysTick_Handler) for SysTick_Handler
    startup_gd32f30x_hd.o(RESET) refers to drv_capture.o(i.TIMER1_IRQHandler) for TIMER1_IRQHandler
    startup_gd32f30x_hd.o(RESET) refers to drv_uart.o(i.USART0_IRQHandler) for USART0_IRQHandler
    startup_gd32f30x_hd.o(.text) refers to system_gd32f30x.o(i.SystemInit) for SystemInit
    startup_gd32f30x_hd.o(.text) refers to entry.o(.ARM.Collect$$$$00000000) for __main
    system_gd32f30x.o(i.SystemCoreClockUpdate) refers to system_gd32f30x.o(.data) for SystemCoreClock
    system_gd32f30x.o(i.SystemInit) refers to system_gd32f30x.o(i.system_clock_config) for system_clock_config
    system_gd32f30x.o(i.system_clock_config) refers to system_gd32f30x.o(i.system_clock_120m_hxtal) for system_clock_120m_hxtal
    delay.o(i.delay_ms) refers to delay.o(i.delay_us) for delay_us
    delay.o(i.delay_us) refers to gd32f30x_rcu.o(i.rcu_clock_freq_get) for rcu_clock_freq_get
    sys_tick.o(i.SysTick_Handler) refers to sys_tick.o(.data) for g_sys_tick_count
    sys_tick.o(i.sys_callback) refers to sys_tick.o(.data) for psys_callback
    sys_tick.o(i.sys_tick_get_runtime) refers to sys_tick.o(.data) for g_sys_tick_count
    sys_tick.o(i.sys_tick_init) refers to gd32f30x_rcu.o(i.rcu_clock_freq_get) for rcu_clock_freq_get
    main.o(i.app_init) refers to app_uart.o(i.app_uart_init) for app_uart_init
    main.o(i.drv_init) refers to drv_led.o(i.drv_led_init) for drv_led_init
    main.o(i.drv_init) refers to drv_key.o(i.drv_key_init) for drv_key_init
    main.o(i.drv_init) refers to drv_uart.o(i.drv_uart_init) for drv_uart_init
    main.o(i.drv_init) refers to drv_pwm.o(i.drv_pwm_init) for drv_pwm_init
    main.o(i.drv_init) refers to drv_capture.o(i.drv_capture_init) for drv_capture_init
    main.o(i.drv_init) refers to drv_rtc.o(i.drv_rtc_init) for drv_rtc_init
    main.o(i.main) refers to task.o(i.task_init) for task_init
    main.o(i.main) refers to main.o(i.sys_init) for sys_init
    main.o(i.main) refers to main.o(i.drv_init) for drv_init
    main.o(i.main) refers to main.o(i.app_init) for app_init
    main.o(i.main) refers to task.o(i.task_loop) for task_loop
    main.o(i.sys_init) refers to delay.o(i.delay_init) for delay_init
    main.o(i.sys_init) refers to sys_tick.o(i.sys_tick_init) for sys_tick_init
    task.o(i.task_init) refers to sys_tick.o(i.sys_callback) for sys_callback
    task.o(i.task_init) refers to task.o(i.task_tick_hook) for task_tick_hook
    task.o(i.task_loop) refers to task.o(.data) for g_task_table
    task.o(i.task_tick_hook) refers to task.o(.data) for g_task_table
    task.o(.data) refers to app_uart.o(i.app_uart_task) for app_uart_task
    task.o(.data) refers to app_key.o(i.app_key_task) for app_key_task
    task.o(.data) refers to app_key.o(i.rtc_task) for rtc_task
    app_uart.o(i.app_uart_init) refers to drv_uart.o(i.uart_callback) for uart_callback
    app_uart.o(i.app_uart_init) refers to queue.o(i.QueueInit) for QueueInit
    app_uart.o(i.app_uart_init) refers to app_uart.o(i.pro_uart_data) for pro_uart_data
    app_uart.o(i.app_uart_init) refers to app_uart.o(.bss) for g_rc_buf
    app_uart.o(i.app_uart_task) refers to app_uart.o(i.cal_xor_sum) for cal_xor_sum
    app_uart.o(i.app_uart_task) refers to app_uart.o(i.ctrl_led) for ctrl_led
    app_uart.o(i.app_uart_task) refers to printf8.o(i.__0printf$8) for __2printf
    app_uart.o(i.app_uart_task) refers to queue.o(i.QueuePop) for QueuePop
    app_uart.o(i.app_uart_task) refers to app_uart.o(.data) for st
    app_uart.o(i.app_uart_task) refers to app_uart.o(.bss) for frame
    app_uart.o(i.app_uart_task2) refers to memmovea.o(.text) for __aeabi_memmove
    app_uart.o(i.app_uart_task2) refers to queue.o(i.QueuePop) for QueuePop
    app_uart.o(i.app_uart_task2) refers to app_uart.o(i.cal_xor_sum) for cal_xor_sum
    app_uart.o(i.app_uart_task2) refers to app_uart.o(i.ctrl_led) for ctrl_led
    app_uart.o(i.app_uart_task2) refers to printf8.o(i.__0printf$8) for __2printf
    app_uart.o(i.app_uart_task2) refers to app_uart.o(.data) for stream_len
    app_uart.o(i.app_uart_task2) refers to app_uart.o(.bss) for stream
    app_uart.o(i.ctrl_led) refers to drv_led.o(i.drv_led_on) for drv_led_on
    app_uart.o(i.ctrl_led) refers to drv_led.o(i.drv_led_off) for drv_led_off
    app_uart.o(i.pro_uart_data) refers to queue.o(i.QueuePush) for QueuePush
    app_uart.o(i.pro_uart_data) refers to app_uart.o(.bss) for g_rcv_queue
    app_key.o(i.app_key_task) refers to drv_key.o(i.drv_get_key_val) for drv_get_key_val
    app_key.o(i.app_key_task) refers to printf8.o(i.__0printf$8) for __2printf
[...]
    Removing gd32f30x_sdio.o(i.sdio_ceata_interrupt_disable), (20 bytes).
    Removing gd32f30x_sdio.o(i.sdio_ceata_interrupt_enable), (20 bytes).
    Removing gd32f30x_sdio.o(i.sdio_clock_config), (52 bytes).
    Removing gd32f30x_sdio.o(i.sdio_clock_disable), (20 bytes).
    Removing gd32f30x_sdio.o(i.sdio_clock_enable), (20 bytes).
    Removing gd32f30x_sdio.o(i.sdio_command_index_get), (12 bytes).
    Removing gd32f30x_sdio.o(i.sdio_command_response_config), (44 bytes).
    Removing gd32f30x_sdio.o(i.sdio_csm_disable), (20 bytes).
    Removing gd32f30x_sdio.o(i.sdio_csm_enable), (20 bytes).
    Removing gd32f30x_sdio.o(i.sdio_data_config), (52 bytes).
    Removing gd32f30x_sdio.o(i.sdio_data_counter_get), (12 bytes).
    Removing gd32f30x_sdio.o(i.sdio_data_read), (12 bytes).
    Removing gd32f30x_sdio.o(i.sdio_data_transfer_config), (28 bytes).
    Removing gd32f30x_sdio.o(i.sdio_data_write), (12 bytes).
    Removing gd32f30x_sdio.o(i.sdio_deinit), (28 bytes).
    Removing gd32f30x_sdio.o(i.sdio_dma_disable), (20 bytes).
    Removing gd32f30x_sdio.o(i.sdio_dma_enable), (20 bytes).
    Removing gd32f30x_sdio.o(i.sdio_dsm_disable), (20 bytes).
    Removing gd32f30x_sdio.o(i.sdio_dsm_enable), (20 bytes).
    Removing gd32f30x_sdio.o(i.sdio_fifo_counter_get), (12 bytes).
    Removing gd32f30x_sdio.o(i.sdio_flag_clear), (12 bytes).
    Removing gd32f30x_sdio.o(i.sdio_flag_get), (24 bytes).
    Removing gd32f30x_sdio.o(i.sdio_hardware_clock_disable), (20 bytes).
    Removing gd32f30x_sdio.o(i.sdio_hardware_clock_enable), (20 bytes).
    Removing gd32f30x_sdio.o(i.sdio_interrupt_disable), (16 bytes).
    Removing gd32f30x_sdio.o(i.sdio_interrupt_enable), (16 bytes).
    Removing gd32f30x_sdio.o(i.sdio_interrupt_flag_clear), (12 bytes).
    Removing gd32f30x_sdio.o(i.sdio_interrupt_flag_get), (24 bytes).
    Removing gd32f30x_sdio.o(i.sdio_operation_disable), (20 bytes).
    Removing gd32f30x_sdio.o(i.sdio_operation_enable), (20 bytes).
    Removing gd32f30x_sdio.o(i.sdio_power_state_get), (12 bytes).
    Removing gd32f30x_sdio.o(i.sdio_power_state_set), (12 bytes).
    Removing gd32f30x_sdio.o(i.sdio_readwait_disable), (20 bytes).
    Removing gd32f30x_sdio.o(i.sdio_readwait_enable), (20 bytes).
    Removing gd32f30x_sdio.o(i.sdio_readwait_type_set), (40 bytes).
    Removing gd32f30x_sdio.o(i.sdio_response_get), (56 bytes).
    Removing gd32f30x_sdio.o(i.sdio_stop_readwait_disable), (20 bytes).
    Removing gd32f30x_sdio.o(i.sdio_stop_readwait_enable), (20 bytes).
    Removing gd32f30x_sdio.o(i.sdio_suspend_disable), (20 bytes).
    Removing gd32f30x_sdio.o(i.sdio_suspend_enable), (20 bytes).
    Removing gd32f30x_sdio.o(i.sdio_wait_type_set), (28 bytes).
    Removing gd32f30x_spi.o(.rev16_text), (4 bytes).
    Removing gd32f30x_spi.o(.revsh_text), (4 bytes).
    Removing gd32f30x_spi.o(i.i2s_disable), (10 bytes).
    Removing gd32f30x_spi.o(i.i2s_enable), (10 bytes).
    Removing gd32f30x_spi.o(i.i2s_init), (28 bytes).
    Removing gd32f30x_spi.o(i.i2s_psc_config), (170 bytes).
    Removing gd32f30x_spi.o(i.spi_bidirectional_transfer_config), (26 bytes).
    Removing gd32f30x_spi.o(i.spi_crc_error_clear), (8 bytes).
    Removing gd32f30x_spi.o(i.spi_crc_get), (16 bytes).
    Removing gd32f30x_spi.o(i.spi_crc_next), (10 bytes).
    Removing gd32f30x_spi.o(i.spi_crc_off), (10 bytes).
    Removing gd32f30x_spi.o(i.spi_crc_on), (10 bytes).
    Removing gd32f30x_spi.o(i.spi_crc_polynomial_get), (8 bytes).
    Removing gd32f30x_spi.o(i.spi_crc_polynomial_set), (4 bytes).
    Removing gd32f30x_spi.o(i.spi_disable), (10 bytes).
    Removing gd32f30x_spi.o(i.spi_dma_disable), (22 bytes).
    Removing gd32f30x_spi.o(i.spi_dma_enable), (22 bytes).
    Removing gd32f30x_spi.o(i.spi_enable), (10 bytes).
    Removing gd32f30x_spi.o(i.spi_i2s_data_frame_format_config), (16 bytes).
    Removing gd32f30x_spi.o(i.spi_i2s_data_receive), (8 bytes).
    Removing gd32f30x_spi.o(i.spi_i2s_data_transmit), (4 bytes).
    Removing gd32f30x_spi.o(i.spi_i2s_deinit), (88 bytes).
    Removing gd32f30x_spi.o(i.spi_i2s_flag_get), (16 bytes).
    Removing gd32f30x_spi.o(i.spi_i2s_format_error_clear), (6 bytes).
    Removing gd32f30x_spi.o(i.spi_i2s_interrupt_disable), (48 bytes).
    Removing gd32f30x_spi.o(i.spi_i2s_interrupt_enable), (48 bytes).
    Removing gd32f30x_spi.o(i.spi_i2s_interrupt_flag_get), (112 bytes).
    Removing gd32f30x_spi.o(i.spi_init), (50 bytes).
    Removing gd32f30x_spi.o(i.spi_nss_internal_high), (10 bytes).
    Removing gd32f30x_spi.o(i.spi_nss_internal_low), (10 bytes).
    Removing gd32f30x_spi.o(i.spi_nss_output_disable), (10 bytes).
    Removing gd32f30x_spi.o(i.spi_nss_output_enable), (10 bytes).
    Removing gd32f30x_spi.o(i.spi_nssp_mode_disable), (10 bytes).
    Removing gd32f30x_spi.o(i.spi_nssp_mode_enable), (10 bytes).
    Removing gd32f30x_spi.o(i.spi_quad_disable), (14 bytes).
    Removing gd32f30x_spi.o(i.spi_quad_enable), (14 bytes).
    Removing gd32f30x_spi.o(i.spi_quad_io23_output_disable), (14 bytes).
    Removing gd32f30x_spi.o(i.spi_quad_io23_output_enable), (14 bytes).
    Removing gd32f30x_spi.o(i.spi_quad_read_enable), (14 bytes).
    Removing gd32f30x_spi.o(i.spi_quad_write_enable), (14 bytes).
    Removing gd32f30x_spi.o(i.spi_struct_para_init), (18 bytes).
    Removing gd32f30x_spi.o(i.spi_ti_mode_disable), (10 bytes).
    Removing gd32f30x_spi.o(i.spi_ti_mode_enable), (10 bytes).
    Removing gd32f30x_timer.o(.rev16_text), (4 bytes).
    Removing gd32f30x_timer.o(.revsh_text), (4 bytes).
    Removing gd32f30x_timer.o(i.timer_auto_reload_shadow_disable), (10 bytes).
    Removing gd32f30x_timer.o(i.timer_auto_reload_shadow_enable), (10 bytes).
    Removing gd32f30x_timer.o(i.timer_automatic_output_disable), (10 bytes).
    Removing gd32f30x_timer.o(i.timer_automatic_output_enable), (10 bytes).
    Removing gd32f30x_timer.o(i.timer_autoreload_value_config), (4 bytes).
    Removing gd32f30x_timer.o(i.timer_break_config), (30 bytes).
    Removing gd32f30x_timer.o(i.timer_break_disable), (10 bytes).
    Removing gd32f30x_timer.o(i.timer_break_enable), (10 bytes).
    Removing gd32f30x_timer.o(i.timer_break_struct_para_init), (18 bytes).
    Removing gd32f30x_timer.o(i.timer_channel_complementary_output_polarity_config), (70 bytes).
    Removing gd32f30x_timer.o(i.timer_channel_complementary_output_state_config), (70 bytes).
    Removing gd32f30x_timer.o(i.timer_channel_control_shadow_config), (24 bytes).
    Removing gd32f30x_timer.o(i.timer_channel_control_shadow_update_config), (26 bytes).
    Removing gd32f30x_timer.o(i.timer_channel_dma_request_source_select), (26 bytes).
    Removing gd32f30x_timer.o(i.timer_channel_output_clear_config), (90 bytes).
    Removing gd32f30x_timer.o(i.timer_channel_output_fast_config), (90 bytes).
    Removing gd32f30x_timer.o(i.timer_channel_output_polarity_config), (92 bytes).
    Removing gd32f30x_timer.o(i.timer_channel_output_state_config), (92 bytes).
    Removing gd32f30x_timer.o(i.timer_counter_alignment), (16 bytes).
    Removing gd32f30x_timer.o(i.timer_counter_down_direction), (10 bytes).
    Removing gd32f30x_timer.o(i.timer_counter_read), (8 bytes).
    Removing gd32f30x_timer.o(i.timer_counter_up_direction), (10 bytes).
    Removing gd32f30x_timer.o(i.timer_disable), (10 bytes).
    Removing gd32f30x_timer.o(i.timer_dma_disable), (8 bytes).
    Removing gd32f30x_timer.o(i.timer_dma_enable), (8 bytes).
    Removing gd32f30x_timer.o(i.timer_dma_transfer_config), (24 bytes).
    Removing gd32f30x_timer.o(i.timer_event_software_generate), (8 bytes).
    Removing gd32f30x_timer.o(i.timer_external_clock_mode0_config), (40 bytes).
    Removing gd32f30x_timer.o(i.timer_external_clock_mode1_config), (32 bytes).
    Removing gd32f30x_timer.o(i.timer_external_clock_mode1_disable), (10 bytes).
    Removing gd32f30x_timer.o(i.timer_external_trigger_as_external_clock_config), (166 bytes).
    Removing gd32f30x_timer.o(i.timer_external_trigger_config), (30 bytes).
    Removing gd32f30x_timer.o(i.timer_flag_clear), (6 bytes).
    Removing gd32f30x_timer.o(i.timer_flag_get), (16 bytes).
    Removing gd32f30x_timer.o(i.timer_hall_mode_config), (26 bytes).
    Removing gd32f30x_timer.o(i.timer_input_trigger_source_select), (16 bytes).
    Removing gd32f30x_timer.o(i.timer_internal_clock_config), (10 bytes).
    Removing gd32f30x_timer.o(i.timer_internal_trigger_as_external_clock_config), (32 bytes).
    Removing gd32f30x_timer.o(i.timer_interrupt_disable), (8 bytes).
    Removing gd32f30x_timer.o(i.timer_master_output_trigger_source_select), (16 bytes).
    Removing gd32f30x_timer.o(i.timer_master_slave_mode_config), (26 bytes).
    Removing gd32f30x_timer.o(i.timer_output_value_selection_config), (34 bytes).
    Removing gd32f30x_timer.o(i.timer_prescaler_config), (14 bytes).
    Removing gd32f30x_timer.o(i.timer_prescaler_read), (10 bytes).
    Removing gd32f30x_timer.o(i.timer_quadrature_decoder_mode_config), (64 bytes).
    Removing gd32f30x_timer.o(i.timer_repetition_value_config), (4 bytes).
    Removing gd32f30x_timer.o(i.timer_single_pulse_mode_config), (26 bytes).
    Removing gd32f30x_timer.o(i.timer_slave_mode_select), (16 bytes).
    Removing gd32f30x_timer.o(i.timer_update_event_disable), (10 bytes).
    Removing gd32f30x_timer.o(i.timer_update_event_enable), (10 bytes).
    Removing gd32f30x_timer.o(i.timer_update_source_config), (26 bytes).
    Removing gd32f30x_timer.o(i.timer_write_chxval_register_config), (34 bytes).
    Removing gd32f30x_usart.o(.rev16_text), (4 bytes).
    Removing gd32f30x_usart.o(.revsh_text), (4 bytes).
    Removing gd32f30x_usart.o(i.usart_address_config), (20 bytes).
    Removing gd32f30x_usart.o(i.usart_block_length_config), (28 bytes).
    Removing gd32f30x_usart.o(i.usart_data_first_config), (20 bytes).
    Removing gd32f30x_usart.o(i.usart_disable), (10 bytes).
    Removing gd32f30x_usart.o(i.usart_dma_receive_config), (20 bytes).
    Removing gd32f30x_usart.o(i.usart_dma_transmit_config), (20 bytes).
    Removing gd32f30x_usart.o(i.usart_flag_clear), (18 bytes).
    Removing gd32f30x_usart.o(i.usart_guard_time_config), (24 bytes).
    Removing gd32f30x_usart.o(i.usart_halfduplex_disable), (10 bytes).
    Removing gd32f30x_usart.o(i.usart_halfduplex_enable), (10 bytes).
    Removing gd32f30x_usart.o(i.usart_hardware_flow_cts_config), (20 bytes).
    Removing gd32f30x_usart.o(i.usart_hardware_flow_rts_config), (20 bytes).
    Removing gd32f30x_usart.o(i.usart_interrupt_disable), (26 bytes).
    Removing gd32f30x_usart.o(i.usart_invert_config), (104 bytes).
    Removing gd32f30x_usart.o(i.usart_irda_lowpower_config), (20 bytes).
    Removing gd32f30x_usart.o(i.usart_irda_mode_disable), (10 bytes).
    Removing gd32f30x_usart.o(i.usart_irda_mode_enable), (10 bytes).
    Removing gd32f30x_usart.o(i.usart_lin_break_detection_length_config), (20 bytes).
    Removing gd32f30x_usart.o(i.usart_lin_mode_disable), (10 bytes).
    Removing gd32f30x_usart.o(i.usart_lin_mode_enable), (10 bytes).
    Removing gd32f30x_usart.o(i.usart_mute_mode_disable), (10 bytes).
    Removing gd32f30x_usart.o(i.usart_mute_mode_enable), (10 bytes).
    Removing gd32f30x_usart.o(i.usart_mute_mode_wakeup_config), (16 bytes).
    Removing gd32f30x_usart.o(i.usart_prescaler_config), (16 bytes).
    Removing gd32f30x_usart.o(i.usart_receiver_timeout_disable), (14 bytes).
    Removing gd32f30x_usart.o(i.usart_receiver_timeout_enable), (14 bytes).
    Removing gd32f30x_usart.o(i.usart_receiver_timeout_threshold_config), (20 bytes).
    Removing gd32f30x_usart.o(i.usart_send_break), (10 bytes).
    Removing gd32f30x_usart.o(i.usart_smartcard_autoretry_config), (26 bytes).
    Removing gd32f30x_usart.o(i.usart_smartcard_mode_disable), (10 bytes).
    Removing gd32f30x_usart.o(i.usart_smartcard_mode_enable), (10 bytes).
    Removing gd32f30x_usart.o(i.usart_smartcard_mode_nack_disable), (10 bytes).
    Removing gd32f30x_usart.o(i.usart_smartcard_mode_nack_enable), (10 bytes).
    Removing gd32f30x_usart.o(i.usart_synchronous_clock_config), (34 bytes).
    Removing gd32f30x_usart.o(i.usart_synchronous_clock_disable), (10 bytes).
    Removing gd32f30x_usart.o(i.usart_synchronous_clock_enable), (10 bytes).
    Removing gd32f30x_wwdgt.o(.rev16_text), (4 bytes).
    Removing gd32f30x_wwdgt.o(.revsh_text), (4 bytes).
    Removing gd32f30x_wwdgt.o(i.wwdgt_config), (28 bytes).
    Removing gd32f30x_wwdgt.o(i.wwdgt_counter_update), (16 bytes).
    Removing gd32f30x_wwdgt.o(i.wwdgt_deinit), (20 bytes).
    Removing gd32f30x_wwdgt.o(i.wwdgt_enable), (20 bytes).
    Removing gd32f30x_wwdgt.o(i.wwdgt_flag_clear), (12 bytes).
    Removing gd32f30x_wwdgt.o(i.wwdgt_flag_get), (24 bytes).
    Removing gd32f30x_wwdgt.o(i.wwdgt_interrupt_enable), (20 bytes).
    Removing dadd.o(.text), (334 bytes).
    Removing dmul.o(.text), (228 bytes).
    Removing ddiv.o(.text), (222 bytes).
    Removing dfixul.o(.text), (48 bytes).
    Removing cdrcmple.o(.text), (48 bytes).
    Removing depilogue.o(.text), (186 bytes).

628 unused section(s) (total 23716 bytes) removed from the image.

==============================================================================

Image Symbol Table

    Local Symbols

    Symbol Name                              Value     Ov Type        Size  Object(Section)

    ../clib/microlib/division.c              0x00000000   Number         0  uldiv.o ABSOLUTE
    ../clib/microlib/division.c              0x00000000   Number         0  uidiv.o ABSOLUTE
    ../clib/microlib/init/entry.s            0x00000000   Number         0  entry2.o ABSOLUTE
    ../clib/microlib/init/entry.s            0x00000000   Number         0  entry.o ABSOLUTE
    ../clib/microlib/init/entry.s            0x00000000   Number         0  entry10b.o ABSOLUTE
    ../clib/microlib/init/entry.s            0x00000000   Number         0  entry10a.o ABSOLUTE
    ../clib/microlib/init/entry.s            0x00000000   Number         0  entry5.o ABSOLUTE
    ../clib/microlib/init/entry.s            0x00000000   Number         0  entry9b.o ABSOLUTE
    ../clib/microlib/init/entry.s            0x00000000   Number         0  entry9a.o ABSOLUTE
    ../clib/microlib/init/entry.s            0x00000000   Number         0  entry8b.o ABSOLUTE
    ../clib/microlib/init/entry.s            0x00000000   Number         0  entry8a.o ABSOLUTE
    ../clib/microlib/init/entry.s            0x00000000   Number         0  entry7b.o ABSOLUTE
    ../clib/microlib/init/entry.s            0x00000000   Number         0  entry7a.o ABSOLUTE
    ../clib/microlib/init/entry.s            0x00000000   Number         0  entry11b.o ABSOLUTE
    ../clib/microlib/init/entry.s            0x00000000   Number         0  entry11a.o ABSOLUTE
    ../clib/microlib/longlong.c              0x00000000   Number         0  llushr.o ABSOLUTE
    ../clib/microlib/longlong.c              0x00000000   Number         0  llshl.o ABSOLUTE
    ../clib/microlib/longlong.c              0x00000000   Number         0  llsshr.o ABSOLUTE
    ../clib/microlib/printf/printf.c         0x00000000   Number         0  printf8.o ABSOLUTE
    ../clib/microlib/printf/printf.c         0x00000000   Number         0  printf7.o ABSOLUTE
    ../clib/microlib/printf/printf.c         0x00000000   Number         0  printfa.o ABSOLUTE
    ../clib/microlib/printf/printf.c         0x00000000   Number         0  printf6.o ABSOLUTE
    ../clib/microlib/printf/printf.c         0x00000000   Number         0  printfb.o ABSOLUTE
    ../clib/microlib/printf/printf.c         0x00000000   Number         0  printf4.o ABSOLUTE
    ../clib/microlib/printf/printf.c         0x00000000   Number         0  printf3.o ABSOLUTE
    ../clib/microlib/printf/printf.c         0x00000000   Number         0  printf2.o ABSOLUTE
    ../clib/microlib/printf/printf.c         0x00000000   Number         0  printf5.o ABSOLUTE
    ../clib/microlib/printf/printf.c         0x00000000   Number         0  printf1.o ABSOLUTE
    ../clib/microlib/printf/printf.c         0x00000000   Number         0  printf0.o ABSOLUTE
    ../clib/microlib/printf/stubs.s          0x00000000   Number         0  stubs.o ABSOLUTE
    ../clib/microlib/stdio/streams.c         0x00000000   Number         0  stdout.o ABSOLUTE
    ../clib/microlib/string/memcpy.c         0x00000000   Number         0  memmovea.o ABSOLUTE
    ../clib/microlib/string/memcpy.c         0x00000000   Number         0  memmoveb.o ABSOLUTE
    ../clib/microlib/string/memset.c         0x00000000   Number         0  memseta.o ABSOLUTE
    ../clib/microlib/stubs.s                 0x00000000   Number         0  iusefp.o ABSOLUTE
    ../clib/microlib/time/localtime.c        0x00000000   Number         0  localtime.o ABSOLUTE
    ../clib/microlib/time/localtime.c        0x00000000   Number         0  localtime_i.o ABSOLUTE
    ../clib/microlib/time/localtime.c        0x00000000   Number         0  localtime_w.o ABSOLUTE
    ../clib/microlib/time/mktime.c           0x00000000   Number         0  mktime.o ABSOLUTE
    ../fplib/microlib/fpadd.c                0x00000000   Number         0  dadd.o ABSOLUTE
    ../fplib/microlib/fpdiv.c                0x00000000   Number         0  ddiv.o ABSOLUTE
    ../fplib/microlib/fpepilogue.c           0x00000000   Number         0  depilogue.o ABSOLUTE
    ../fplib/microlib/fpfix.c                0x00000000   Number         0  dfixul.o ABSOLUTE
    ../fplib/microlib/fpmul.c                0x00000000   Number         0  dmul.o ABSOLUTE
    ..\App\app_key\app_key.c                 0x00000000   Number         0  app_key.o ABSOLUTE
    ..\App\app_uart\app_uart.c               0x00000000   Number         0  app_uart.o ABSOLUTE
    ..\Driver\drv_capture\drv_capture.c      0x00000000   Number         0  drv_capture.o ABSOLUTE
    ..\Driver\drv_key\drv_key.c              0x00000000   Number         0  drv_key.o ABSOLUTE
    ..\Driver\drv_led\drv_led.c              0x00000000   Number         0  drv_led.o ABSOLUTE
    ..\Driver\drv_pwm\drv_pwm.c              0x00000000   Number         0  drv_pwm.o ABSOLUTE
    ..\Driver\drv_rtc\drv_rtc.c              0x00000000   Number         0  drv_rtc.o ABSOLUTE
    ..\Driver\drv_uart\drv_uart.c            0x00000000   Number         0  drv_uart.o ABSOLUTE
    ..\Driver\queue\queue.c                  0x00000000   Number         0  queue.o ABSOLUTE
    ..\Library\Source\gd32f30x_adc.c         0x00000000   Number         0  gd32f30x_adc.o ABSOLUTE
    ..\Library\Source\gd32f30x_bkp.c         0x00000000   Number         0  gd32f30x_bkp.o ABSOLUTE
    ..\Library\Source\gd32f30x_can.c         0x00000000   Number         0  gd32f30x_can.o ABSOLUTE
    ..\Library\Source\gd32f30x_crc.c         0x00000000   Number         0  gd32f30x_crc.o ABSOLUTE
    ..\Library\Source\gd32f30x_ctc.c         0x00000000   Number         0  gd32f30x_ctc.o ABSOLUTE
    ..\Library\Source\gd32f30x_dac.c         0x00000000   Number         0  gd32f30x_dac.o ABSOLUTE
    ..\Library\Source\gd32f30x_dbg.c         0x00000000   Number         0  gd32f30x_dbg.o ABSOLUTE
    ..\Library\Source\gd32f30x_dma.c         0x00000000   Number         0  gd32f30x_dma.o ABSOLUTE
    ..\Library\Source\gd32f30x_enet.c        0x00000000   Number         0  gd32f30x_enet.o ABSOLUTE
    ..\Library\Source\gd32f30x_exmc.c        0x00000000   Number         0  gd32f30x_exmc.o ABSOLUTE
    ..\Library\Source\gd32f30x_exti.c        0x00000000   Number         0  gd32f30x_exti.o ABSOLUTE
    ..\Library\Source\gd32f30x_fmc.c         0x00000000   Number         0  gd32f30x_fmc.o ABSOLUTE
    ..\Library\Source\gd32f30x_fwdgt.c       0x00000000   Number         0  gd32f30x_fwdgt.o ABSOLUTE
    ..\Library\Source\gd32f30x_gpio.c        0x00000000   Number         0  gd32f30x_gpio.o ABSOLUTE
    ..\Library\Source\gd32f30x_i2c.c         0x00000000   Number         0  gd32f30x_i2c.o ABSOLUTE
    ..\Library\Source\gd32f30x_misc.c        0x00000000   Number         0  gd32f30x_misc.o ABSOLUTE
    ..\Library\Source\gd32f30x_pmu.c         0x00000000   Number         0  gd32f30x_pmu.o ABSOLUTE
    ..\Library\Source\gd32f30x_rcu.c         0x00000000   Number         0  gd32f30x_rcu.o ABSOLUTE
    ..\Library\Source\gd32f30x_rtc.c         0x00000000   Number         0  gd32f30x_rtc.o ABSOLUTE
    ..\Library\Source\gd32f30x_sdio.c        0x00000000   Number         0  gd32f30x_sdio.o ABSOLUTE
    ..\Library\Source\gd32f30x_spi.c         0x00000000   Number         0  gd32f30x_spi.o ABSOLUTE
    ..\Library\Source\gd32f30x_timer.c       0x00000000   Number         0  gd32f30x_timer.o ABSOLUTE
    ..\Library\Source\gd32f30x_usart.c       0x00000000   Number         0  gd32f30x_usart.o ABSOLUTE
    ..\Library\Source\gd32f30x_wwdgt.c       0x00000000   Number         0  gd32f30x_wwdgt.o ABSOLUTE
    ..\Startup\startup_gd32f30x_hd.s         0x00000000   Number         0  startup_gd32f30x_hd.o ABSOLUTE
    ..\Startup\system_gd32f30x.c             0x00000000   Number         0  system_gd32f30x.o ABSOLUTE
    ..\Sys\sys_dwt_delay\delay.c             0x00000000   Number         0  delay.o ABSOLUTE
    ..\Sys\sys_tick\sys_tick.c               0x00000000   Number         0  sys_tick.o ABSOLUTE
    ..\User\main.c                           0x00000000   Number         0  main.o ABSOLUTE
    ..\User\task.c                           0x00000000   Number         0  task.o ABSOLUTE
    ..\\App\\app_key\\app_key.c              0x00000000   Number         0  app_key.o ABSOLUTE
    ..\\App\\app_uart\\app_uart.c            0x00000000   Number         0  app_uart.o ABSOLUTE
    ..\\Driver\\drv_capture\\drv_capture.c   0x00000000   Number         0  drv_capture.o ABSOLUTE
    ..\\Driver\\drv_key\\drv_key.c           0x00000000   Number         0  drv_key.o ABSOLUTE
    ..\\Driver\\drv_led\\drv_led.c           0x00000000   Number         0  drv_led.o ABSOLUTE
    ..\\Driver\\drv_pwm\\drv_pwm.c           0x00000000   Number         0  drv_pwm.o ABSOLUTE
    ..\\Driver\\drv_rtc\\drv_rtc.c           0x00000000   Number         0  drv_rtc.o ABSOLUTE
    ..\\Driver\\drv_uart\\drv_uart.c         0x00000000   Number         0  drv_uart.o ABSOLUTE
    ..\\Library\\Source\\gd32f30x_adc.c      0x00000000   Number         0  gd32f30x_adc.o ABSOLUTE
    ..\\Library\\Source\\gd32f30x_bkp.c      0x00000000   Number         0  gd32f30x_bkp.o ABSOLUTE
    ..\\Library\\Source\\gd32f30x_can.c      0x00000000   Number         0  gd32f30x_can.o ABSOLUTE
    ..\\Library\\Source\\gd32f30x_crc.c      0x00000000   Number         0  gd32f30x_crc.o ABSOLUTE
    ..\\Library\\Source\\gd32f30x_ctc.c      0x00000000   Number         0  gd32f30x_ctc.o ABSOLUTE
    ..\\Library\\Source\\gd32f30x_dac.c      0x00000000   Number         0  gd32f30x_dac.o ABSOLUTE
    ..\\Library\\Source\\gd32f30x_dbg.c      0x00000000   Number         0  gd32f30x_dbg.o ABSOLUTE
    ..\\Library\\Source\\gd32f30x_dma.c      0x00000000   Number         0  gd32f30x_dma.o ABSOLUTE
    ..\\Library\\Source\\gd32f30x_enet.c     0x00000000   Number         0  gd32f30x_enet.o ABSOLUTE
    ..\\Library\\Source\\gd32f30x_exmc.c     0x00000000   Number         0  gd32f30x_exmc.o ABSOLUTE
    ..\\Library\\Source\\gd32f30x_exti.c     0x00000000   Number         0  gd32f30x_exti.o ABSOLUTE
    ..\\Library\\Source\\gd32f30x_fmc.c      0x00000000   Number         0  gd32f30x_fmc.o ABSOLUTE
    ..\\Library\\Source\\gd32f30x_fwdgt.c    0x00000000   Number         0  gd32f30x_fwdgt.o ABSOLUTE
    ..\\Library\\Source\\gd32f30x_gpio.c     0x00000000   Number         0  gd32f30x_gpio.o ABSOLUTE
    ..\\Library\\Source\\gd32f30x_i2c.c      0x00000000   Number         0  gd32f30x_i2c.o ABSOLUTE
    ..\\Library\\Source\\gd32f30x_misc.c     0x00000000   Number         0  gd32f30x_misc.o ABSOLUTE
    ..\\Library\\Source\\gd32f30x_pmu.c      0x00000000   Number         0  gd32f30x_pmu.o ABSOLUTE
    ..\\Library\\Source\\gd32f30x_rcu.c      0x00000000   Number         0  gd32f30x_rcu.o ABSOLUTE
    ..\\Library\\Source\\gd32f30x_rtc.c      0x00000000   Number         0  gd32f30x_rtc.o ABSOLUTE
    ..\\Library\\Source\\gd32f30x_sdio.c     0x00000000   Number         0  gd32f30x_sdio.o ABSOLUTE
    ..\\Library\\Source\\gd32f30x_spi.c      0x00000000   Number         0  gd32f30x_spi.o ABSOLUTE
    ..\\Library\\Source\\gd32f30x_timer.c    0x00000000   Number         0  gd32f30x_timer.o ABSOLUTE
    ..\\Library\\Source\\gd32f30x_usart.c    0x00000000   Number         0  gd32f30x_usart.o ABSOLUTE
    ..\\Library\\Source\\gd32f30x_wwdgt.c    0x00000000   Number         0  gd32f30x_wwdgt.o ABSOLUTE
    ..\\Startup\\system_gd32f30x.c           0x00000000   Number         0  system_gd32f30x.o ABSOLUTE
    ..\\Sys\\sys_dwt_delay\\delay.c          0x00000000   Number         0  delay.o ABSOLUTE
    ..\\Sys\\sys_tick\\sys_tick.c            0x00000000   Number         0  sys_tick.o ABSOLUTE
    ..\\User\\main.c                         0x00000000   Number         0  main.o ABSOLUTE
    ..\\User\\task.c                         0x00000000   Number         0  task.o ABSOLUTE
    cdrcmple.s                               0x00000000   Number         0  cdrcmple.o ABSOLUTE
    dc.s                                     0x00000000   Number         0  dc.o ABSOLUTE
    handlers.s                               0x00000000   Number         0  handlers.o ABSOLUTE
    init.s                                   0x00000000   Number         0  init.o ABSOLUTE
    RESET                                    0x08000000   Section      304  startup_gd32f30x_hd.o(RESET)
    .ARM.Collect$$$$00000000                 0x08000130   Section        0  entry.o(.ARM.Collect$$$$00000000)
    .ARM.Collect$$$$00000001                 0x08000130   Section        4  entry2.o(.ARM.Collect$$$$00000001)
    .ARM.Collect$$$$00000004                 0x08000134   Section        4  entry5.o(.ARM.Collect$$$$00000004)
    .ARM.Collect$$$$00000008                 0x08000138   Section        0  entry7b.o(.ARM.Collect$$$$00000008)
    .ARM.Collect$$$$0000000A                 0x08000138   Section        0  entry8b.o(.ARM.Collect$$$$0000000A)
    .ARM.Collect$$$$0000000B                 0x08000138   Section        8  entry9a.o(.ARM.Collect$$$$0000000B)
    .ARM.Collect$$$$0000000D                 0x08000140   Section        0  entry10a.o(.ARM.Collect$$$$0000000D)
    .ARM.Collect$$$$0000000F                 0x08000140   Section        0  entry11a.o(.ARM.Collect$$$$0000000F)
    .ARM.Collect$$$$00002712                 0x08000140   Section        4  entry2.o(.ARM.Collect$$$$00002712)
    __lit__00000000                          0x08000140   Data           4  entry2.o(.ARM.Collect$$$$00002712)
    .text                                    0x08000144   Section       36  startup_gd32f30x_hd.o(.text)
    $v0                                      0x08000144   Number         0  startup_gd32f30x_hd.o(.text)
    .text                                    0x08000168   Section        0  mktime.o(.text)
    .text                                    0x08000210   Section        0  memseta.o(.text)
    .text                                    0x08000234   Section        0  uldiv.o(.text)
    .text                                    0x08000298   Section        0  localtime_w.o(.text)
    .text                                    0x080002a4   Section        0  localtime_i.o(.text)
    .text                                    0x08000330   Section       36  init.o(.text)
    .text                                    0x08000354   Section        0  llshl.o(.text)
    .text                                    0x08000372   Section        0  llushr.o(.text)
    i.GPIO_Init                              0x08000394   Section        0  drv_pwm.o(i.GPIO_Init)
    GPIO_Init                                0x08000395   Thumb Code    26  drv_pwm.o(i.GPIO_Init)
    i.GPIO_Init                              0x080003b4   Section        0  drv_capture.o(i.GPIO_Init)
    GPIO_Init                                0x080003b5   Thumb Code    24  drv_capture.o(i.GPIO_Init)
    i.QueueInit                              0x080003d0   Section        0  queue.o(i.QueueInit)
    i.QueuePop                               0x080003dc   Section        0  queue.o(i.QueuePop)
    i.QueuePush                              0x08000408   Section        0  queue.o(i.QueuePush)
    i.SysTick_Handler                        0x08000430   Section        0  sys_tick.o(i.SysTick_Handler)
    i.SystemInit                             0x08000458   Section        0  system_gd32f30x.o(i.SystemInit)
    i.TIMER1_IRQHandler                      0x08000500   Section        0  drv_capture.o(i.TIMER1_IRQHandler)
    i.USART0_IRQHandler                      0x08000548   Section        0  drv_uart.o(i.USART0_IRQHandler)
    i.__0printf$8                            0x08000588   Section        0  printf8.o(i.__0printf$8)
    i.__scatterload_copy                     0x080005a8   Section       14  handlers.o(i.__scatterload_copy)
    i.__scatterload_null                     0x080005b6   Section        2  handlers.o(i.__scatterload_null)
    i.__scatterload_zeroinit                 0x080005b8   Section       14  handlers.o(i.__scatterload_zeroinit)
    i._printf_core                           0x080005c8   Section        0  printf8.o(i._printf_core)
    _printf_core                             0x080005c9   Thumb Code   996  printf8.o(i._printf_core)
    i._printf_post_padding                   0x080009d8   Section        0  printf8.o(i._printf_post_padding)
    _printf_post_padding                     0x080009d9   Thumb Code    36  printf8.o(i._printf_post_padding)
    i._printf_pre_padding                    0x080009fc   Section        0  printf8.o(i._printf_pre_padding)
    _printf_pre_padding                      0x080009fd   Thumb Code    46  printf8.o(i._printf_pre_padding)
    i.app_init                               0x08000a2a   Section        0  main.o(i.app_init)
    app_init                                 0x08000a2b   Thumb Code     8  main.o(i.app_init)
    i.app_key_task                           0x08000a34   Section        0  app_key.o(i.app_key_task)
    i.app_uart_init                          0x08000c70   Section        0  app_uart.o(i.app_uart_init)
    i.app_uart_task                          0x08000c90   Section        0  app_uart.o(i.app_uart_task)
    i.bkp_deinit                             0x08000e38   Section        0  gd32f30x_bkp.o(i.bkp_deinit)
    i.bkp_read_data                          0x08000e44   Section        0  gd32f30x_bkp.o(i.bkp_read_data)
    i.bkp_write_data                         0x08000e7c   Section        0  gd32f30x_bkp.o(i.bkp_write_data)
    i.cal_xor_sum                            0x08000eb0   Section        0  app_uart.o(i.cal_xor_sum)
    cal_xor_sum                              0x08000eb1   Thumb Code    26  app_uart.o(i.cal_xor_sum)
    i.ctrl_led                               0x08000eca   Section        0  app_uart.o(i.ctrl_led)
    ctrl_led                                 0x08000ecb   Thumb Code    24  app_uart.o(i.ctrl_led)
    i.delay_init                             0x08000ee4   Section        0  delay.o(i.delay_init)
    i.drv_capture_init                       0x08000f20   Section        0  drv_capture.o(i.drv_capture_init)
    i.drv_get_key_val                        0x08000f2c   Section        0  drv_key.o(i.drv_get_key_val)
    i.drv_get_rtc_time                       0x08000f4e   Section        0  drv_rtc.o(i.drv_get_rtc_time)
    i.drv_init                               0x08000f88   Section        0  main.o(i.drv_init)
    drv_init                                 0x08000f89   Thumb Code    32  main.o(i.drv_init)
    i.drv_key_init                           0x08000fa8   Section        0  drv_key.o(i.drv_key_init)
    i.drv_led_init                           0x08000fb0   Section        0  drv_led.o(i.drv_led_init)
    i.drv_led_off                            0x0800100c   Section        0  drv_led.o(i.drv_led_off)
    i.drv_led_on                             0x08001038   Section        0  drv_led.o(i.drv_led_on)
    i.drv_pwm_init                           0x08001064   Section        0  drv_pwm.o(i.drv_pwm_init)
    i.drv_rtc_init                           0x08001070   Section        0  drv_rtc.o(i.drv_rtc_init)
    i.drv_set_rtc_time                       0x0800110c   Section        0  drv_rtc.o(i.drv_set_rtc_time)
    i.drv_uart_init                          0x08001152   Section        0  drv_uart.o(i.drv_uart_init)
    i.fputc                                  0x08001162   Section        0  drv_uart.o(i.fputc)
    i.gpio_bit_reset                         0x08001172   Section        0  gd32f30x_gpio.o(i.gpio_bit_reset)
    i.gpio_bit_set                           0x08001176   Section        0  gd32f30x_gpio.o(i.gpio_bit_set)
    i.gpio_init                              0x0800117a   Section        0  gd32f30x_gpio.o(i.gpio_init)
    i.gpio_input_bit_get                     0x08001236   Section        0  gd32f30x_gpio.o(i.gpio_input_bit_get)
    i.key_gpio_init                          0x08001248   Section        0  drv_key.o(i.key_gpio_init)
    key_gpio_init                            0x08001249   Thumb Code    60  drv_key.o(i.key_gpio_init)
    i.key_scan                               0x08001288   Section        0  drv_key.o(i.key_scan)
    key_scan                                 0x08001289   Thumb Code   522  drv_key.o(i.key_scan)
    i.main                                   0x0800149c   Section        0  main.o(i.main)
    i.nvic_irq_enable                        0x080014b4   Section        0  gd32f30x_misc.o(i.nvic_irq_enable)
    i.nvic_priority_group_set                0x08001578   Section        0  gd32f30x_misc.o(i.nvic_priority_group_set)
    i.pmu_backup_write_enable                0x0800158c   Section        0  gd32f30x_pmu.o(i.pmu_backup_write_enable)
    i.pro_uart_data                          0x080015a0   Section        0  app_uart.o(i.pro_uart_data)
    pro_uart_data                            0x080015a1   Thumb Code    14  app_uart.o(i.pro_uart_data)
    i.rcu_bkp_reset_disable                  0x080015b4   Section        0  gd32f30x_rcu.o(i.rcu_bkp_reset_disable)
    i.rcu_bkp_reset_enable                   0x080015c8   Section        0  gd32f30x_rcu.o(i.rcu_bkp_reset_enable)
    i.rcu_clock_freq_get                     0x080015dc   Section        0  gd32f30x_rcu.o(i.rcu_clock_freq_get)
    i.rcu_flag_get                           0x08001734   Section        0  gd32f30x_rcu.o(i.rcu_flag_get)
    i.rcu_osci_on                            0x08001758   Section        0  gd32f30x_rcu.o(i.rcu_osci_on)
    i.rcu_osci_stab_wait                     0x08001778   Section        0  gd32f30x_rcu.o(i.rcu_osci_stab_wait)
    i.rcu_periph_clock_enable                0x08001888   Section        0  gd32f30x_rcu.o(i.rcu_periph_clock_enable)
    i.rcu_periph_reset_disable               0x080018a8   Section        0  gd32f30x_rcu.o(i.rcu_periph_reset_disable)
    i.rcu_periph_reset_enable                0x080018c8   Section        0  gd32f30x_rcu.o(i.rcu_periph_reset_enable)
    i.rcu_rtc_clock_config                   0x080018e8   Section        0  gd32f30x_rcu.o(i.rcu_rtc_clock_config)
    i.rtc_configuration_mode_enter           0x08001900   Section        0  gd32f30x_rtc.o(i.rtc_configuration_mode_enter)
    i.rtc_configuration_mode_exit            0x08001914   Section        0  gd32f30x_rtc.o(i.rtc_configuration_mode_exit)
    i.rtc_counter_get                        0x08001928   Section        0  gd32f30x_rtc.o(i.rtc_counter_get)
    i.rtc_counter_set                        0x0800193c   Section        0  gd32f30x_rtc.o(i.rtc_counter_set)
    i.rtc_lwoff_wait                         0x0800195c   Section        0  gd32f30x_rtc.o(i.rtc_lwoff_wait)
    i.rtc_prescaler_set                      0x08001970   Section        0  gd32f30x_rtc.o(i.rtc_prescaler_set)
    i.rtc_register_sync_wait                 0x08001990   Section        0  gd32f30x_rtc.o(i.rtc_register_sync_wait)
    i.rtc_task                               0x080019b0   Section        0  app_key.o(i.rtc_task)
    i.sys_callback                           0x08001a04   Section        0  sys_tick.o(i.sys_callback)
    i.sys_init                               0x08001a10   Section        0  main.o(i.sys_init)
    sys_init                                 0x08001a11   Thumb Code    12  main.o(i.sys_init)
    i.sys_tick_get_runtime                   0x08001a1c   Section        0  sys_tick.o(i.sys_tick_get_runtime)
    i.sys_tick_init                          0x08001a28   Section        0  sys_tick.o(i.sys_tick_init)
    i.system_clock_120m_hxtal                0x08001a8c   Section        0  system_gd32f30x.o(i.system_clock_120m_hxtal)
    system_clock_120m_hxtal                  0x08001a8d   Thumb Code   258  system_gd32f30x.o(i.system_clock_120m_hxtal)
    i.system_clock_config                    0x08001ba0   Section        0  system_gd32f30x.o(i.system_clock_config)
    system_clock_config                      0x08001ba1   Thumb Code     8  system_gd32f30x.o(i.system_clock_config)
    i.task_init                              0x08001ba8   Section        0  task.o(i.task_init)
    i.task_loop                              0x08001bb8   Section        0  task.o(i.task_loop)
    i.task_tick_hook                         0x08001bf4   Section        0  task.o(i.task_tick_hook)
    task_tick_hook                           0x08001bf5   Thumb Code   136  task.o(i.task_tick_hook)
    i.timer_channel_capture_value_register_read 0x08001c80   Section        0  gd32f30x_timer.o(i.timer_channel_capture_value_register_read)
    i.timer_channel_input_capture_prescaler_config 0x08001caa   Section        0  gd32f30x_timer.o(i.timer_channel_input_capture_prescaler_config)
    i.timer_channel_input_struct_para_init   0x08001d04   Section        0  gd32f30x_timer.o(i.timer_channel_input_struct_para_init)
    i.timer_channel_output_config            0x08001d14   Section        0  gd32f30x_timer.o(i.timer_channel_output_config)
    i.timer_channel_output_mode_config       0x08001f00   Section        0  gd32f30x_timer.o(i.timer_channel_output_mode_config)
    i.timer_channel_output_pulse_value_config 0x08001f5a   Section        0  gd32f30x_timer.o(i.timer_channel_output_pulse_value_config)
    i.timer_channel_output_shadow_config     0x08001f80   Section        0  gd32f30x_timer.o(i.timer_channel_output_shadow_config)
    i.timer_channel_output_struct_para_init  0x08001fda   Section        0  gd32f30x_timer.o(i.timer_channel_output_struct_para_init)
    i.timer_counter_value_config             0x08001fea   Section        0  gd32f30x_timer.o(i.timer_counter_value_config)
    i.timer_deinit                           0x08001ff0   Section        0  gd32f30x_timer.o(i.timer_deinit)
    i.timer_enable                           0x080020cc   Section        0  gd32f30x_timer.o(i.timer_enable)
    i.timer_init                             0x080020d8   Section        0  gd32f30x_timer.o(i.timer_init)
    i.timer_input_capture_config             0x08002170   Section        0  gd32f30x_timer.o(i.timer_input_capture_config)
    i.timer_input_pwm_capture_config         0x080022b6   Section        0  gd32f30x_timer.o(i.timer_input_pwm_capture_config)
    i.timer_interrupt_enable                 0x0800241a   Section        0  gd32f30x_timer.o(i.timer_interrupt_enable)
    i.timer_interrupt_flag_clear             0x08002422   Section        0  gd32f30x_timer.o(i.timer_interrupt_flag_clear)
    i.timer_interrupt_flag_get               0x08002428   Section        0  gd32f30x_timer.o(i.timer_interrupt_flag_get)
    i.timer_primary_output_config            0x08002440   Section        0  gd32f30x_timer.o(i.timer_primary_output_config)
    i.timer_struct_para_init                 0x08002458   Section        0  gd32f30x_timer.o(i.timer_struct_para_init)
    i.timerinit                              0x08002470   Section        0  drv_pwm.o(i.timerinit)
    timerinit                                0x08002471   Thumb Code   124  drv_pwm.o(i.timerinit)
    i.timerinit                              0x080024f0   Section        0  drv_capture.o(i.timerinit)
    timerinit                                0x080024f1   Thumb Code   126  drv_capture.o(i.timerinit)
    i.uart_callback                          0x08002570   Section        0  drv_uart.o(i.uart_callback)
    i.uart_gpio_init                         0x0800257c   Section        0  drv_uart.o(i.uart_gpio_init)
    uart_gpio_init                           0x0800257d   Thumb Code    40  drv_uart.o(i.uart_gpio_init)
    i.uart_init                              0x080025a8   Section        0  drv_uart.o(i.uart_init)
    uart_init                                0x080025a9   Thumb Code   114  drv_uart.o(i.uart_init)
    i.uart_send_char                         0x08002620   Section        0  drv_uart.o(i.uart_send_char)
    i.usart_baudrate_set                     0x08002644   Section        0  gd32f30x_usart.o(i.usart_baudrate_set)
    i.usart_data_receive                     0x080026d4   Section        0  gd32f30x_usart.o(i.usart_data_receive)
    i.usart_data_transmit                    0x080026de   Section        0  gd32f30x_usart.o(i.usart_data_transmit)
    i.usart_deinit                           0x080026e8   Section        0  gd32f30x_usart.o(i.usart_deinit)
    i.usart_enable                           0x08002778   Section        0  gd32f30x_usart.o(i.usart_enable)
    i.usart_flag_get                         0x08002782   Section        0  gd32f30x_usart.o(i.usart_flag_get)
    i.usart_interrupt_enable                 0x080027a0   Section        0  gd32f30x_usart.o(i.usart_interrupt_enable)
    i.usart_interrupt_flag_clear             0x080027ba   Section        0  gd32f30x_usart.o(i.usart_interrupt_flag_clear)
    i.usart_interrupt_flag_get               0x080027cc   Section        0  gd32f30x_usart.o(i.usart_interrupt_flag_get)
    i.usart_parity_config                    0x08002804   Section        0  gd32f30x_usart.o(i.usart_parity_config)
    i.usart_receive_config                   0x08002814   Section        0  gd32f30x_usart.o(i.usart_receive_config)
    i.usart_stop_bit_set                     0x08002828   Section        0  gd32f30x_usart.o(i.usart_stop_bit_set)
    i.usart_transmit_config                  0x08002838   Section        0  gd32f30x_usart.o(i.usart_transmit_config)
    i.usart_word_length_set                  0x0800284c   Section        0  gd32f30x_usart.o(i.usart_word_length_set)
    .constdata                               0x0800285c   Section       36  drv_led.o(.constdata)
    g_gpio_list                              0x0800285c   Data          36  drv_led.o(.constdata)
    .constdata                               0x08002880   Section       48  drv_key.o(.constdata)
    g_gpio_list                              0x08002880   Data          48  drv_key.o(.constdata)
    .constdata                               0x080028b0   Section       24  drv_uart.o(.constdata)
    g_uart_hwinfo                            0x080028b0   Data          24  drv_uart.o(.constdata)
    .constdata                               0x080028c8   Section        8  drv_rtc.o(.constdata)
    .constdata                               0x080028d0   Section       12  mktime.o(.constdata)
    monlen                                   0x080028d0   Data          12  mktime.o(.constdata)
    .constdata                               0x080028dc   Section       12  localtime_i.o(.constdata)
    monlen                                   0x080028dc   Data          12  localtime_i.o(.constdata)
    .data                                    0x20000000   Section       12  sys_tick.o(.data)
    g_sys_tick_count                         0x20000000   Data           8  sys_tick.o(.data)
    .data                                    0x20000010   Section       96  task.o(.data)
    g_task_table                             0x20000010   Data          96  task.o(.data)
    .data                                    0x20000070   Section        6  app_uart.o(.data)
    st                                       0x20000070   Data           1  app_uart.o(.data)
    idx                                      0x20000071   Data           1  app_uart.o(.data)
    len                                      0x20000072   Data           1  app_uart.o(.data)
    need                                     0x20000073   Data           1  app_uart.o(.data)
    stream_len                               0x20000074   Data           2  app_uart.o(.data)
    .data                                    0x20000078   Section        4  drv_uart.o(.data)
    callback                                 0x20000078   Data           4  drv_uart.o(.data)
    .data                                    0x2000007c   Section        8  drv_capture.o(.data)
    g_period_us                              0x2000007c   Data           4  drv_capture.o(.data)
    g_pulse_us                               0x20000080   Data           4  drv_capture.o(.data)
    .data                                    0x20000084   Section        4  stdout.o(.data)
    .bss                                     0x20000088   Section      258  app_uart.o(.bss)
    g_rcv_queue                              0x20000088   Data          16  app_uart.o(.bss)
    g_rc_buf                                 0x20000098   Data          77  app_uart.o(.bss)
    frame                                    0x200000e5   Data          11  app_uart.o(.bss)
    stream                                   0x200000f0   Data         154  app_uart.o(.bss)
    .bss                                     0x20000190   Section       96  drv_key.o(.bss)
    g_key_info                               0x20000190   Data          96  drv_key.o(.bss)
    .bss                                     0x200001f0   Section       44  localtime_w.o(.bss)
    _tms                                     0x200001f0   Data          44  localtime_w.o(.bss)
    STACK                                    0x20000220   Section     1024  startup_gd32f30x_hd.o(STACK)

    Global Symbols

    Symbol Name                              Value     Ov Type        Size  Object(Section)

    BuildAttributes$$THM_ISAv4$E$P$D$K$B$S$7EM$VFPi3$EXTD16$VFPS$VFMA$PE$A:L22UL41UL21$X:L11$S22US41US21$IEEE1$IW$USESV6$~STKCKD$USESV7$~SHL$OSPACE$ROPI$EBA8$MICROLIB$REQ8$PRES8$EABIv2 0x00000000   Number         0  anon$$obj.o ABSOLUTE
    __ARM_use_no_argv                        0x00000000   Number         0  main.o ABSOLUTE
    _printf_a                                0x00000000   Number         0  stubs.o ABSOLUTE
    _printf_c                                0x00000000   Number         0  stubs.o ABSOLUTE
    _printf_charcount                        0x00000000   Number         0  stubs.o ABSOLUTE
    _printf_d                                0x00000000   Number         0  stubs.o ABSOLUTE
    _printf_e                                0x00000000   Number         0  stubs.o ABSOLUTE
    _printf_f                                0x00000000   Number         0  stubs.o ABSOLUTE
    _printf_flags                            0x00000000   Number         0  stubs.o ABSOLUTE
    _printf_fp_dec                           0x00000000   Number         0  stubs.o ABSOLUTE
    _printf_fp_hex                           0x00000000   Number         0  stubs.o ABSOLUTE
    _printf_g                                0x00000000   Number         0  stubs.o ABSOLUTE
    _printf_i                                0x00000000   Number         0  stubs.o ABSOLUTE
    _printf_int_dec                          0x00000000   Number         0  stubs.o ABSOLUTE
    _printf_l                                0x00000000   Number         0  stubs.o ABSOLUTE
    _printf_lc                               0x00000000   Number         0  stubs.o ABSOLUTE
    _printf_ll                               0x00000000   Number         0  stubs.o ABSOLUTE
    _printf_lld                              0x00000000   Number         0  stubs.o ABSOLUTE
    _printf_lli                              0x00000000   Number         0  stubs.o ABSOLUTE
    _printf_llo                              0x00000000   Number         0  stubs.o ABSOLUTE
    _printf_llu                              0x00000000   Number         0  stubs.o ABSOLUTE
    _printf_llx                              0x00000000   Number         0  stubs.o ABSOLUTE
    _printf_longlong_dec                     0x00000000   Number         0  stubs.o ABSOLUTE
    _printf_longlong_hex                     0x00000000   Number         0  stubs.o ABSOLUTE
    _printf_longlong_oct                     0x00000000   Number         0  stubs.o ABSOLUTE
    _printf_ls                               0x00000000   Number         0  stubs.o ABSOLUTE
    _printf_mbtowc                           0x00000000   Number         0  stubs.o ABSOLUTE
    _printf_n                                0x00000000   Number         0  stubs.o ABSOLUTE
    _printf_o                                0x00000000   Number         0  stubs.o ABSOLUTE
    _printf_p                                0x00000000   Number         0  stubs.o ABSOLUTE
    _printf_percent                          0x00000000   Number         0  stubs.o ABSOLUTE
    _printf_pre_padding                      0x00000000   Number         0  stubs.o ABSOLUTE
    _printf_return_value                     0x00000000   Number         0  stubs.o ABSOLUTE
    _printf_s                                0x00000000   Number         0  stubs.o ABSOLUTE
    _printf_sizespec                         0x00000000   Number         0  stubs.o ABSOLUTE
    _printf_str                              0x00000000   Number         0  stubs.o ABSOLUTE
    _printf_truncate_signed                  0x00000000   Number         0  stubs.o ABSOLUTE
    _printf_truncate_unsigned                0x00000000   Number         0  stubs.o ABSOLUTE
    _printf_u                                0x00000000   Number         0  stubs.o ABSOLUTE
    _printf_wc                               0x00000000   Number         0  stubs.o ABSOLUTE
    _printf_wctomb                           0x00000000   Number         0  stubs.o ABSOLUTE
    _printf_widthprec                        0x00000000   Number         0  stubs.o ABSOLUTE
    _printf_x                                0x00000000   Number         0  stubs.o ABSOLUTE
    __cpp_initialize__aeabi_                  - Undefined Weak Reference
    __cxa_finalize                            - Undefined Weak Reference
    __decompress                              - Undefined Weak Reference
    _clock_init                               - Undefined Weak Reference
    _microlib_exit                            - Undefined Weak Reference
    __Vectors_Size                           0x00000130   Number         0  startup_gd32f30x_hd.o ABSOLUTE
    __Vectors                                0x08000000   Data           4  startup_gd32f30x_hd.o(RESET)
    __Vectors_End                            0x08000130   Data           0  startup_gd32f30x_hd.o(RESET)
    __main                                   0x08000131   Thumb Code     0  entry.o(.ARM.Collect$$$$00000000)
    _main_stk                                0x08000131   Thumb Code     0  entry2.o(.ARM.Collect$$$$00000001)
    _main_scatterload                        0x08000135   Thumb Code     0  entry5.o(.ARM.Collect$$$$00000004)
    __main_after_scatterload                 0x08000139   Thumb Code     0  entry5.o(.ARM.Collect$$$$00000004)
    _main_clock                              0x08000139   Thumb Code     0  entry7b.o(.ARM.Collect$$$$00000008)
    _main_cpp_init                           0x08000139   Thumb Code     0  entry8b.o(.ARM.Collect$$$$0000000A)
    _main_init                               0x08000139   Thumb Code     0  entry9a.o(.ARM.Collect$$$$0000000B)
    __rt_final_cpp                           0x08000141   Thumb Code     0  entry10a.o(.ARM.Collect$$$$0000000D)
    __rt_final_exit                          0x08000141   Thumb Code     0  entry11a.o(.ARM.Collect$$$$0000000F)
    Reset_Handler                            0x08000145   Thumb Code     8  startup_gd32f30x_hd.o(.text)
    NMI_Handler                              0x0800014d   Thumb Code     2  startup_gd32f30x_hd.o(.text)
    HardFault_Handler                        0x0800014f   Thumb Code     2  startup_gd32f30x_hd.o(.text)
    MemManage_Handler                        0x08000151   Thumb Code     2  startup_gd32f30x_hd.o(.text)
    BusFault_Handler                         0x08000153   Thumb Code     2  startup_gd32f30x_hd.o(.text)
    UsageFault_Handler                       0x08000155   Thumb Code     2  startup_gd32f30x_hd.o(.text)
    SVC_Handler                              0x08000157   Thumb Code     2  startup_gd32f30x_hd.o(.text)
    DebugMon_Handler                         0x08000159   Thumb Code     2  startup_gd32f30x_hd.o(.text)
    PendSV_Handler                           0x0800015b   Thumb Code     2  startup_gd32f30x_hd.o(.text)
    ADC0_1_IRQHandler                        0x0800015f   Thumb Code     0  startup_gd32f30x_hd.o(.text)
    ADC2_IRQHandler                          0x0800015f   Thumb Code     0  startup_gd32f30x_hd.o(.text)
    CAN0_EWMC_IRQHandler                     0x0800015f   Thumb Code     0  startup_gd32f30x_hd.o(.text)
    CAN0_RX1_IRQHandler                      0x0800015f   Thumb Code     0  startup_gd32f30x_hd.o(.text)
    DMA0_Channel0_IRQHandler                 0x0800015f   Thumb Code     0  startup_gd32f30x_hd.o(.text)
    DMA0_Channel1_IRQHandler                 0x0800015f   Thumb Code     0  startup_gd32f30x_hd.o(.text)
    DMA0_Channel2_IRQHandler                 0x0800015f   Thumb Code     0  startup_gd32f30x_hd.o(.text)
    DMA0_Channel3_IRQHandler                 0x0800015f   Thumb Code     0  startup_gd32f30x_hd.o(.text)
    DMA0_Channel4_IRQHandler                 0x0800015f   Thumb Code     0  startup_gd32f30x_hd.o(.text)
    DMA0_Channel5_IRQHandler                 0x0800015f   Thumb Code     0  startup_gd32f30x_hd.o(.text)
    DMA0_Channel6_IRQHandler                 0x0800015f   Thumb Code     0  startup_gd32f30x_hd.o(.text)
    DMA1_Channel0_IRQHandler                 0x0800015f   Thumb Code     0  startup_gd32f30x_hd.o(.text)
    DMA1_Channel1_IRQHandler                 0x0800015f   Thumb Code     0  startup_gd32f30x_hd.o(.text)
    DMA1_Channel2_IRQHandler                 0x0800015f   Thumb Code     0  startup_gd32f30x_hd.o(.text)
    DMA1_Channel3_4_IRQHandler               0x0800015f   Thumb Code     0  startup_gd32f30x_hd.o(.text)
    EXMC_IRQHandler                          0x0800015f   Thumb Code     0  startup_gd32f30x_hd.o(.text)
    EXTI0_IRQHandler                         0x0800015f   Thumb Code     0  startup_gd32f30x_hd.o(.text)
    EXTI10_15_IRQHandler                     0x0800015f   Thumb Code     0  startup_gd32f30x_hd.o(.text)
    EXTI1_IRQHandler                         0x0800015f   Thumb Code     0  startup_gd32f30x_hd.o(.text)
    EXTI2_IRQHandler                         0x0800015f   Thumb Code     0  startup_gd32f30x_hd.o(.text)
    EXTI3_IRQHandler                         0x0800015f   Thumb Code     0  startup_gd32f30x_hd.o(.text)
    EXTI4_IRQHandler                         0x0800015f   Thumb Code     0  startup_gd32f30x_hd.o(.text)
    EXTI5_9_IRQHandler                       0x0800015f   Thumb Code     0  startup_gd32f30x_hd.o(.text)
    FMC_IRQHandler                           0x0800015f   Thumb Code     0  startup_gd32f30x_hd.o(.text)
    I2C0_ER_IRQHandler                       0x0800015f   Thumb Code     0  startup_gd32f30x_hd.o(.text)
    I2C0_EV_IRQHandler                       0x0800015f   Thumb Code     0  startup_gd32f30x_hd.o(.text)
    I2C1_ER_IRQHandler                       0x0800015f   Thumb Code     0  startup_gd32f30x_hd.o(.text)
    I2C1_EV_IRQHandler                       0x0800015f   Thumb Code     0  startup_gd32f30x_hd.o(.text)
    LVD_IRQHandler                           0x0800015f   Thumb Code     0  startup_gd32f30x_hd.o(.text)
    RCU_CTC_IRQHandler                       0x0800015f   Thumb Code     0  startup_gd32f30x_hd.o(.text)
    RTC_Alarm_IRQHandler                     0x0800015f   Thumb Code     0  startup_gd32f30x_hd.o(.text)
    RTC_IRQHandler                           0x0800015f   Thumb Code     0  startup_gd32f30x_hd.o(.text)
    SDIO_IRQHandler                          0x0800015f   Thumb Code     0  startup_gd32f30x_hd.o(.text)
    SPI0_IRQHandler                          0x0800015f   Thumb Code     0  startup_gd32f30x_hd.o(.text)
    SPI1_IRQHandler                          0x0800015f   Thumb Code     0  startup_gd32f30x_hd.o(.text)
    SPI2_IRQHandler                          0x0800015f   Thumb Code     0  startup_gd32f30x_hd.o(.text)
    TAMPER_IRQHandler                        0x0800015f   Thumb Code     0  startup_gd32f30x_hd.o(.text)
    TIMER0_BRK_IRQHandler                    0x0800015f   Thumb Code     0  startup_gd32f30x_hd.o(.text)
    TIMER0_Channel_IRQHandler                0x0800015f   Thumb Code     0  startup_gd32f30x_hd.o(.text)
    TIMER0_TRG_CMT_IRQHandler                0x0800015f   Thumb Code     0  startup_gd32f30x_hd.o(.text)
    TIMER0_UP_IRQHandler                     0x0800015f   Thumb Code     0  startup_gd32f30x_hd.o(.text)
    TIMER2_IRQHandler                        0x0800015f   Thumb Code     0  startup_gd32f30x_hd.o(.text)
    TIMER3_IRQHandler                        0x0800015f   Thumb Code     0  startup_gd32f30x_hd.o(.text)
    TIMER4_IRQHandler                        0x0800015f   Thumb Code     0  startup_gd32f30x_hd.o(.text)
    TIMER5_IRQHandler                        0x0800015f   Thumb Code     0  startup_gd32f30x_hd.o(.text)
    TIMER6_IRQHandler                        0x0800015f   Thumb Code     0  startup_gd32f30x_hd.o(.text)
    TIMER7_BRK_IRQHandler                    0x0800015f   Thumb Code     0  startup_gd32f30x_hd.o(.text)
    TIMER7_Channel_IRQHandler                0x0800015f   Thumb Code     0  startup_gd32f30x_hd.o(.text)
    TIMER7_TRG_CMT_IRQHandler                0x0800015f   Thumb Code     0  startup_gd32f30x_hd.o(.text)
    TIMER7_UP_IRQHandler                     0x0800015f   Thumb Code     0  startup_gd32f30x_hd.o(.text)
    UART3_IRQHandler                         0x0800015f   Thumb Code     0  startup_gd32f30x_hd.o(.text)
    UART4_IRQHandler                         0x0800015f   Thumb Code     0  startup_gd32f30x_hd.o(.text)
    USART1_IRQHandler                        0x0800015f   Thumb Code     0  startup_gd32f30x_hd.o(.text)
    USART2_IRQHandler                        0x0800015f   Thumb Code     0  startup_gd32f30x_hd.o(.text)
    USBD_HP_CAN0_TX_IRQHandler               0x0800015f   Thumb Code     0  startup_gd32f30x_hd.o(.text)
    USBD_LP_CAN0_RX0_IRQHandler              0x0800015f   Thumb Code     0  startup_gd32f30x_hd.o(.text)
    USBD_WKUP_IRQHandler                     0x0800015f   Thumb Code     0  startup_gd32f30x_hd.o(.text)
    WWDGT_IRQHandler                         0x0800015f   Thumb Code     0  startup_gd32f30x_hd.o(.text)
    mktime                                   0x08000169   Thumb Code   150  mktime.o(.text)
    __aeabi_memset                           0x08000211   Thumb Code    14  memseta.o(.text)
    __aeabi_memset4                          0x08000211   Thumb Code     0  memseta.o(.text)
    __aeabi_memset8                          0x08000211   Thumb Code     0  memseta.o(.text)
    __aeabi_memclr                           0x0800021f   Thumb Code     4  memseta.o(.text)
    __aeabi_memclr4                          0x0800021f   Thumb Code     0  memseta.o(.text)
    __aeabi_memclr8                          0x0800021f   Thumb Code     0  memseta.o(.text)
    _memset$wrapper                          0x08000223   Thumb Code    18  memseta.o(.text)
    __aeabi_uldivmod                         0x08000235   Thumb Code    98  uldiv.o(.text)
    localtime                                0x08000299   Thumb Code     6  localtime_w.o(.text)
    _localtime                               0x080002a5   Thumb Code   134  localtime_i.o(.text)
    __scatterload                            0x08000331   Thumb Code    28  init.o(.text)
    __scatterload_rt2                        0x08000331   Thumb Code     0  init.o(.text)
    __aeabi_llsl                             0x08000355   Thumb Code    30  llshl.o(.text)
    _ll_shift_l                              0x08000355   Thumb Code     0  llshl.o(.text)
    __aeabi_llsr                             0x08000373   Thumb Code    32  llushr.o(.text)
    _ll_ushift_r                             0x08000373   Thumb Code     0  llushr.o(.text)
    QueueInit                                0x080003d1   Thumb Code    12  queue.o(i.QueueInit)
    QueuePop                                 0x080003dd   Thumb Code    44  queue.o(i.QueuePop)
    QueuePush                                0x08000409   Thumb Code    40  queue.o(i.QueuePush)
    SysTick_Handler                          0x08000431   Thumb Code    30  sys_tick.o(i.SysTick_Handler)
    SystemInit                               0x08000459   Thumb Code   156  system_gd32f30x.o(i.SystemInit)
    TIMER1_IRQHandler                        0x08000501   Thumb Code    62  drv_capture.o(i.TIMER1_IRQHandler)
    USART0_IRQHandler                        0x08000549   Thumb Code    52  drv_uart.o(i.USART0_IRQHandler)
    __0printf$8                              0x08000589   Thumb Code    22  printf8.o(i.__0printf$8)
    __1printf$8                              0x08000589   Thumb Code     0  printf8.o(i.__0printf$8)
    __2printf                                0x08000589   Thumb Code     0  printf8.o(i.__0printf$8)
    __scatterload_copy                       0x080005a9   Thumb Code    14  handlers.o(i.__scatterload_copy)
    __scatterload_null                       0x080005b7   Thumb Code     2  handlers.o(i.__scatterload_null)
    __scatterload_zeroinit                   0x080005b9   Thumb Code    14  handlers.o(i.__scatterload_zeroinit)
    app_key_task                             0x08000a35   Thumb Code   198  app_key.o(i.app_key_task)
    app_uart_init                            0x08000c71   Thumb Code    20  app_uart.o(i.app_uart_init)
    app_uart_task                            0x08000c91   Thumb Code   388  app_uart.o(i.app_uart_task)
    bkp_deinit                               0x08000e39   Thumb Code    12  gd32f30x_bkp.o(i.bkp_deinit)
    bkp_read_data                            0x08000e45   Thumb Code    50  gd32f30x_bkp.o(i.bkp_read_data)
    bkp_write_data                           0x08000e7d   Thumb Code    46  gd32f30x_bkp.o(i.bkp_write_data)
    delay_init                               0x08000ee5   Thumb Code    50  delay.o(i.delay_init)
    drv_capture_init                         0x08000f21   Thumb Code    12  drv_capture.o(i.drv_capture_init)
    drv_get_key_val                          0x08000f2d   Thumb Code    34  drv_key.o(i.drv_get_key_val)
    drv_get_rtc_time                         0x08000f4f   Thumb Code    58  drv_rtc.o(i.drv_get_rtc_time)
    drv_key_init                             0x08000fa9   Thumb Code     8  drv_key.o(i.drv_key_init)
    drv_led_init                             0x08000fb1   Thumb Code    86  drv_led.o(i.drv_led_init)
    drv_led_off                              0x0800100d   Thumb Code    40  drv_led.o(i.drv_led_off)
    drv_led_on                               0x08001039   Thumb Code    40  drv_led.o(i.drv_led_on)
    drv_pwm_init                             0x08001065   Thumb Code    12  drv_pwm.o(i.drv_pwm_init)
    drv_rtc_init                             0x08001071   Thumb Code   150  drv_rtc.o(i.drv_rtc_init)
    drv_set_rtc_time                         0x0800110d   Thumb Code    70  drv_rtc.o(i.drv_set_rtc_time)
    drv_uart_init                            0x08001153   Thumb Code    16  drv_uart.o(i.drv_uart_init)
    fputc                                    0x08001163   Thumb Code    16  drv_uart.o(i.fputc)
    gpio_bit_reset                           0x08001173   Thumb Code     4  gd32f30x_gpio.o(i.gpio_bit_reset)
    gpio_bit_set                             0x08001177   Thumb Code     4  gd32f30x_gpio.o(i.gpio_bit_set)
    gpio_init                                0x0800117b   Thumb Code   188  gd32f30x_gpio.o(i.gpio_init)
    gpio_input_bit_get                       0x08001237   Thumb Code    16  gd32f30x_gpio.o(i.gpio_input_bit_get)
    main                                     0x0800149d   Thumb Code    24  main.o(i.main)
    nvic_irq_enable                          0x080014b5   Thumb Code   186  gd32f30x_misc.o(i.nvic_irq_enable)
    nvic_priority_group_set                  0x08001579   Thumb Code    10  gd32f30x_misc.o(i.nvic_priority_group_set)
    pmu_backup_write_enable                  0x0800158d   Thumb Code    14  gd32f30x_pmu.o(i.pmu_backup_write_enable)
    rcu_bkp_reset_disable                    0x080015b5   Thumb Code    14  gd32f30x_rcu.o(i.rcu_bkp_reset_disable)
    rcu_bkp_reset_enable                     0x080015c9   Thumb Code    14  gd32f30x_rcu.o(i.rcu_bkp_reset_enable)
    rcu_clock_freq_get                       0x080015dd   Thumb Code   310  gd32f30x_rcu.o(i.rcu_clock_freq_get)
    rcu_flag_get                             0x08001735   Thumb Code    30  gd32f30x_rcu.o(i.rcu_flag_get)
    rcu_osci_on                              0x08001759   Thumb Code    28  gd32f30x_rcu.o(i.rcu_osci_on)
    rcu_osci_stab_wait                       0x08001779   Thumb Code   268  gd32f30x_rcu.o(i.rcu_osci_stab_wait)
    rcu_periph_clock_enable                  0x08001889   Thumb Code    28  gd32f30x_rcu.o(i.rcu_periph_clock_enable)
    rcu_periph_reset_disable                 0x080018a9   Thumb Code    28  gd32f30x_rcu.o(i.rcu_periph_reset_disable)
    rcu_periph_reset_enable                  0x080018c9   Thumb Code    28  gd32f30x_rcu.o(i.rcu_periph_reset_enable)
    rcu_rtc_clock_config                     0x080018e9   Thumb Code    18  gd32f30x_rcu.o(i.rcu_rtc_clock_config)
    rtc_configuration_mode_enter             0x08001901   Thumb Code    14  gd32f30x_rtc.o(i.rtc_configuration_mode_enter)
    rtc_configuration_mode_exit              0x08001915   Thumb Code    14  gd32f30x_rtc.o(i.rtc_configuration_mode_exit)
    rtc_counter_get                          0x08001929   Thumb Code    16  gd32f30x_rtc.o(i.rtc_counter_get)
    rtc_counter_set                          0x0800193d   Thumb Code    26  gd32f30x_rtc.o(i.rtc_counter_set)
    rtc_lwoff_wait                           0x0800195d   Thumb Code    16  gd32f30x_rtc.o(i.rtc_lwoff_wait)
    rtc_prescaler_set                        0x08001971   Thumb Code    28  gd32f30x_rtc.o(i.rtc_prescaler_set)
    rtc_register_sync_wait                   0x08001991   Thumb Code    28  gd32f30x_rtc.o(i.rtc_register_sync_wait)
    rtc_task                                 0x080019b1   Thumb Code    50  app_key.o(i.rtc_task)
    sys_callback                             0x08001a05   Thumb Code     6  sys_tick.o(i.sys_callback)
    sys_tick_get_runtime                     0x08001a1d   Thumb Code     8  sys_tick.o(i.sys_tick_get_runtime)
    sys_tick_init                            0x08001a29   Thumb Code    92  sys_tick.o(i.sys_tick_init)
    task_init                                0x08001ba9   Thumb Code    10  task.o(i.task_init)
    task_loop                                0x08001bb9   Thumb Code    56  task.o(i.task_loop)
    timer_channel_capture_value_register_read 0x08001c81   Thumb Code    42  gd32f30x_timer.o(i.timer_channel_capture_value_register_read)
    timer_channel_input_capture_prescaler_config 0x08001cab   Thumb Code    90  gd32f30x_timer.o(i.timer_channel_input_capture_prescaler_config)
    timer_channel_input_struct_para_init     0x08001d05   Thumb Code    16  gd32f30x_timer.o(i.timer_channel_input_struct_para_init)
    timer_channel_output_config              0x08001d15   Thumb Code   484  gd32f30x_timer.o(i.timer_channel_output_config)
    timer_channel_output_mode_config         0x08001f01   Thumb Code    90  gd32f30x_timer.o(i.timer_channel_output_mode_config)
    timer_channel_output_pulse_value_config  0x08001f5b   Thumb Code    38  gd32f30x_timer.o(i.timer_channel_output_pulse_value_config)
    timer_channel_output_shadow_config       0x08001f81   Thumb Code    90  gd32f30x_timer.o(i.timer_channel_output_shadow_config)
    timer_channel_output_struct_para_init    0x08001fdb   Thumb Code    16  gd32f30x_timer.o(i.timer_channel_output_struct_para_init)
    timer_counter_value_config               0x08001feb   Thumb Code     4  gd32f30x_timer.o(i.timer_counter_value_config)
    timer_deinit                             0x08001ff1   Thumb Code   210  gd32f30x_timer.o(i.timer_deinit)
    timer_enable                             0x080020cd   Thumb Code    10  gd32f30x_timer.o(i.timer_enable)
    timer_init                               0x080020d9   Thumb Code   122  gd32f30x_timer.o(i.timer_init)
    timer_input_capture_config               0x08002171   Thumb Code   326  gd32f30x_timer.o(i.timer_input_capture_config)
    timer_input_pwm_capture_config           0x080022b7   Thumb Code   356  gd32f30x_timer.o(i.timer_input_pwm_capture_config)
    timer_interrupt_enable                   0x0800241b   Thumb Code     8  gd32f30x_timer.o(i.timer_interrupt_enable)
    timer_interrupt_flag_clear               0x08002423   Thumb Code     6  gd32f30x_timer.o(i.timer_interrupt_flag_clear)
    timer_interrupt_flag_get                 0x08002429   Thumb Code    24  gd32f30x_timer.o(i.timer_interrupt_flag_get)
    timer_primary_output_config              0x08002441   Thumb Code    24  gd32f30x_timer.o(i.timer_primary_output_config)
    timer_struct_para_init                   0x08002459   Thumb Code    22  gd32f30x_timer.o(i.timer_struct_para_init)
    uart_callback                            0x08002571   Thumb Code     6  drv_uart.o(i.uart_callback)
    uart_send_char                           0x08002621   Thumb Code    32  drv_uart.o(i.uart_send_char)
    usart_baudrate_set                       0x08002645   Thumb Code   136  gd32f30x_usart.o(i.usart_baudrate_set)
    usart_data_receive                       0x080026d5   Thumb Code    10  gd32f30x_usart.o(i.usart_data_receive)
    usart_data_transmit                      0x080026df   Thumb Code     8  gd32f30x_usart.o(i.usart_data_transmit)
    usart_deinit                             0x080026e9   Thumb Code   136  gd32f30x_usart.o(i.usart_deinit)
    usart_enable                             0x08002779   Thumb Code    10  gd32f30x_usart.o(i.usart_enable)
    usart_flag_get                           0x08002783   Thumb Code    30  gd32f30x_usart.o(i.usart_flag_get)
    usart_interrupt_enable                   0x080027a1   Thumb Code    26  gd32f30x_usart.o(i.usart_interrupt_enable)
    usart_interrupt_flag_clear               0x080027bb   Thumb Code    18  gd32f30x_usart.o(i.usart_interrupt_flag_clear)
    usart_interrupt_flag_get                 0x080027cd   Thumb Code    56  gd32f30x_usart.o(i.usart_interrupt_flag_get)
    usart_parity_config                      0x08002805   Thumb Code    16  gd32f30x_usart.o(i.usart_parity_config)
    usart_receive_config                     0x08002815   Thumb Code    20  gd32f30x_usart.o(i.usart_receive_config)
    usart_stop_bit_set                       0x08002829   Thumb Code    16  gd32f30x_usart.o(i.usart_stop_bit_set)
    usart_transmit_config                    0x08002839   Thumb Code    20  gd32f30x_usart.o(i.usart_transmit_config)
    usart_word_length_set                    0x0800284d   Thumb Code    16  gd32f30x_usart.o(i.usart_word_length_set)
    Region$$Table$$Base                      0x080028e8   Number         0  anon$$obj.o(Region$$Table)
    Region$$Table$$Limit                     0x08002908   Number         0  anon$$obj.o(Region$$Table)
    psys_callback                            0x20000008   Data           4  sys_tick.o(.data)
    __stdout                                 0x20000084   Data           4  stdout.o(.data)
    __initial_sp                             0x20000620   Data           0  startup_gd32f30x_hd.o(STACK)



==============================================================================

Memory Map of the image

  Image Entry point : 0x08000131

  Load Region LR_IROM1 (Base: 0x08000000, Size: 0x00002990, Max: 0x00080000, ABSOLUTE)

    Execution Region ER_IROM1 (Exec base: 0x08000000, Load base: 0x08000000, Size: 0x00002908, Max: 0x00080000, ABSOLUTE)

    Exec Addr    Load Addr    Size         Type   Attr      Idx    E Section Name        Object

    0x08000000   0x08000000   0x00000130   Data   RO            3    RESET               startup_gd32f30x_hd.o
    0x08000130   0x08000130   0x00000000   Code   RO         4624  * .ARM.Collect$$$$00000000  mc_w.l(entry.o)
    0x08000130   0x08000130   0x00000004   Code   RO         4901    .ARM.Collect$$$$00000001  mc_w.l(entry2.o)
    0x08000134   0x08000134   0x00000004   Code   RO         4904    .ARM.Collect$$$$00000004  mc_w.l(entry5.o)
    0x08000138   0x08000138   0x00000000   Code   RO         4906    .ARM.Collect$$$$00000008  mc_w.l(entry7b.o)
    0x08000138   0x08000138   0x00000000   Code   RO         4908    .ARM.Collect$$$$0000000A  mc_w.l(entry8b.o)
    0x08000138   0x08000138   0x00000008   Code   RO         4909    .ARM.Collect$$$$0000000B  mc_w.l(entry9a.o)
    0x08000140   0x08000140   0x00000000   Code   RO         4911    .ARM.Collect$$$$0000000D  mc_w.l(entry10a.o)
    0x08000140   0x08000140   0x00000000   Code   RO         4913    .ARM.Collect$$$$0000000F  mc_w.l(entry11a.o)
    0x08000140   0x08000140   0x00000004   Code   RO         4902    .ARM.Collect$$$$00002712  mc_w.l(entry2.o)
    0x08000144   0x08000144   0x00000024   Code   RO            4    .text               startup_gd32f30x_hd.o
    0x08000168   0x08000168   0x000000a8   Code   RO         4631    .text               mc_w.l(mktime.o)
    0x08000210   0x08000210   0x00000024   Code   RO         4636    .text               mc_w.l(memseta.o)
    0x08000234   0x08000234   0x00000062   Code   RO         4918    .text               mc_w.l(uldiv.o)
    0x08000296   0x08000296   0x00000002   PAD
    0x08000298   0x08000298   0x0000000c   Code   RO         4920    .text               mc_w.l(localtime_w.o)
    0x080002a4   0x080002a4   0x0000008c   Code   RO         4923    .text               mc_w.l(localtime_i.o)
    0x08000330   0x08000330   0x00000024   Code   RO         4937    .text               mc_w.l(init.o)
    0x08000354   0x08000354   0x0000001e   Code   RO         4939    .text               mc_w.l(llshl.o)
    0x08000372   0x08000372   0x00000020   Code   RO         4941    .text               mc_w.l(llushr.o)
    0x08000392   0x08000392   0x00000002   PAD
    0x08000394   0x08000394   0x00000020   Code   RO          610    i.GPIO_Init         drv_pwm.o
    0x080003b4   0x080003b4   0x0000001c   Code   RO          646    i.GPIO_Init         drv_capture.o
    0x080003d0   0x080003d0   0x0000000c   Code   RO          567    i.QueueInit         queue.o
    0x080003dc   0x080003dc   0x0000002c   Code   RO          568    i.QueuePop          queue.o
    0x08000408   0x08000408   0x00000028   Code   RO          570    i.QueuePush         queue.o
    0x08000430   0x08000430   0x00000028   Code   RO          198    i.SysTick_Handler   sys_tick.o
    0x08000458   0x08000458   0x000000a8   Code   RO           13    i.SystemInit        system_gd32f30x.o
    0x08000500   0x08000500   0x00000048   Code   RO          647    i.TIMER1_IRQHandler  drv_capture.o
    0x08000548   0x08000548   0x00000040   Code   RO          505    i.USART0_IRQHandler  drv_uart.o
    0x08000588   0x08000588   0x00000020   Code   RO         4847    i.__0printf$8       mc_w.l(printf8.o)
    0x080005a8   0x080005a8   0x0000000e   Code   RO         4949    i.__scatterload_copy  mc_w.l(handlers.o)
    0x080005b6   0x080005b6   0x00000002   Code   RO         4950    i.__scatterload_null  mc_w.l(handlers.o)
    0x080005b8   0x080005b8   0x0000000e   Code   RO         4951    i.__scatterload_zeroinit  mc_w.l(handlers.o)
    0x080005c6   0x080005c6   0x00000002   PAD
    0x080005c8   0x080005c8   0x00000410   Code   RO         4854    i._printf_core      mc_w.l(printf8.o)
    0x080009d8   0x080009d8   0x00000024   Code   RO         4855    i._printf_post_padding  mc_w.l(printf8.o)
    0x080009fc   0x080009fc   0x0000002e   Code   RO         4856    i._printf_pre_padding  mc_w.l(printf8.o)
    0x08000a2a   0x08000a2a   0x00000008   Code   RO          246    i.app_init          main.o
    0x08000a32   0x08000a32   0x00000002   PAD
    0x08000a34   0x08000a34   0x0000023c   Code   RO          400    i.app_key_task      app_key.o
    0x08000c70   0x08000c70   0x00000020   Code   RO          347    i.app_uart_init     app_uart.o
    0x08000c90   0x08000c90   0x000001a8   Code   RO          348    i.app_uart_task     app_uart.o
    0x08000e38   0x08000e38   0x0000000c   Code   RO          953    i.bkp_deinit        gd32f30x_bkp.o
    0x08000e44   0x08000e44   0x00000038   Code   RO          958    i.bkp_read_data     gd32f30x_bkp.o
    0x08000e7c   0x08000e7c   0x00000034   Code   RO          972    i.bkp_write_data    gd32f30x_bkp.o
    0x08000eb0   0x08000eb0   0x0000001a   Code   RO          350    i.cal_xor_sum       app_uart.o
    0x08000eca   0x08000eca   0x00000018   Code   RO          351    i.ctrl_led          app_uart.o
    0x08000ee2   0x08000ee2   0x00000002   PAD
    0x08000ee4   0x08000ee4   0x0000003c   Code   RO          149    i.delay_init        delay.o
    0x08000f20   0x08000f20   0x0000000c   Code   RO          649    i.drv_capture_init  drv_capture.o
    0x08000f2c   0x08000f2c   0x00000022   Code   RO          466    i.drv_get_key_val   drv_key.o
    0x08000f4e   0x08000f4e   0x0000003a   Code   RO          690    i.drv_get_rtc_time  drv_rtc.o
    0x08000f88   0x08000f88   0x00000020   Code   RO          247    i.drv_init          main.o
    0x08000fa8   0x08000fa8   0x00000008   Code   RO          467    i.drv_key_init      drv_key.o
    0x08000fb0   0x08000fb0   0x0000005c   Code   RO          426    i.drv_led_init      drv_led.o
    0x0800100c   0x0800100c   0x0000002c   Code   RO          427    i.drv_led_off       drv_led.o
    0x08001038   0x08001038   0x0000002c   Code   RO          428    i.drv_led_on        drv_led.o
    0x08001064   0x08001064   0x0000000c   Code   RO          611    i.drv_pwm_init      drv_pwm.o
    0x08001070   0x08001070   0x0000009c   Code   RO          691    i.drv_rtc_init      drv_rtc.o
    0x0800110c   0x0800110c   0x00000046   Code   RO          692    i.drv_set_rtc_time  drv_rtc.o
    0x08001152   0x08001152   0x00000010   Code   RO          506    i.drv_uart_init     drv_uart.o
    0x08001162   0x08001162   0x00000010   Code   RO          507    i.fputc             drv_uart.o
    0x08001172   0x08001172   0x00000004   Code   RO         2408    i.gpio_bit_reset    gd32f30x_gpio.o
    0x08001176   0x08001176   0x00000004   Code   RO         2409    i.gpio_bit_set      gd32f30x_gpio.o
    0x0800117a   0x0800117a   0x000000bc   Code   RO         2418    i.gpio_init         gd32f30x_gpio.o
    0x08001236   0x08001236   0x00000010   Code   RO         2419    i.gpio_input_bit_get  gd32f30x_gpio.o
    0x08001246   0x08001246   0x00000002   PAD
    0x08001248   0x08001248   0x00000040   Code   RO          468    i.key_gpio_init     drv_key.o
    0x08001288   0x08001288   0x00000214   Code   RO          469    i.key_scan          drv_key.o
    0x0800149c   0x0800149c   0x00000018   Code   RO          248    i.main              main.o
    0x080014b4   0x080014b4   0x000000c4   Code   RO         2736    i.nvic_irq_enable   gd32f30x_misc.o
    0x08001578   0x08001578   0x00000014   Code   RO         2737    i.nvic_priority_group_set  gd32f30x_misc.o
    0x0800158c   0x0800158c   0x00000014   Code   RO         2792    i.pmu_backup_write_enable  gd32f30x_pmu.o
    0x080015a0   0x080015a0   0x00000014   Code   RO          352    i.pro_uart_data     app_uart.o
    0x080015b4   0x080015b4   0x00000014   Code   RO         2931    i.rcu_bkp_reset_disable  gd32f30x_rcu.o
    0x080015c8   0x080015c8   0x00000014   Code   RO         2932    i.rcu_bkp_reset_enable  gd32f30x_rcu.o
    0x080015dc   0x080015dc   0x00000158   Code   RO         2935    i.rcu_clock_freq_get  gd32f30x_rcu.o
    0x08001734   0x08001734   0x00000024   Code   RO         2938    i.rcu_flag_get      gd32f30x_rcu.o
    0x08001758   0x08001758   0x00000020   Code   RO         2950    i.rcu_osci_on       gd32f30x_rcu.o
    0x08001778   0x08001778   0x00000110   Code   RO         2951    i.rcu_osci_stab_wait  gd32f30x_rcu.o
    0x08001888   0x08001888   0x00000020   Code   RO         2953    i.rcu_periph_clock_enable  gd32f30x_rcu.o
    0x080018a8   0x080018a8   0x00000020   Code   RO         2956    i.rcu_periph_reset_disable  gd32f30x_rcu.o
    0x080018c8   0x080018c8   0x00000020   Code   RO         2957    i.rcu_periph_reset_enable  gd32f30x_rcu.o
    0x080018e8   0x080018e8   0x00000018   Code   RO         2961    i.rcu_rtc_clock_config  gd32f30x_rcu.o
    0x08001900   0x08001900   0x00000014   Code   RO         3175    i.rtc_configuration_mode_enter  gd32f30x_rtc.o
    0x08001914   0x08001914   0x00000014   Code   RO         3176    i.rtc_configuration_mode_exit  gd32f30x_rtc.o
    0x08001928   0x08001928   0x00000014   Code   RO         3177    i.rtc_counter_get   gd32f30x_rtc.o
    0x0800193c   0x0800193c   0x00000020   Code   RO         3178    i.rtc_counter_set   gd32f30x_rtc.o
    0x0800195c   0x0800195c   0x00000014   Code   RO         3184    i.rtc_lwoff_wait    gd32f30x_rtc.o
    0x08001970   0x08001970   0x00000020   Code   RO         3185    i.rtc_prescaler_set  gd32f30x_rtc.o
    0x08001990   0x08001990   0x00000020   Code   RO         3186    i.rtc_register_sync_wait  gd32f30x_rtc.o
    0x080019b0   0x080019b0   0x00000054   Code   RO          401    i.rtc_task          app_key.o
    0x08001a04   0x08001a04   0x0000000c   Code   RO          199    i.sys_callback      sys_tick.o
    0x08001a10   0x08001a10   0x0000000c   Code   RO          249    i.sys_init          main.o
    0x08001a1c   0x08001a1c   0x0000000c   Code   RO          200    i.sys_tick_get_runtime  sys_tick.o
    0x08001a28   0x08001a28   0x00000064   Code   RO          201    i.sys_tick_init     sys_tick.o
    0x08001a8c   0x08001a8c   0x00000114   Code   RO           14    i.system_clock_120m_hxtal  system_gd32f30x.o
    0x08001ba0   0x08001ba0   0x00000008   Code   RO           15    i.system_clock_config  system_gd32f30x.o
    0x08001ba8   0x08001ba8   0x00000010   Code   RO          311    i.task_init         task.o
    0x08001bb8   0x08001bb8   0x0000003c   Code   RO          312    i.task_loop         task.o
    0x08001bf4   0x08001bf4   0x0000008c   Code   RO          313    i.task_tick_hook    task.o
    0x08001c80   0x08001c80   0x0000002a   Code   RO         3825    i.timer_channel_capture_value_register_read  gd32f30x_timer.o
    0x08001caa   0x08001caa   0x0000005a   Code   RO         3831    i.timer_channel_input_capture_prescaler_config  gd32f30x_timer.o
    0x08001d04   0x08001d04   0x00000010   Code   RO         3832    i.timer_channel_input_struct_para_init  gd32f30x_timer.o
    0x08001d14   0x08001d14   0x000001ec   Code   RO         3834    i.timer_channel_output_config  gd32f30x_timer.o
    0x08001f00   0x08001f00   0x0000005a   Code   RO         3836    i.timer_channel_output_mode_config  gd32f30x_timer.o
    0x08001f5a   0x08001f5a   0x00000026   Code   RO         3838    i.timer_channel_output_pulse_value_config  gd32f30x_timer.o
    0x08001f80   0x08001f80   0x0000005a   Code   RO         3839    i.timer_channel_output_shadow_config  gd32f30x_timer.o
    0x08001fda   0x08001fda   0x00000010   Code   RO         3841    i.timer_channel_output_struct_para_init  gd32f30x_timer.o
    0x08001fea   0x08001fea   0x00000004   Code   RO         3846    i.timer_counter_value_config  gd32f30x_timer.o
    0x08001fee   0x08001fee   0x00000002   PAD
    0x08001ff0   0x08001ff0   0x000000dc   Code   RO         3847    i.timer_deinit      gd32f30x_timer.o
    0x080020cc   0x080020cc   0x0000000a   Code   RO         3852    i.timer_enable      gd32f30x_timer.o
    0x080020d6   0x080020d6   0x00000002   PAD
    0x080020d8   0x080020d8   0x00000098   Code   RO         3862    i.timer_init        gd32f30x_timer.o
    0x08002170   0x08002170   0x00000146   Code   RO         3863    i.timer_input_capture_config  gd32f30x_timer.o
    0x080022b6   0x080022b6   0x00000164   Code   RO         3864    i.timer_input_pwm_capture_config  gd32f30x_timer.o
    0x0800241a   0x0800241a   0x00000008   Code   RO         3869    i.timer_interrupt_enable  gd32f30x_timer.o
    0x08002422   0x08002422   0x00000006   Code   RO         3870    i.timer_interrupt_flag_clear  gd32f30x_timer.o
    0x08002428   0x08002428   0x00000018   Code   RO         3871    i.timer_interrupt_flag_get  gd32f30x_timer.o
    0x08002440   0x08002440   0x00000018   Code   RO         3877    i.timer_primary_output_config  gd32f30x_timer.o
    0x08002458   0x08002458   0x00000016   Code   RO         3882    i.timer_struct_para_init  gd32f30x_timer.o
    0x0800246e   0x0800246e   0x00000002   PAD
    0x08002470   0x08002470   0x00000080   Code   RO          613    i.timerinit         drv_pwm.o
    0x080024f0   0x080024f0   0x0000007e   Code   RO          650    i.timerinit         drv_capture.o
    0x0800256e   0x0800256e   0x00000002   PAD
    0x08002570   0x08002570   0x0000000c   Code   RO          508    i.uart_callback     drv_uart.o
    0x0800257c   0x0800257c   0x0000002c   Code   RO          509    i.uart_gpio_init    drv_uart.o
    0x080025a8   0x080025a8   0x00000078   Code   RO          510    i.uart_init         drv_uart.o
    0x08002620   0x08002620   0x00000024   Code   RO          511    i.uart_send_char    drv_uart.o
    0x08002644   0x08002644   0x00000090   Code   RO         4257    i.usart_baudrate_set  gd32f30x_usart.o
    0x080026d4   0x080026d4   0x0000000a   Code   RO         4260    i.usart_data_receive  gd32f30x_usart.o
    0x080026de   0x080026de   0x00000008   Code   RO         4261    i.usart_data_transmit  gd32f30x_usart.o
    0x080026e6   0x080026e6   0x00000002   PAD
    0x080026e8   0x080026e8   0x00000090   Code   RO         4262    i.usart_deinit      gd32f30x_usart.o
    0x08002778   0x08002778   0x0000000a   Code   RO         4266    i.usart_enable      gd32f30x_usart.o
    0x08002782   0x08002782   0x0000001e   Code   RO         4268    i.usart_flag_get    gd32f30x_usart.o
    0x080027a0   0x080027a0   0x0000001a   Code   RO         4275    i.usart_interrupt_enable  gd32f30x_usart.o
    0x080027ba   0x080027ba   0x00000012   Code   RO         4276    i.usart_interrupt_flag_clear  gd32f30x_usart.o
    0x080027cc   0x080027cc   0x00000038   Code   RO         4277    i.usart_interrupt_flag_get  gd32f30x_usart.o
    0x08002804   0x08002804   0x00000010   Code   RO         4288    i.usart_parity_config  gd32f30x_usart.o
    0x08002814   0x08002814   0x00000014   Code   RO         4290    i.usart_receive_config  gd32f30x_usart.o
    0x08002828   0x08002828   0x00000010   Code   RO         4300    i.usart_stop_bit_set  gd32f30x_usart.o
    0x08002838   0x08002838   0x00000014   Code   RO         4304    i.usart_transmit_config  gd32f30x_usart.o
    0x0800284c   0x0800284c   0x00000010   Code   RO         4305    i.usart_word_length_set  gd32f30x_usart.o
    0x0800285c   0x0800285c   0x00000024   Data   RO          430    .constdata          drv_led.o
    0x08002880   0x08002880   0x00000030   Data   RO          471    .constdata          drv_key.o
    0x080028b0   0x080028b0   0x00000018   Data   RO          513    .constdata          drv_uart.o
    0x080028c8   0x080028c8   0x00000008   Data   RO          693    .constdata          drv_rtc.o
    0x080028d0   0x080028d0   0x0000000c   Data   RO         4632    .constdata          mc_w.l(mktime.o)
    0x080028dc   0x080028dc   0x0000000c   Data   RO         4924    .constdata          mc_w.l(localtime_i.o)
    0x080028e8   0x080028e8   0x00000020   Data   RO         4947    Region$$Table       anon$$obj.o


    Execution Region RW_IRAM1 (Exec base: 0x20000000, Load base: 0x08002908, Size: 0x00000620, Max: 0x00010000, ABSOLUTE)

    Exec Addr    Load Addr    Size         Type   Attr      Idx    E Section Name        Object

    0x20000000   0x08002908   0x0000000c   Data   RW          202    .data               sys_tick.o
    0x2000000c   0x08002914   0x00000004   PAD
    0x20000010   0x08002918   0x00000060   Data   RW          314    .data               task.o
    0x20000070   0x08002978   0x00000006   Data   RW          354    .data               app_uart.o
    0x20000076   0x0800297e   0x00000002   PAD
    0x20000078   0x08002980   0x00000004   Data   RW          514    .data               drv_uart.o
    0x2000007c   0x08002984   0x00000008   Data   RW          651    .data               drv_capture.o
    0x20000084   0x0800298c   0x00000004   Data   RW         4915    .data               mc_w.l(stdout.o)
    0x20000088        -       0x00000102   Zero   RW          353    .bss                app_uart.o
    0x2000018a   0x08002990   0x00000006   PAD
    0x20000190        -       0x00000060   Zero   RW          470    .bss                drv_key.o
    0x200001f0        -       0x0000002c   Zero   RW         4921    .bss                mc_w.l(localtime_w.o)
    0x2000021c   0x08002990   0x00000004   PAD
    0x20000220        -       0x00000400   Zero   RW            1    STACK               startup_gd32f30x_hd.o


==============================================================================

Image component sizes


      Code (inc. data)   RO Data    RW Data    ZI Data      Debug   Object Name

       656        408          0          0          0       1102   app_key.o
       526         54          0          6        258       5381   app_uart.o
        60         10          0          0          0       1685   delay.o
       238         14          0          8          0       2643   drv_capture.o
       638         14         48          0         96       3297   drv_key.o
       180         14         36          0          0       2190   drv_led.o
       172         10          0          0          0       1467   drv_pwm.o
       284          6          8          0          0       2189   drv_rtc.o
       308         32         24          4          0       4413   drv_uart.o
       120         12          0          0          0       1638   gd32f30x_bkp.o
       212          0          0          0          0       2525   gd32f30x_gpio.o
       216         20          0          0          0       1348   gd32f30x_misc.o
        20          6          0          0          0        478   gd32f30x_pmu.o
       844         78          0          0          0       6204   gd32f30x_rcu.o
       176         34          0          0          0       3527   gd32f30x_rtc.o
      2026         48          0          0          0      12664   gd32f30x_timer.o
       534         16          0          0          0       8282   gd32f30x_usart.o
        76          0          0          0          0       3079   main.o
        96          0          0          0          0       2039   queue.o
        36          8        304          0       1024        840   startup_gd32f30x_hd.o
       164         28          0         12          0      29075   sys_tick.o
       452         30          0          0          0      52969   system_gd32f30x.o
       216         14          0         96          0       2220   task.o

    ----------------------------------------------------------------------
      8266        856        452        132       1384     151255   Object Totals
         0          0         32          0          0          0   (incl. Generated)
        16          0          0          6          6          0   (incl. Padding)

    ----------------------------------------------------------------------

      Code (inc. data)   RO Data    RW Data    ZI Data      Debug   Library Member Name

         0          0          0          0          0          0   entry.o
         0          0          0          0          0          0   entry10a.o
         0          0          0          0          0          0   entry11a.o
         8          4          0          0          0          0   entry2.o
         4          0          0          0          0          0   entry5.o
         0          0          0          0          0          0   entry7b.o
         0          0          0          0          0          0   entry8b.o
         8          4          0          0          0          0   entry9a.o
        30          0          0          0          0          0   handlers.o
        36          8          0          0          0         68   init.o
        30          0          0          0          0         68   llshl.o
        32          0          0          0          0         68   llushr.o
       140          6         12          0          0         76   localtime_i.o
        12          6          0          0         44         68   localtime_w.o
        36          0          0          0          0        108   memseta.o
       168         18         12          0          0         80   mktime.o
      1154         54          0          0          0        352   printf8.o
         0          0          0          4          0          0   stdout.o
        98          0          0          0          0         92   uldiv.o

    ----------------------------------------------------------------------
      1762        100         24          4         48        980   Library Totals
         6          0          0          0          4          0   (incl. Padding)

    ----------------------------------------------------------------------

      Code (inc. data)   RO Data    RW Data    ZI Data      Debug   Library Name

      1756        100         24          4         44        980   mc_w.l

    ----------------------------------------------------------------------
      1762        100         24          4         48        980   Library Totals

    ----------------------------------------------------------------------

==============================================================================


      Code (inc. data)   RO Data    RW Data    ZI Data      Debug   

     10028        956        476        136       1432     141571   Grand Totals
     10028        956        476        136       1432     141571   ELF Image Totals
     10028        956        476        136          0          0   ROM Totals

==============================================================================

    Total RO  Size (Code + RO Data)                10504 (  10.26kB)
    Total RW  Size (RW Data + ZI Data)              1568 (   1.53kB)
    Total ROM Size (Code + RO Data + RW Data)      10640 (  10.39kB)

==============================================================================

